[2022-04-04T09:58:58.469-0400][gc,heap] Heap region size: 1M
[2022-04-04T09:58:58.480-0400][gc     ] Using G1
[2022-04-04T09:58:58.480-0400][gc,heap,coops] Heap address: 0x00000007c0000000, size: 1024 MB, Compressed Oops mode: Zero based, Oop shift amount: 3
[2022-04-04T09:58:59.935-0400][gc,start     ] GC(0) Pause Young (Concurrent Start) (Metadata GC Threshold)
[2022-04-04T09:58:59.936-0400][gc,task      ] GC(0) Using 8 workers of 8 for evacuation
[2022-04-04T09:58:59.944-0400][gc,phases    ] GC(0)   Pre Evacuate Collection Set: 0.0ms
[2022-04-04T09:58:59.944-0400][gc,phases    ] GC(0)   Evacuate Collection Set: 7.5ms
[2022-04-04T09:58:59.944-0400][gc,phases    ] GC(0)   Post Evacuate Collection Set: 0.4ms
[2022-04-04T09:58:59.944-0400][gc,phases    ] GC(0)   Other: 0.9ms
[2022-04-04T09:58:59.944-0400][gc,heap      ] GC(0) Eden regions: 42->0(44)
[2022-04-04T09:58:59.944-0400][gc,heap      ] GC(0) Survivor regions: 0->7(7)
[2022-04-04T09:58:59.944-0400][gc,heap      ] GC(0) Old regions: 0->0
[2022-04-04T09:58:59.944-0400][gc,heap      ] GC(0) Humongous regions: 0->0
[2022-04-04T09:58:59.944-0400][gc,metaspace ] GC(0) Metaspace: 20702K->20702K(1069056K)
[2022-04-04T09:58:59.944-0400][gc           ] GC(0) Pause Young (Concurrent Start) (Metadata GC Threshold) 42M->6M(1024M) 9.044ms
[2022-04-04T09:58:59.944-0400][gc,cpu       ] GC(0) User=0.02s Sys=0.00s Real=0.01s
[2022-04-04T09:58:59.944-0400][gc           ] GC(1) Concurrent Cycle
[2022-04-04T09:58:59.944-0400][gc,marking   ] GC(1) Concurrent Clear Claimed Marks
[2022-04-04T09:58:59.944-0400][gc,marking   ] GC(1) Concurrent Clear Claimed Marks 0.023ms
[2022-04-04T09:58:59.944-0400][gc,marking   ] GC(1) Concurrent Scan Root Regions
[2022-04-04T09:58:59.946-0400][gc,marking   ] GC(1) Concurrent Scan Root Regions 1.766ms
[2022-04-04T09:58:59.946-0400][gc,marking   ] GC(1) Concurrent Mark (1.492s)
[2022-04-04T09:58:59.946-0400][gc,marking   ] GC(1) Concurrent Mark From Roots
[2022-04-04T09:58:59.946-0400][gc,task      ] GC(1) Using 2 workers of 2 for marking
[2022-04-04T09:58:59.946-0400][gc,marking   ] GC(1) Concurrent Mark From Roots 0.173ms
[2022-04-04T09:58:59.946-0400][gc,marking   ] GC(1) Concurrent Preclean
[2022-04-04T09:58:59.946-0400][gc,marking   ] GC(1) Concurrent Preclean 0.037ms
[2022-04-04T09:58:59.946-0400][gc,marking   ] GC(1) Concurrent Mark (1.492s, 1.492s) 0.282ms
[2022-04-04T09:58:59.946-0400][gc,start     ] GC(1) Pause Remark
[2022-04-04T09:58:59.949-0400][gc,stringtable] GC(1) Cleaned string and symbol table, strings: 7229 processed, 0 removed, symbols: 63703 processed, 43 removed
[2022-04-04T09:58:59.949-0400][gc            ] GC(1) Pause Remark 7M->7M(1024M) 2.555ms
[2022-04-04T09:58:59.949-0400][gc,cpu        ] GC(1) User=0.01s Sys=0.00s Real=0.00s
[2022-04-04T09:58:59.949-0400][gc,marking    ] GC(1) Concurrent Rebuild Remembered Sets
[2022-04-04T09:58:59.949-0400][gc,marking    ] GC(1) Concurrent Rebuild Remembered Sets 0.093ms
[2022-04-04T09:58:59.949-0400][gc,start      ] GC(1) Pause Cleanup
[2022-04-04T09:58:59.950-0400][gc            ] GC(1) Pause Cleanup 7M->7M(1024M) 0.188ms
[2022-04-04T09:58:59.950-0400][gc,cpu        ] GC(1) User=0.00s Sys=0.00s Real=0.01s
[2022-04-04T09:58:59.950-0400][gc,marking    ] GC(1) Concurrent Cleanup for Next Mark
[2022-04-04T09:58:59.956-0400][gc,marking    ] GC(1) Concurrent Cleanup for Next Mark 5.717ms
[2022-04-04T09:58:59.956-0400][gc            ] GC(1) Concurrent Cycle 11.539ms
[2022-04-04T09:59:01.435-0400][gc,start      ] GC(2) Pause Young (Normal) (G1 Evacuation Pause)
[2022-04-04T09:59:01.435-0400][gc,task       ] GC(2) Using 8 workers of 8 for evacuation
[2022-04-04T09:59:01.446-0400][gc,phases     ] GC(2)   Pre Evacuate Collection Set: 0.0ms
[2022-04-04T09:59:01.446-0400][gc,phases     ] GC(2)   Evacuate Collection Set: 10.0ms
[2022-04-04T09:59:01.446-0400][gc,phases     ] GC(2)   Post Evacuate Collection Set: 1.0ms
[2022-04-04T09:59:01.446-0400][gc,phases     ] GC(2)   Other: 0.2ms
[2022-04-04T09:59:01.446-0400][gc,heap       ] GC(2) Eden regions: 44->0(49)
[2022-04-04T09:59:01.446-0400][gc,heap       ] GC(2) Survivor regions: 7->2(7)
[2022-04-04T09:59:01.446-0400][gc,heap       ] GC(2) Old regions: 0->7
[2022-04-04T09:59:01.446-0400][gc,heap       ] GC(2) Humongous regions: 0->0
[2022-04-04T09:59:01.446-0400][gc,metaspace  ] GC(2) Metaspace: 31093K->31093K(1077248K)
[2022-04-04T09:59:01.446-0400][gc            ] GC(2) Pause Young (Normal) (G1 Evacuation Pause) 50M->8M(1024M) 11.415ms
[2022-04-04T09:59:01.446-0400][gc,cpu        ] GC(2) User=0.06s Sys=0.01s Real=0.01s
[2022-04-04T09:59:02.634-0400][gc,start      ] GC(3) Pause Young (Concurrent Start) (Metadata GC Threshold)
[2022-04-04T09:59:02.634-0400][gc,task       ] GC(3) Using 8 workers of 8 for evacuation
[2022-04-04T09:59:02.638-0400][gc,phases     ] GC(3)   Pre Evacuate Collection Set: 0.0ms
[2022-04-04T09:59:02.638-0400][gc,phases     ] GC(3)   Evacuate Collection Set: 3.3ms
[2022-04-04T09:59:02.638-0400][gc,phases     ] GC(3)   Post Evacuate Collection Set: 0.4ms
[2022-04-04T09:59:02.638-0400][gc,phases     ] GC(3)   Other: 0.2ms
[2022-04-04T09:59:02.638-0400][gc,heap       ] GC(3) Eden regions: 25->0(47)
[2022-04-04T09:59:02.638-0400][gc,heap       ] GC(3) Survivor regions: 2->4(7)
[2022-04-04T09:59:02.638-0400][gc,heap       ] GC(3) Old regions: 7->7
[2022-04-04T09:59:02.638-0400][gc,heap       ] GC(3) Humongous regions: 129->129
[2022-04-04T09:59:02.638-0400][gc,metaspace  ] GC(3) Metaspace: 34521K->34521K(1081344K)
[2022-04-04T09:59:02.638-0400][gc            ] GC(3) Pause Young (Concurrent Start) (Metadata GC Threshold) 161M->138M(1024M) 4.077ms
[2022-04-04T09:59:02.638-0400][gc,cpu        ] GC(3) User=0.02s Sys=0.00s Real=0.00s
[2022-04-04T09:59:02.638-0400][gc            ] GC(4) Concurrent Cycle
[2022-04-04T09:59:02.638-0400][gc,marking    ] GC(4) Concurrent Clear Claimed Marks
[2022-04-04T09:59:02.638-0400][gc,marking    ] GC(4) Concurrent Clear Claimed Marks 0.034ms
[2022-04-04T09:59:02.638-0400][gc,marking    ] GC(4) Concurrent Scan Root Regions
[2022-04-04T09:59:02.640-0400][gc,marking    ] GC(4) Concurrent Scan Root Regions 1.412ms
[2022-04-04T09:59:02.640-0400][gc,marking    ] GC(4) Concurrent Mark (4.186s)
[2022-04-04T09:59:02.640-0400][gc,marking    ] GC(4) Concurrent Mark From Roots
[2022-04-04T09:59:02.640-0400][gc,task       ] GC(4) Using 2 workers of 2 for marking
[2022-04-04T09:59:02.645-0400][gc,marking    ] GC(4) Concurrent Mark From Roots 4.723ms
[2022-04-04T09:59:02.645-0400][gc,marking    ] GC(4) Concurrent Preclean
[2022-04-04T09:59:02.645-0400][gc,marking    ] GC(4) Concurrent Preclean 0.066ms
[2022-04-04T09:59:02.645-0400][gc,marking    ] GC(4) Concurrent Mark (4.186s, 4.191s) 4.869ms
[2022-04-04T09:59:02.645-0400][gc,start      ] GC(4) Pause Remark
[2022-04-04T09:59:02.648-0400][gc,stringtable] GC(4) Cleaned string and symbol table, strings: 10640 processed, 10 removed, symbols: 95395 processed, 32 removed
[2022-04-04T09:59:02.648-0400][gc            ] GC(4) Pause Remark 139M->139M(1024M) 3.181ms
[2022-04-04T09:59:02.648-0400][gc,cpu        ] GC(4) User=0.02s Sys=0.00s Real=0.00s
[2022-04-04T09:59:02.648-0400][gc,marking    ] GC(4) Concurrent Rebuild Remembered Sets
[2022-04-04T09:59:02.651-0400][gc,marking    ] GC(4) Concurrent Rebuild Remembered Sets 3.239ms
[2022-04-04T09:59:02.652-0400][gc,start      ] GC(4) Pause Cleanup
[2022-04-04T09:59:02.652-0400][gc            ] GC(4) Pause Cleanup 139M->139M(1024M) 0.162ms
[2022-04-04T09:59:02.652-0400][gc,cpu        ] GC(4) User=0.00s Sys=0.00s Real=0.00s
[2022-04-04T09:59:02.652-0400][gc,marking    ] GC(4) Concurrent Cleanup for Next Mark
[2022-04-04T09:59:02.657-0400][gc,marking    ] GC(4) Concurrent Cleanup for Next Mark 5.244ms
[2022-04-04T09:59:02.657-0400][gc            ] GC(4) Concurrent Cycle 18.839ms
[2022-04-04T09:59:03.350-0400][gc,start      ] GC(5) Pause Young (Normal) (G1 Evacuation Pause)
[2022-04-04T09:59:03.350-0400][gc,task       ] GC(5) Using 8 workers of 8 for evacuation
[2022-04-04T09:59:03.355-0400][gc,phases     ] GC(5)   Pre Evacuate Collection Set: 0.0ms
[2022-04-04T09:59:03.355-0400][gc,phases     ] GC(5)   Evacuate Collection Set: 4.8ms
[2022-04-04T09:59:03.355-0400][gc,phases     ] GC(5)   Post Evacuate Collection Set: 0.5ms
[2022-04-04T09:59:03.355-0400][gc,phases     ] GC(5)   Other: 0.2ms
[2022-04-04T09:59:03.355-0400][gc,heap       ] GC(5) Eden regions: 47->0(44)
[2022-04-04T09:59:03.355-0400][gc,heap       ] GC(5) Survivor regions: 4->7(7)
[2022-04-04T09:59:03.355-0400][gc,heap       ] GC(5) Old regions: 7->7
[2022-04-04T09:59:03.355-0400][gc,heap       ] GC(5) Humongous regions: 129->129
[2022-04-04T09:59:03.355-0400][gc,metaspace  ] GC(5) Metaspace: 42761K->42761K(1087488K)
[2022-04-04T09:59:03.355-0400][gc            ] GC(5) Pause Young (Normal) (G1 Evacuation Pause) 185M->142M(1024M) 5.665ms
[2022-04-04T09:59:03.355-0400][gc,cpu        ] GC(5) User=0.03s Sys=0.01s Real=0.00s
[2022-04-04T10:01:45.224-0400][gc,start      ] GC(6) Pause Young (Normal) (G1 Evacuation Pause)
[2022-04-04T10:01:45.224-0400][gc,task       ] GC(6) Using 8 workers of 8 for evacuation
[2022-04-04T10:01:45.238-0400][gc,phases     ] GC(6)   Pre Evacuate Collection Set: 0.0ms
[2022-04-04T10:01:45.238-0400][gc,phases     ] GC(6)   Evacuate Collection Set: 12.6ms
[2022-04-04T10:01:45.238-0400][gc,phases     ] GC(6)   Post Evacuate Collection Set: 1.1ms
[2022-04-04T10:01:45.238-0400][gc,phases     ] GC(6)   Other: 0.7ms
[2022-04-04T10:01:45.238-0400][gc,heap       ] GC(6) Eden regions: 44->0(48)
[2022-04-04T10:01:45.238-0400][gc,heap       ] GC(6) Survivor regions: 7->3(7)
[2022-04-04T10:01:45.238-0400][gc,heap       ] GC(6) Old regions: 7->13
[2022-04-04T10:01:45.238-0400][gc,heap       ] GC(6) Humongous regions: 177->129
[2022-04-04T10:01:45.238-0400][gc,metaspace  ] GC(6) Metaspace: 50243K->50243K(1093632K)
[2022-04-04T10:01:45.238-0400][gc            ] GC(6) Pause Young (Normal) (G1 Evacuation Pause) 234M->144M(1024M) 14.672ms
[2022-04-04T10:01:45.238-0400][gc,cpu        ] GC(6) User=0.05s Sys=0.00s Real=0.01s
[2022-04-04T10:26:03.027-0400][gc,start      ] GC(7) Pause Young (Normal) (G1 Evacuation Pause)
[2022-04-04T10:26:03.027-0400][gc,task       ] GC(7) Using 8 workers of 8 for evacuation
[2022-04-04T10:26:03.051-0400][gc,mmu        ] GC(7) MMU target violated: 21.0ms (20.0ms/21.0ms)
[2022-04-04T10:26:03.051-0400][gc,phases     ] GC(7)   Pre Evacuate Collection Set: 0.9ms
[2022-04-04T10:26:03.051-0400][gc,phases     ] GC(7)   Evacuate Collection Set: 21.1ms
[2022-04-04T10:26:03.051-0400][gc,phases     ] GC(7)   Post Evacuate Collection Set: 1.1ms
[2022-04-04T10:26:03.051-0400][gc,phases     ] GC(7)   Other: 1.0ms
[2022-04-04T10:26:03.051-0400][gc,heap       ] GC(7) Eden regions: 48->0(47)
[2022-04-04T10:26:03.051-0400][gc,heap       ] GC(7) Survivor regions: 3->4(7)
[2022-04-04T10:26:03.051-0400][gc,heap       ] GC(7) Old regions: 13->13
[2022-04-04T10:26:03.051-0400][gc,heap       ] GC(7) Humongous regions: 129->129
[2022-04-04T10:26:03.051-0400][gc,metaspace  ] GC(7) Metaspace: 51644K->51644K(1095680K)
[2022-04-04T10:26:03.051-0400][gc            ] GC(7) Pause Young (Normal) (G1 Evacuation Pause) 192M->145M(1024M) 24.409ms
[2022-04-04T10:26:03.051-0400][gc,cpu        ] GC(7) User=0.04s Sys=0.07s Real=0.03s
[2022-04-04T10:54:19.588-0400][gc,start      ] GC(8) Pause Young (Normal) (G1 Evacuation Pause)
[2022-04-04T10:54:19.589-0400][gc,task       ] GC(8) Using 8 workers of 8 for evacuation
[2022-04-04T10:54:19.625-0400][gc,mmu        ] GC(8) MMU target violated: 21.0ms (20.0ms/21.0ms)
[2022-04-04T10:54:19.625-0400][gc,phases     ] GC(8)   Pre Evacuate Collection Set: 2.3ms
[2022-04-04T10:54:19.625-0400][gc,phases     ] GC(8)   Evacuate Collection Set: 31.9ms
[2022-04-04T10:54:19.625-0400][gc,phases     ] GC(8)   Post Evacuate Collection Set: 0.9ms
[2022-04-04T10:54:19.625-0400][gc,phases     ] GC(8)   Other: 2.7ms
[2022-04-04T10:54:19.625-0400][gc,heap       ] GC(8) Eden regions: 47->0(47)
[2022-04-04T10:54:19.625-0400][gc,heap       ] GC(8) Survivor regions: 4->4(7)
[2022-04-04T10:54:19.625-0400][gc,heap       ] GC(8) Old regions: 13->13
[2022-04-04T10:54:19.625-0400][gc,heap       ] GC(8) Humongous regions: 129->129
[2022-04-04T10:54:19.625-0400][gc,metaspace  ] GC(8) Metaspace: 52088K->52088K(1095680K)
[2022-04-04T10:54:19.626-0400][gc            ] GC(8) Pause Young (Normal) (G1 Evacuation Pause) 192M->145M(1024M) 37.784ms
[2022-04-04T10:54:19.626-0400][gc,cpu        ] GC(8) User=0.04s Sys=0.12s Real=0.04s
[2022-04-04T11:30:44.900-0400][gc,start      ] GC(9) Pause Young (Normal) (G1 Evacuation Pause)
[2022-04-04T11:30:44.900-0400][gc,task       ] GC(9) Using 8 workers of 8 for evacuation
[2022-04-04T11:30:44.932-0400][gc,mmu        ] GC(9) MMU target violated: 21.0ms (20.0ms/21.0ms)
[2022-04-04T11:30:44.933-0400][gc,phases     ] GC(9)   Pre Evacuate Collection Set: 1.2ms
[2022-04-04T11:30:44.933-0400][gc,phases     ] GC(9)   Evacuate Collection Set: 28.7ms
[2022-04-04T11:30:44.933-0400][gc,phases     ] GC(9)   Post Evacuate Collection Set: 0.9ms
[2022-04-04T11:30:44.933-0400][gc,phases     ] GC(9)   Other: 3.1ms
[2022-04-04T11:30:44.933-0400][gc,heap       ] GC(9) Eden regions: 47->0(47)
[2022-04-04T11:30:44.933-0400][gc,heap       ] GC(9) Survivor regions: 4->4(7)
[2022-04-04T11:30:44.933-0400][gc,heap       ] GC(9) Old regions: 13->13
[2022-04-04T11:30:44.933-0400][gc,heap       ] GC(9) Humongous regions: 129->129
[2022-04-04T11:30:44.933-0400][gc,metaspace  ] GC(9) Metaspace: 52180K->52180K(1095680K)
[2022-04-04T11:30:44.934-0400][gc            ] GC(9) Pause Young (Normal) (G1 Evacuation Pause) 192M->145M(1024M) 34.039ms
[2022-04-04T11:30:44.934-0400][gc,cpu        ] GC(9) User=0.05s Sys=0.09s Real=0.03s
[2022-04-04T12:07:21.011-0400][gc,start      ] GC(10) Pause Young (Normal) (G1 Evacuation Pause)
[2022-04-04T12:07:21.012-0400][gc,task       ] GC(10) Using 8 workers of 8 for evacuation
[2022-04-04T12:07:21.044-0400][gc,mmu        ] GC(10) MMU target violated: 21.0ms (20.0ms/21.0ms)
[2022-04-04T12:07:21.044-0400][gc,phases     ] GC(10)   Pre Evacuate Collection Set: 1.6ms
[2022-04-04T12:07:21.044-0400][gc,phases     ] GC(10)   Evacuate Collection Set: 28.6ms
[2022-04-04T12:07:21.044-0400][gc,phases     ] GC(10)   Post Evacuate Collection Set: 0.9ms
[2022-04-04T12:07:21.044-0400][gc,phases     ] GC(10)   Other: 1.9ms
[2022-04-04T12:07:21.044-0400][gc,heap       ] GC(10) Eden regions: 47->0(47)
[2022-04-04T12:07:21.044-0400][gc,heap       ] GC(10) Survivor regions: 4->4(7)
[2022-04-04T12:07:21.044-0400][gc,heap       ] GC(10) Old regions: 13->13
[2022-04-04T12:07:21.044-0400][gc,heap       ] GC(10) Humongous regions: 129->129
[2022-04-04T12:07:21.044-0400][gc,metaspace  ] GC(10) Metaspace: 52228K->52228K(1095680K)
[2022-04-04T12:07:21.044-0400][gc            ] GC(10) Pause Young (Normal) (G1 Evacuation Pause) 192M->145M(1024M) 33.053ms
[2022-04-04T12:07:21.044-0400][gc,cpu        ] GC(10) User=0.05s Sys=0.10s Real=0.03s
[2022-04-04T13:20:41.840-0400][gc,start      ] GC(11) Pause Young (Normal) (G1 Evacuation Pause)
[2022-04-04T13:20:41.841-0400][gc,task       ] GC(11) Using 8 workers of 8 for evacuation
[2022-04-04T13:20:41.875-0400][gc,mmu        ] GC(11) MMU target violated: 21.0ms (20.0ms/21.0ms)
[2022-04-04T13:20:41.875-0400][gc,phases     ] GC(11)   Pre Evacuate Collection Set: 2.5ms
[2022-04-04T13:20:41.875-0400][gc,phases     ] GC(11)   Evacuate Collection Set: 28.5ms
[2022-04-04T13:20:41.875-0400][gc,phases     ] GC(11)   Post Evacuate Collection Set: 0.9ms
[2022-04-04T13:20:41.875-0400][gc,phases     ] GC(11)   Other: 5.4ms
[2022-04-04T13:20:41.875-0400][gc,heap       ] GC(11) Eden regions: 47->0(47)
[2022-04-04T13:20:41.876-0400][gc,heap       ] GC(11) Survivor regions: 4->4(7)
[2022-04-04T13:20:41.876-0400][gc,heap       ] GC(11) Old regions: 13->13
[2022-04-04T13:20:41.876-0400][gc,heap       ] GC(11) Humongous regions: 129->129
[2022-04-04T13:20:41.876-0400][gc,metaspace  ] GC(11) Metaspace: 52294K->52294K(1095680K)
[2022-04-04T13:20:41.876-0400][gc            ] GC(11) Pause Young (Normal) (G1 Evacuation Pause) 192M->145M(1024M) 35.913ms
[2022-04-04T13:20:41.876-0400][gc,cpu        ] GC(11) User=0.06s Sys=0.10s Real=0.03s
[2022-04-04T13:57:13.436-0400][gc,start      ] GC(12) Pause Young (Normal) (G1 Evacuation Pause)
[2022-04-04T13:57:13.437-0400][gc,task       ] GC(12) Using 8 workers of 8 for evacuation
[2022-04-04T13:57:13.464-0400][gc,mmu        ] GC(12) MMU target violated: 21.0ms (20.0ms/21.0ms)
[2022-04-04T13:57:13.464-0400][gc,phases     ] GC(12)   Pre Evacuate Collection Set: 1.1ms
[2022-04-04T13:57:13.464-0400][gc,phases     ] GC(12)   Evacuate Collection Set: 24.6ms
[2022-04-04T13:57:13.464-0400][gc,phases     ] GC(12)   Post Evacuate Collection Set: 0.9ms
[2022-04-04T13:57:13.464-0400][gc,phases     ] GC(12)   Other: 2.3ms
[2022-04-04T13:57:13.464-0400][gc,heap       ] GC(12) Eden regions: 47->0(47)
[2022-04-04T13:57:13.464-0400][gc,heap       ] GC(12) Survivor regions: 4->4(7)
[2022-04-04T13:57:13.464-0400][gc,heap       ] GC(12) Old regions: 13->13
[2022-04-04T13:57:13.464-0400][gc,heap       ] GC(12) Humongous regions: 129->129
[2022-04-04T13:57:13.464-0400][gc,metaspace  ] GC(12) Metaspace: 52300K->52300K(1095680K)
[2022-04-04T13:57:13.464-0400][gc            ] GC(12) Pause Young (Normal) (G1 Evacuation Pause) 192M->145M(1024M) 28.108ms
[2022-04-04T13:57:13.464-0400][gc,cpu        ] GC(12) User=0.05s Sys=0.09s Real=0.03s
[2022-04-04T14:34:10.587-0400][gc,start      ] GC(13) Pause Young (Normal) (G1 Evacuation Pause)
[2022-04-04T14:34:10.589-0400][gc,task       ] GC(13) Using 8 workers of 8 for evacuation
[2022-04-04T14:34:10.632-0400][gc,mmu        ] GC(13) MMU target violated: 21.0ms (20.0ms/21.0ms)
[2022-04-04T14:34:10.632-0400][gc,phases     ] GC(13)   Pre Evacuate Collection Set: 3.8ms
[2022-04-04T14:34:10.632-0400][gc,phases     ] GC(13)   Evacuate Collection Set: 35.7ms
[2022-04-04T14:34:10.632-0400][gc,phases     ] GC(13)   Post Evacuate Collection Set: 1.7ms
[2022-04-04T14:34:10.632-0400][gc,phases     ] GC(13)   Other: 3.4ms
[2022-04-04T14:34:10.632-0400][gc,heap       ] GC(13) Eden regions: 47->0(47)
[2022-04-04T14:34:10.632-0400][gc,heap       ] GC(13) Survivor regions: 4->4(7)
[2022-04-04T14:34:10.632-0400][gc,heap       ] GC(13) Old regions: 13->13
[2022-04-04T14:34:10.632-0400][gc,heap       ] GC(13) Humongous regions: 129->129
[2022-04-04T14:34:10.632-0400][gc,metaspace  ] GC(13) Metaspace: 52319K->52319K(1095680K)
[2022-04-04T14:34:10.632-0400][gc            ] GC(13) Pause Young (Normal) (G1 Evacuation Pause) 192M->145M(1024M) 44.483ms
[2022-04-04T14:34:10.632-0400][gc,cpu        ] GC(13) User=0.06s Sys=0.13s Real=0.05s
[2022-04-04T15:11:11.510-0400][gc,start      ] GC(14) Pause Young (Normal) (G1 Evacuation Pause)
[2022-04-04T15:11:11.511-0400][gc,task       ] GC(14) Using 8 workers of 8 for evacuation
[2022-04-04T15:11:11.558-0400][gc,mmu        ] GC(14) MMU target violated: 21.0ms (20.0ms/21.0ms)
[2022-04-04T15:11:11.558-0400][gc,phases     ] GC(14)   Pre Evacuate Collection Set: 1.4ms
[2022-04-04T15:11:11.558-0400][gc,phases     ] GC(14)   Evacuate Collection Set: 37.4ms
[2022-04-04T15:11:11.558-0400][gc,phases     ] GC(14)   Post Evacuate Collection Set: 7.8ms
[2022-04-04T15:11:11.558-0400][gc,phases     ] GC(14)   Other: 2.1ms
[2022-04-04T15:11:11.558-0400][gc,heap       ] GC(14) Eden regions: 47->0(47)
[2022-04-04T15:11:11.558-0400][gc,heap       ] GC(14) Survivor regions: 4->4(7)
[2022-04-04T15:11:11.558-0400][gc,heap       ] GC(14) Old regions: 13->13
[2022-04-04T15:11:11.558-0400][gc,heap       ] GC(14) Humongous regions: 129->129
[2022-04-04T15:11:11.558-0400][gc,metaspace  ] GC(14) Metaspace: 52344K->52344K(1097728K)
[2022-04-04T15:11:11.559-0400][gc            ] GC(14) Pause Young (Normal) (G1 Evacuation Pause) 192M->145M(1024M) 48.658ms
[2022-04-04T15:11:11.559-0400][gc,cpu        ] GC(14) User=0.05s Sys=0.07s Real=0.04s
[2022-04-04T15:48:23.292-0400][gc,start      ] GC(15) Pause Young (Normal) (G1 Evacuation Pause)
[2022-04-04T15:48:23.292-0400][gc,task       ] GC(15) Using 8 workers of 8 for evacuation
[2022-04-04T15:48:23.329-0400][gc,mmu        ] GC(15) MMU target violated: 21.0ms (20.0ms/21.0ms)
[2022-04-04T15:48:23.329-0400][gc,phases     ] GC(15)   Pre Evacuate Collection Set: 1.1ms
[2022-04-04T15:48:23.329-0400][gc,phases     ] GC(15)   Evacuate Collection Set: 31.5ms
[2022-04-04T15:48:23.329-0400][gc,phases     ] GC(15)   Post Evacuate Collection Set: 3.7ms
[2022-04-04T15:48:23.330-0400][gc,phases     ] GC(15)   Other: 1.4ms
[2022-04-04T15:48:23.330-0400][gc,heap       ] GC(15) Eden regions: 47->0(47)
[2022-04-04T15:48:23.330-0400][gc,heap       ] GC(15) Survivor regions: 4->4(7)
[2022-04-04T15:48:23.330-0400][gc,heap       ] GC(15) Old regions: 13->13
[2022-04-04T15:48:23.330-0400][gc,heap       ] GC(15) Humongous regions: 129->129
[2022-04-04T15:48:23.330-0400][gc,metaspace  ] GC(15) Metaspace: 52347K->52347K(1097728K)
[2022-04-04T15:48:23.330-0400][gc            ] GC(15) Pause Young (Normal) (G1 Evacuation Pause) 192M->145M(1024M) 38.069ms
[2022-04-04T15:48:23.330-0400][gc,cpu        ] GC(15) User=0.05s Sys=0.08s Real=0.04s
[2022-04-04T16:25:29.862-0400][gc,start      ] GC(16) Pause Young (Normal) (G1 Evacuation Pause)
[2022-04-04T16:25:29.863-0400][gc,task       ] GC(16) Using 8 workers of 8 for evacuation
[2022-04-04T16:25:29.900-0400][gc,mmu        ] GC(16) MMU target violated: 21.0ms (20.0ms/21.0ms)
[2022-04-04T16:25:29.900-0400][gc,phases     ] GC(16)   Pre Evacuate Collection Set: 2.7ms
[2022-04-04T16:25:29.900-0400][gc,phases     ] GC(16)   Evacuate Collection Set: 32.3ms
[2022-04-04T16:25:29.900-0400][gc,phases     ] GC(16)   Post Evacuate Collection Set: 0.9ms
[2022-04-04T16:25:29.900-0400][gc,phases     ] GC(16)   Other: 2.6ms
[2022-04-04T16:25:29.900-0400][gc,heap       ] GC(16) Eden regions: 47->0(47)
[2022-04-04T16:25:29.900-0400][gc,heap       ] GC(16) Survivor regions: 4->4(7)
[2022-04-04T16:25:29.900-0400][gc,heap       ] GC(16) Old regions: 13->13
[2022-04-04T16:25:29.900-0400][gc,heap       ] GC(16) Humongous regions: 129->129
[2022-04-04T16:25:29.900-0400][gc,metaspace  ] GC(16) Metaspace: 52349K->52349K(1097728K)
[2022-04-04T16:25:29.900-0400][gc            ] GC(16) Pause Young (Normal) (G1 Evacuation Pause) 192M->145M(1024M) 38.410ms
[2022-04-04T16:25:29.900-0400][gc,cpu        ] GC(16) User=0.06s Sys=0.11s Real=0.04s
[2022-04-04T17:14:50.740-0400][gc,start      ] GC(17) Pause Young (Normal) (G1 Evacuation Pause)
[2022-04-04T17:14:50.741-0400][gc,task       ] GC(17) Using 8 workers of 8 for evacuation
[2022-04-04T17:14:50.771-0400][gc,mmu        ] GC(17) MMU target violated: 21.0ms (20.0ms/21.0ms)
[2022-04-04T17:14:50.771-0400][gc,phases     ] GC(17)   Pre Evacuate Collection Set: 1.0ms
[2022-04-04T17:14:50.771-0400][gc,phases     ] GC(17)   Evacuate Collection Set: 25.8ms
[2022-04-04T17:14:50.771-0400][gc,phases     ] GC(17)   Post Evacuate Collection Set: 2.0ms
[2022-04-04T17:14:50.771-0400][gc,phases     ] GC(17)   Other: 1.9ms
[2022-04-04T17:14:50.771-0400][gc,heap       ] GC(17) Eden regions: 47->0(47)
[2022-04-04T17:14:50.771-0400][gc,heap       ] GC(17) Survivor regions: 4->4(7)
[2022-04-04T17:14:50.771-0400][gc,heap       ] GC(17) Old regions: 13->13
[2022-04-04T17:14:50.771-0400][gc,heap       ] GC(17) Humongous regions: 129->129
[2022-04-04T17:14:50.771-0400][gc,metaspace  ] GC(17) Metaspace: 52363K->52363K(1097728K)
[2022-04-04T17:14:50.771-0400][gc            ] GC(17) Pause Young (Normal) (G1 Evacuation Pause) 192M->145M(1024M) 30.782ms
[2022-04-04T17:14:50.771-0400][gc,cpu        ] GC(17) User=0.06s Sys=0.09s Real=0.03s
[2022-04-04T19:10:50.198-0400][gc,start      ] GC(18) Pause Young (Normal) (G1 Evacuation Pause)
[2022-04-04T19:10:50.201-0400][gc,task       ] GC(18) Using 8 workers of 8 for evacuation
[2022-04-04T19:10:50.865-0400][gc,mmu        ] GC(18) MMU target violated: 21.0ms (20.0ms/21.0ms)
[2022-04-04T19:10:50.865-0400][gc,phases     ] GC(18)   Pre Evacuate Collection Set: 22.2ms
[2022-04-04T19:10:50.865-0400][gc,phases     ] GC(18)   Evacuate Collection Set: 572.5ms
[2022-04-04T19:10:50.866-0400][gc,phases     ] GC(18)   Post Evacuate Collection Set: 49.0ms
[2022-04-04T19:10:50.866-0400][gc,phases     ] GC(18)   Other: 25.0ms
[2022-04-04T19:10:50.867-0400][gc,heap       ] GC(18) Eden regions: 47->0(47)
[2022-04-04T19:10:50.867-0400][gc,heap       ] GC(18) Survivor regions: 4->4(7)
[2022-04-04T19:10:50.867-0400][gc,heap       ] GC(18) Old regions: 13->13
[2022-04-04T19:10:50.867-0400][gc,heap       ] GC(18) Humongous regions: 129->129
[2022-04-04T19:10:50.868-0400][gc,metaspace  ] GC(18) Metaspace: 52365K->52365K(1097728K)
[2022-04-04T19:10:50.868-0400][gc            ] GC(18) Pause Young (Normal) (G1 Evacuation Pause) 192M->145M(1024M) 670.710ms
[2022-04-04T19:10:50.869-0400][gc,cpu        ] GC(18) User=0.80s Sys=1.07s Real=0.67s
[2022-04-04T20:02:15.999-0400][gc,start      ] GC(19) Pause Young (Normal) (G1 Evacuation Pause)
[2022-04-04T20:02:15.999-0400][gc,task       ] GC(19) Using 8 workers of 8 for evacuation
[2022-04-04T20:02:16.006-0400][gc,phases     ] GC(19)   Pre Evacuate Collection Set: 0.0ms
[2022-04-04T20:02:16.006-0400][gc,phases     ] GC(19)   Evacuate Collection Set: 5.1ms
[2022-04-04T20:02:16.006-0400][gc,phases     ] GC(19)   Post Evacuate Collection Set: 1.8ms
[2022-04-04T20:02:16.006-0400][gc,phases     ] GC(19)   Other: 0.9ms
[2022-04-04T20:02:16.006-0400][gc,heap       ] GC(19) Eden regions: 47->0(47)
[2022-04-04T20:02:16.006-0400][gc,heap       ] GC(19) Survivor regions: 4->4(7)
[2022-04-04T20:02:16.006-0400][gc,heap       ] GC(19) Old regions: 13->13
[2022-04-04T20:02:16.006-0400][gc,heap       ] GC(19) Humongous regions: 129->129
[2022-04-04T20:02:16.006-0400][gc,metaspace  ] GC(19) Metaspace: 52372K->52372K(1097728K)
[2022-04-04T20:02:16.006-0400][gc            ] GC(19) Pause Young (Normal) (G1 Evacuation Pause) 192M->145M(1024M) 7.968ms
[2022-04-04T20:02:16.007-0400][gc,cpu        ] GC(19) User=0.04s Sys=0.00s Real=0.01s
[2022-04-04T21:23:44.349-0400][gc,start      ] GC(20) Pause Young (Normal) (G1 Evacuation Pause)
[2022-04-04T21:23:44.351-0400][gc,task       ] GC(20) Using 8 workers of 8 for evacuation
[2022-04-04T21:23:44.720-0400][gc,mmu        ] GC(20) MMU target violated: 21.0ms (20.0ms/21.0ms)
[2022-04-04T21:23:44.721-0400][gc,phases     ] GC(20)   Pre Evacuate Collection Set: 12.5ms
[2022-04-04T21:23:44.721-0400][gc,phases     ] GC(20)   Evacuate Collection Set: 331.2ms
[2022-04-04T21:23:44.722-0400][gc,phases     ] GC(20)   Post Evacuate Collection Set: 23.6ms
[2022-04-04T21:23:44.722-0400][gc,phases     ] GC(20)   Other: 5.5ms
[2022-04-04T21:23:44.722-0400][gc,heap       ] GC(20) Eden regions: 47->0(47)
[2022-04-04T21:23:44.723-0400][gc,heap       ] GC(20) Survivor regions: 4->4(7)
[2022-04-04T21:23:44.723-0400][gc,heap       ] GC(20) Old regions: 13->13
[2022-04-04T21:23:44.723-0400][gc,heap       ] GC(20) Humongous regions: 129->129
[2022-04-04T21:23:44.723-0400][gc,metaspace  ] GC(20) Metaspace: 52904K->52904K(1097728K)
[2022-04-04T21:23:44.724-0400][gc            ] GC(20) Pause Young (Normal) (G1 Evacuation Pause) 192M->145M(1024M) 375.109ms
[2022-04-04T21:23:44.724-0400][gc,cpu        ] GC(20) User=0.57s Sys=0.86s Real=0.38s
[2022-04-04T23:31:54.528-0400][gc,start      ] GC(21) Pause Young (Normal) (G1 Evacuation Pause)
[2022-04-04T23:31:54.530-0400][gc,task       ] GC(21) Using 8 workers of 8 for evacuation
[2022-04-04T23:31:54.622-0400][gc,mmu        ] GC(21) MMU target violated: 21.0ms (20.0ms/21.0ms)
[2022-04-04T23:31:54.624-0400][gc,phases     ] GC(21)   Pre Evacuate Collection Set: 0.2ms
[2022-04-04T23:31:54.624-0400][gc,phases     ] GC(21)   Evacuate Collection Set: 77.0ms
[2022-04-04T23:31:54.625-0400][gc,phases     ] GC(21)   Post Evacuate Collection Set: 14.2ms
[2022-04-04T23:31:54.625-0400][gc,phases     ] GC(21)   Other: 4.6ms
[2022-04-04T23:31:54.626-0400][gc,heap       ] GC(21) Eden regions: 47->0(49)
[2022-04-04T23:31:54.627-0400][gc,heap       ] GC(21) Survivor regions: 4->2(7)
[2022-04-04T23:31:54.627-0400][gc,heap       ] GC(21) Old regions: 13->15
[2022-04-04T23:31:54.628-0400][gc,heap       ] GC(21) Humongous regions: 129->129
[2022-04-04T23:31:54.628-0400][gc,metaspace  ] GC(21) Metaspace: 53216K->53216K(1097728K)
[2022-04-04T23:31:54.630-0400][gc            ] GC(21) Pause Young (Normal) (G1 Evacuation Pause) 192M->145M(1024M) 101.456ms
[2022-04-04T23:31:54.630-0400][gc,cpu        ] GC(21) User=0.38s Sys=0.11s Real=0.11s
[2022-04-05T01:47:32.978-0400][gc,start      ] GC(22) Pause Young (Normal) (G1 Evacuation Pause)
[2022-04-05T01:47:32.981-0400][gc,task       ] GC(22) Using 8 workers of 8 for evacuation
[2022-04-05T01:47:33.072-0400][gc,mmu        ] GC(22) MMU target violated: 21.0ms (20.0ms/21.0ms)
[2022-04-05T01:47:33.073-0400][gc,phases     ] GC(22)   Pre Evacuate Collection Set: 0.2ms
[2022-04-05T01:47:33.073-0400][gc,phases     ] GC(22)   Evacuate Collection Set: 63.6ms
[2022-04-05T01:47:33.073-0400][gc,phases     ] GC(22)   Post Evacuate Collection Set: 25.4ms
[2022-04-05T01:47:33.074-0400][gc,phases     ] GC(22)   Other: 6.6ms
[2022-04-05T01:47:33.074-0400][gc,heap       ] GC(22) Eden regions: 49->0(49)
[2022-04-05T01:47:33.074-0400][gc,heap       ] GC(22) Survivor regions: 2->2(7)
[2022-04-05T01:47:33.074-0400][gc,heap       ] GC(22) Old regions: 15->16
[2022-04-05T01:47:33.074-0400][gc,heap       ] GC(22) Humongous regions: 129->129
[2022-04-05T01:47:33.075-0400][gc,metaspace  ] GC(22) Metaspace: 53334K->53334K(1097728K)
[2022-04-05T01:47:33.075-0400][gc            ] GC(22) Pause Young (Normal) (G1 Evacuation Pause) 194M->145M(1024M) 97.458ms
[2022-04-05T01:47:33.075-0400][gc,cpu        ] GC(22) User=0.25s Sys=0.05s Real=0.10s
[2022-04-05T04:17:26.903-0400][gc,start      ] GC(23) Pause Young (Normal) (G1 Evacuation Pause)
[2022-04-05T04:17:26.906-0400][gc,task       ] GC(23) Using 8 workers of 8 for evacuation
[2022-04-05T04:17:26.933-0400][gc,mmu        ] GC(23) MMU target violated: 21.0ms (20.0ms/21.0ms)
[2022-04-05T04:17:26.934-0400][gc,phases     ] GC(23)   Pre Evacuate Collection Set: 0.2ms
[2022-04-05T04:17:26.934-0400][gc,phases     ] GC(23)   Evacuate Collection Set: 17.7ms
[2022-04-05T04:17:26.934-0400][gc,phases     ] GC(23)   Post Evacuate Collection Set: 7.4ms
[2022-04-05T04:17:26.935-0400][gc,phases     ] GC(23)   Other: 6.1ms
[2022-04-05T04:17:26.935-0400][gc,heap       ] GC(23) Eden regions: 49->0(50)
[2022-04-05T04:17:26.935-0400][gc,heap       ] GC(23) Survivor regions: 2->1(7)
[2022-04-05T04:17:26.935-0400][gc,heap       ] GC(23) Old regions: 16->17
[2022-04-05T04:17:26.936-0400][gc,heap       ] GC(23) Humongous regions: 129->129
[2022-04-05T04:17:26.936-0400][gc,metaspace  ] GC(23) Metaspace: 53404K->53404K(1097728K)
[2022-04-05T04:17:26.936-0400][gc            ] GC(23) Pause Young (Normal) (G1 Evacuation Pause) 194M->145M(1024M) 33.686ms
[2022-04-05T04:17:26.937-0400][gc,cpu        ] GC(23) User=0.11s Sys=0.03s Real=0.03s
[2022-04-05T06:46:01.248-0400][gc,start      ] GC(24) Pause Young (Normal) (G1 Evacuation Pause)
[2022-04-05T06:46:01.249-0400][gc,task       ] GC(24) Using 8 workers of 8 for evacuation
[2022-04-05T06:46:01.256-0400][gc,phases     ] GC(24)   Pre Evacuate Collection Set: 0.0ms
[2022-04-05T06:46:01.256-0400][gc,phases     ] GC(24)   Evacuate Collection Set: 4.1ms
[2022-04-05T06:46:01.256-0400][gc,phases     ] GC(24)   Post Evacuate Collection Set: 2.3ms
[2022-04-05T06:46:01.256-0400][gc,phases     ] GC(24)   Other: 1.2ms
[2022-04-05T06:46:01.256-0400][gc,heap       ] GC(24) Eden regions: 50->0(50)
[2022-04-05T06:46:01.256-0400][gc,heap       ] GC(24) Survivor regions: 1->1(7)
[2022-04-05T06:46:01.256-0400][gc,heap       ] GC(24) Old regions: 17->17
[2022-04-05T06:46:01.256-0400][gc,heap       ] GC(24) Humongous regions: 129->129
[2022-04-05T06:46:01.256-0400][gc,metaspace  ] GC(24) Metaspace: 53425K->53425K(1097728K)
[2022-04-05T06:46:01.256-0400][gc            ] GC(24) Pause Young (Normal) (G1 Evacuation Pause) 195M->145M(1024M) 7.759ms
[2022-04-05T06:46:01.256-0400][gc,cpu        ] GC(24) User=0.03s Sys=0.00s Real=0.01s
[2022-04-05T07:35:44.040-0400][gc,start      ] GC(25) Pause Young (Normal) (G1 Evacuation Pause)
[2022-04-05T07:35:44.040-0400][gc,task       ] GC(25) Using 8 workers of 8 for evacuation
[2022-04-05T07:35:44.048-0400][gc,phases     ] GC(25)   Pre Evacuate Collection Set: 1.6ms
[2022-04-05T07:35:44.048-0400][gc,phases     ] GC(25)   Evacuate Collection Set: 4.6ms
[2022-04-05T07:35:44.048-0400][gc,phases     ] GC(25)   Post Evacuate Collection Set: 1.7ms
[2022-04-05T07:35:44.048-0400][gc,phases     ] GC(25)   Other: 0.8ms
[2022-04-05T07:35:44.049-0400][gc,heap       ] GC(25) Eden regions: 50->0(50)
[2022-04-05T07:35:44.049-0400][gc,heap       ] GC(25) Survivor regions: 1->1(7)
[2022-04-05T07:35:44.049-0400][gc,heap       ] GC(25) Old regions: 17->17
[2022-04-05T07:35:44.049-0400][gc,heap       ] GC(25) Humongous regions: 129->129
[2022-04-05T07:35:44.049-0400][gc,metaspace  ] GC(25) Metaspace: 54032K->54032K(1097728K)
[2022-04-05T07:35:44.049-0400][gc            ] GC(25) Pause Young (Normal) (G1 Evacuation Pause) 195M->145M(1024M) 9.140ms
[2022-04-05T07:35:44.049-0400][gc,cpu        ] GC(25) User=0.02s Sys=0.01s Real=0.00s
[2022-04-05T07:35:44.088-0400][gc,heap,exit  ] Heap
[2022-04-05T07:35:44.088-0400][gc,heap,exit  ]  garbage-first heap   total 1048576K, used 151510K [0x00000007c0000000, 0x0000000800000000)
[2022-04-05T07:35:44.088-0400][gc,heap,exit  ]   region size 1024K, 4 young (4096K), 1 survivors (1024K)
[2022-04-05T07:35:44.088-0400][gc,heap,exit  ]  Metaspace       used 54067K, capacity 56996K, committed 57132K, reserved 1097728K
[2022-04-05T07:35:44.088-0400][gc,heap,exit  ]   class space    used 6902K, capacity 8270K, committed 8320K, reserved 1048576K
