[2022-03-31T14:25:29.100-0400][gc,heap] Heap region size: 1M
[2022-03-31T14:25:29.114-0400][gc     ] Using G1
[2022-03-31T14:25:29.114-0400][gc,heap,coops] Heap address: 0x00000007c0000000, size: 1024 MB, Compressed Oops mode: Zero based, Oop shift amount: 3
[2022-03-31T14:25:30.785-0400][gc,start     ] GC(0) Pause Young (Concurrent Start) (Metadata GC Threshold)
[2022-03-31T14:25:30.786-0400][gc,task      ] GC(0) Using 8 workers of 8 for evacuation
[2022-03-31T14:25:30.796-0400][gc,phases    ] GC(0)   Pre Evacuate Collection Set: 0.0ms
[2022-03-31T14:25:30.796-0400][gc,phases    ] GC(0)   Evacuate Collection Set: 9.3ms
[2022-03-31T14:25:30.796-0400][gc,phases    ] GC(0)   Post Evacuate Collection Set: 0.4ms
[2022-03-31T14:25:30.796-0400][gc,phases    ] GC(0)   Other: 1.0ms
[2022-03-31T14:25:30.796-0400][gc,heap      ] GC(0) Eden regions: 42->0(44)
[2022-03-31T14:25:30.796-0400][gc,heap      ] GC(0) Survivor regions: 0->7(7)
[2022-03-31T14:25:30.796-0400][gc,heap      ] GC(0) Old regions: 0->0
[2022-03-31T14:25:30.796-0400][gc,heap      ] GC(0) Humongous regions: 0->0
[2022-03-31T14:25:30.796-0400][gc,metaspace ] GC(0) Metaspace: 20708K->20708K(1069056K)
[2022-03-31T14:25:30.796-0400][gc           ] GC(0) Pause Young (Concurrent Start) (Metadata GC Threshold) 42M->6M(1024M) 10.991ms
[2022-03-31T14:25:30.796-0400][gc,cpu       ] GC(0) User=0.02s Sys=0.01s Real=0.01s
[2022-03-31T14:25:30.796-0400][gc           ] GC(1) Concurrent Cycle
[2022-03-31T14:25:30.796-0400][gc,marking   ] GC(1) Concurrent Clear Claimed Marks
[2022-03-31T14:25:30.796-0400][gc,marking   ] GC(1) Concurrent Clear Claimed Marks 0.041ms
[2022-03-31T14:25:30.796-0400][gc,marking   ] GC(1) Concurrent Scan Root Regions
[2022-03-31T14:25:30.798-0400][gc,marking   ] GC(1) Concurrent Scan Root Regions 1.706ms
[2022-03-31T14:25:30.798-0400][gc,marking   ] GC(1) Concurrent Mark (1.718s)
[2022-03-31T14:25:30.798-0400][gc,marking   ] GC(1) Concurrent Mark From Roots
[2022-03-31T14:25:30.798-0400][gc,task      ] GC(1) Using 2 workers of 2 for marking
[2022-03-31T14:25:30.798-0400][gc,marking   ] GC(1) Concurrent Mark From Roots 0.175ms
[2022-03-31T14:25:30.798-0400][gc,marking   ] GC(1) Concurrent Preclean
[2022-03-31T14:25:30.798-0400][gc,marking   ] GC(1) Concurrent Preclean 0.034ms
[2022-03-31T14:25:30.798-0400][gc,marking   ] GC(1) Concurrent Mark (1.718s, 1.718s) 0.255ms
[2022-03-31T14:25:30.799-0400][gc,start     ] GC(1) Pause Remark
[2022-03-31T14:25:30.801-0400][gc,stringtable] GC(1) Cleaned string and symbol table, strings: 7237 processed, 0 removed, symbols: 63699 processed, 43 removed
[2022-03-31T14:25:30.802-0400][gc            ] GC(1) Pause Remark 7M->7M(1024M) 3.060ms
[2022-03-31T14:25:30.802-0400][gc,cpu        ] GC(1) User=0.01s Sys=0.00s Real=0.01s
[2022-03-31T14:25:30.802-0400][gc,marking    ] GC(1) Concurrent Rebuild Remembered Sets
[2022-03-31T14:25:30.802-0400][gc,marking    ] GC(1) Concurrent Rebuild Remembered Sets 0.102ms
[2022-03-31T14:25:30.802-0400][gc,start      ] GC(1) Pause Cleanup
[2022-03-31T14:25:30.802-0400][gc            ] GC(1) Pause Cleanup 7M->7M(1024M) 0.191ms
[2022-03-31T14:25:30.802-0400][gc,cpu        ] GC(1) User=0.00s Sys=0.00s Real=0.00s
[2022-03-31T14:25:30.802-0400][gc,marking    ] GC(1) Concurrent Cleanup for Next Mark
[2022-03-31T14:25:30.810-0400][gc,marking    ] GC(1) Concurrent Cleanup for Next Mark 7.218ms
[2022-03-31T14:25:30.810-0400][gc            ] GC(1) Concurrent Cycle 13.361ms
[2022-03-31T14:25:32.466-0400][gc,start      ] GC(2) Pause Young (Normal) (G1 Evacuation Pause)
[2022-03-31T14:25:32.466-0400][gc,task       ] GC(2) Using 8 workers of 8 for evacuation
[2022-03-31T14:25:32.474-0400][gc,phases     ] GC(2)   Pre Evacuate Collection Set: 0.0ms
[2022-03-31T14:25:32.474-0400][gc,phases     ] GC(2)   Evacuate Collection Set: 7.5ms
[2022-03-31T14:25:32.474-0400][gc,phases     ] GC(2)   Post Evacuate Collection Set: 0.5ms
[2022-03-31T14:25:32.474-0400][gc,phases     ] GC(2)   Other: 0.2ms
[2022-03-31T14:25:32.474-0400][gc,heap       ] GC(2) Eden regions: 44->0(49)
[2022-03-31T14:25:32.474-0400][gc,heap       ] GC(2) Survivor regions: 7->2(7)
[2022-03-31T14:25:32.474-0400][gc,heap       ] GC(2) Old regions: 0->7
[2022-03-31T14:25:32.474-0400][gc,heap       ] GC(2) Humongous regions: 0->0
[2022-03-31T14:25:32.474-0400][gc,metaspace  ] GC(2) Metaspace: 30774K->30774K(1077248K)
[2022-03-31T14:25:32.474-0400][gc            ] GC(2) Pause Young (Normal) (G1 Evacuation Pause) 50M->8M(1024M) 8.414ms
[2022-03-31T14:25:32.474-0400][gc,cpu        ] GC(2) User=0.04s Sys=0.01s Real=0.01s
[2022-03-31T14:25:32.912-0400][gc,start      ] GC(3) Pause Young (Concurrent Start) (Metadata GC Threshold)
[2022-03-31T14:25:32.912-0400][gc,task       ] GC(3) Using 8 workers of 8 for evacuation
[2022-03-31T14:25:32.917-0400][gc,phases     ] GC(3)   Pre Evacuate Collection Set: 0.0ms
[2022-03-31T14:25:32.917-0400][gc,phases     ] GC(3)   Evacuate Collection Set: 4.3ms
[2022-03-31T14:25:32.917-0400][gc,phases     ] GC(3)   Post Evacuate Collection Set: 0.4ms
[2022-03-31T14:25:32.917-0400][gc,phases     ] GC(3)   Other: 0.2ms
[2022-03-31T14:25:32.917-0400][gc,heap       ] GC(3) Eden regions: 18->0(48)
[2022-03-31T14:25:32.917-0400][gc,heap       ] GC(3) Survivor regions: 2->3(7)
[2022-03-31T14:25:32.917-0400][gc,heap       ] GC(3) Old regions: 7->7
[2022-03-31T14:25:32.917-0400][gc,heap       ] GC(3) Humongous regions: 129->129
[2022-03-31T14:25:32.917-0400][gc,metaspace  ] GC(3) Metaspace: 34589K->34589K(1081344K)
[2022-03-31T14:25:32.917-0400][gc            ] GC(3) Pause Young (Concurrent Start) (Metadata GC Threshold) 154M->138M(1024M) 5.069ms
[2022-03-31T14:25:32.917-0400][gc,cpu        ] GC(3) User=0.03s Sys=0.00s Real=0.00s
[2022-03-31T14:25:32.917-0400][gc            ] GC(4) Concurrent Cycle
[2022-03-31T14:25:32.917-0400][gc,marking    ] GC(4) Concurrent Clear Claimed Marks
[2022-03-31T14:25:32.917-0400][gc,marking    ] GC(4) Concurrent Clear Claimed Marks 0.046ms
[2022-03-31T14:25:32.917-0400][gc,marking    ] GC(4) Concurrent Scan Root Regions
[2022-03-31T14:25:32.919-0400][gc,marking    ] GC(4) Concurrent Scan Root Regions 1.474ms
[2022-03-31T14:25:32.919-0400][gc,marking    ] GC(4) Concurrent Mark (3.839s)
[2022-03-31T14:25:32.919-0400][gc,marking    ] GC(4) Concurrent Mark From Roots
[2022-03-31T14:25:32.919-0400][gc,task       ] GC(4) Using 2 workers of 2 for marking
[2022-03-31T14:25:32.926-0400][gc,marking    ] GC(4) Concurrent Mark From Roots 6.781ms
[2022-03-31T14:25:32.926-0400][gc,marking    ] GC(4) Concurrent Preclean
[2022-03-31T14:25:32.926-0400][gc,marking    ] GC(4) Concurrent Preclean 0.093ms
[2022-03-31T14:25:32.926-0400][gc,marking    ] GC(4) Concurrent Mark (3.839s, 3.845s) 6.980ms
[2022-03-31T14:25:32.926-0400][gc,start      ] GC(4) Pause Remark
[2022-03-31T14:25:32.928-0400][gc,stringtable] GC(4) Cleaned string and symbol table, strings: 10539 processed, 10 removed, symbols: 96288 processed, 34 removed
[2022-03-31T14:25:32.929-0400][gc            ] GC(4) Pause Remark 138M->138M(1024M) 2.745ms
[2022-03-31T14:25:32.929-0400][gc,cpu        ] GC(4) User=0.01s Sys=0.00s Real=0.00s
[2022-03-31T14:25:32.929-0400][gc,marking    ] GC(4) Concurrent Rebuild Remembered Sets
[2022-03-31T14:25:32.933-0400][gc,marking    ] GC(4) Concurrent Rebuild Remembered Sets 4.642ms
[2022-03-31T14:25:32.934-0400][gc,start      ] GC(4) Pause Cleanup
[2022-03-31T14:25:32.934-0400][gc            ] GC(4) Pause Cleanup 138M->138M(1024M) 0.210ms
[2022-03-31T14:25:32.934-0400][gc,cpu        ] GC(4) User=0.00s Sys=0.00s Real=0.00s
[2022-03-31T14:25:32.934-0400][gc,marking    ] GC(4) Concurrent Cleanup for Next Mark
[2022-03-31T14:25:32.942-0400][gc,marking    ] GC(4) Concurrent Cleanup for Next Mark 7.519ms
[2022-03-31T14:25:32.942-0400][gc            ] GC(4) Concurrent Cycle 24.522ms
[2022-03-31T14:25:33.856-0400][gc,start      ] GC(5) Pause Young (Normal) (G1 Evacuation Pause)
[2022-03-31T14:25:33.856-0400][gc,task       ] GC(5) Using 8 workers of 8 for evacuation
[2022-03-31T14:25:33.865-0400][gc,phases     ] GC(5)   Pre Evacuate Collection Set: 0.0ms
[2022-03-31T14:25:33.865-0400][gc,phases     ] GC(5)   Evacuate Collection Set: 8.3ms
[2022-03-31T14:25:33.865-0400][gc,phases     ] GC(5)   Post Evacuate Collection Set: 0.5ms
[2022-03-31T14:25:33.866-0400][gc,phases     ] GC(5)   Other: 0.2ms
[2022-03-31T14:25:33.866-0400][gc,heap       ] GC(5) Eden regions: 48->0(44)
[2022-03-31T14:25:33.866-0400][gc,heap       ] GC(5) Survivor regions: 3->7(7)
[2022-03-31T14:25:33.866-0400][gc,heap       ] GC(5) Old regions: 7->7
[2022-03-31T14:25:33.866-0400][gc,heap       ] GC(5) Humongous regions: 129->129
[2022-03-31T14:25:33.866-0400][gc,metaspace  ] GC(5) Metaspace: 43205K->43205K(1087488K)
[2022-03-31T14:25:33.866-0400][gc            ] GC(5) Pause Young (Normal) (G1 Evacuation Pause) 186M->141M(1024M) 9.214ms
[2022-03-31T14:25:33.866-0400][gc,cpu        ] GC(5) User=0.04s Sys=0.00s Real=0.01s
[2022-03-31T14:26:14.643-0400][gc,start      ] GC(6) Pause Young (Normal) (G1 Evacuation Pause)
[2022-03-31T14:26:14.643-0400][gc,task       ] GC(6) Using 8 workers of 8 for evacuation
[2022-03-31T14:26:14.652-0400][gc,phases     ] GC(6)   Pre Evacuate Collection Set: 0.0ms
[2022-03-31T14:26:14.652-0400][gc,phases     ] GC(6)   Evacuate Collection Set: 7.7ms
[2022-03-31T14:26:14.652-0400][gc,phases     ] GC(6)   Post Evacuate Collection Set: 0.7ms
[2022-03-31T14:26:14.652-0400][gc,phases     ] GC(6)   Other: 0.3ms
[2022-03-31T14:26:14.652-0400][gc,heap       ] GC(6) Eden regions: 44->0(47)
[2022-03-31T14:26:14.652-0400][gc,heap       ] GC(6) Survivor regions: 7->4(7)
[2022-03-31T14:26:14.652-0400][gc,heap       ] GC(6) Old regions: 7->13
[2022-03-31T14:26:14.652-0400][gc,heap       ] GC(6) Humongous regions: 129->129
[2022-03-31T14:26:14.652-0400][gc,metaspace  ] GC(6) Metaspace: 49013K->49013K(1093632K)
[2022-03-31T14:26:14.652-0400][gc            ] GC(6) Pause Young (Normal) (G1 Evacuation Pause) 185M->144M(1024M) 8.848ms
[2022-03-31T14:26:14.652-0400][gc,cpu        ] GC(6) User=0.05s Sys=0.00s Real=0.01s
[2022-03-31T14:27:37.149-0400][gc,start      ] GC(7) Pause Young (Normal) (G1 Evacuation Pause)
[2022-03-31T14:27:37.150-0400][gc,task       ] GC(7) Using 8 workers of 8 for evacuation
[2022-03-31T14:27:37.163-0400][gc,phases     ] GC(7)   Pre Evacuate Collection Set: 1.2ms
[2022-03-31T14:27:37.163-0400][gc,phases     ] GC(7)   Evacuate Collection Set: 9.8ms
[2022-03-31T14:27:37.163-0400][gc,phases     ] GC(7)   Post Evacuate Collection Set: 1.0ms
[2022-03-31T14:27:37.163-0400][gc,phases     ] GC(7)   Other: 1.6ms
[2022-03-31T14:27:37.163-0400][gc,heap       ] GC(7) Eden regions: 47->0(47)
[2022-03-31T14:27:37.163-0400][gc,heap       ] GC(7) Survivor regions: 4->4(7)
[2022-03-31T14:27:37.163-0400][gc,heap       ] GC(7) Old regions: 13->13
[2022-03-31T14:27:37.163-0400][gc,heap       ] GC(7) Humongous regions: 129->129
[2022-03-31T14:27:37.163-0400][gc,metaspace  ] GC(7) Metaspace: 51207K->51207K(1095680K)
[2022-03-31T14:27:37.163-0400][gc            ] GC(7) Pause Young (Normal) (G1 Evacuation Pause) 191M->145M(1024M) 13.885ms
[2022-03-31T14:27:37.163-0400][gc,cpu        ] GC(7) User=0.03s Sys=0.02s Real=0.02s
[2022-03-31T14:29:08.037-0400][gc,start      ] GC(8) Pause Young (Normal) (G1 Evacuation Pause)
[2022-03-31T14:29:08.038-0400][gc,task       ] GC(8) Using 8 workers of 8 for evacuation
[2022-03-31T14:29:08.049-0400][gc,phases     ] GC(8)   Pre Evacuate Collection Set: 0.0ms
[2022-03-31T14:29:08.049-0400][gc,phases     ] GC(8)   Evacuate Collection Set: 10.0ms
[2022-03-31T14:29:08.049-0400][gc,phases     ] GC(8)   Post Evacuate Collection Set: 0.6ms
[2022-03-31T14:29:08.049-0400][gc,phases     ] GC(8)   Other: 1.3ms
[2022-03-31T14:29:08.049-0400][gc,heap       ] GC(8) Eden regions: 47->0(47)
[2022-03-31T14:29:08.049-0400][gc,heap       ] GC(8) Survivor regions: 4->4(7)
[2022-03-31T14:29:08.049-0400][gc,heap       ] GC(8) Old regions: 13->13
[2022-03-31T14:29:08.049-0400][gc,heap       ] GC(8) Humongous regions: 129->129
[2022-03-31T14:29:08.049-0400][gc,metaspace  ] GC(8) Metaspace: 51311K->51311K(1095680K)
[2022-03-31T14:29:08.049-0400][gc            ] GC(8) Pause Young (Normal) (G1 Evacuation Pause) 192M->145M(1024M) 12.189ms
[2022-03-31T14:29:08.049-0400][gc,cpu        ] GC(8) User=0.04s Sys=0.01s Real=0.01s
[2022-03-31T14:30:41.638-0400][gc,start      ] GC(9) Pause Young (Normal) (G1 Evacuation Pause)
[2022-03-31T14:30:41.638-0400][gc,task       ] GC(9) Using 8 workers of 8 for evacuation
[2022-03-31T14:30:41.643-0400][gc,phases     ] GC(9)   Pre Evacuate Collection Set: 0.0ms
[2022-03-31T14:30:41.643-0400][gc,phases     ] GC(9)   Evacuate Collection Set: 4.0ms
[2022-03-31T14:30:41.643-0400][gc,phases     ] GC(9)   Post Evacuate Collection Set: 0.5ms
[2022-03-31T14:30:41.643-0400][gc,phases     ] GC(9)   Other: 1.1ms
[2022-03-31T14:30:41.643-0400][gc,heap       ] GC(9) Eden regions: 47->0(51)
[2022-03-31T14:30:41.643-0400][gc,heap       ] GC(9) Survivor regions: 4->2(7)
[2022-03-31T14:30:41.643-0400][gc,heap       ] GC(9) Old regions: 13->15
[2022-03-31T14:30:41.643-0400][gc,heap       ] GC(9) Humongous regions: 129->129
[2022-03-31T14:30:41.643-0400][gc,metaspace  ] GC(9) Metaspace: 51371K->51371K(1095680K)
[2022-03-31T14:30:41.643-0400][gc            ] GC(9) Pause Young (Normal) (G1 Evacuation Pause) 192M->145M(1024M) 5.820ms
[2022-03-31T14:30:41.643-0400][gc,cpu        ] GC(9) User=0.02s Sys=0.01s Real=0.01s
[2022-03-31T14:32:23.269-0400][gc,start      ] GC(10) Pause Young (Normal) (G1 Evacuation Pause)
[2022-03-31T14:32:23.270-0400][gc,task       ] GC(10) Using 8 workers of 8 for evacuation
[2022-03-31T14:32:23.273-0400][gc,phases     ] GC(10)   Pre Evacuate Collection Set: 0.0ms
[2022-03-31T14:32:23.273-0400][gc,phases     ] GC(10)   Evacuate Collection Set: 2.2ms
[2022-03-31T14:32:23.273-0400][gc,phases     ] GC(10)   Post Evacuate Collection Set: 0.5ms
[2022-03-31T14:32:23.273-0400][gc,phases     ] GC(10)   Other: 1.3ms
[2022-03-31T14:32:23.273-0400][gc,heap       ] GC(10) Eden regions: 51->0(69)
[2022-03-31T14:32:23.273-0400][gc,heap       ] GC(10) Survivor regions: 2->2(7)
[2022-03-31T14:32:23.273-0400][gc,heap       ] GC(10) Old regions: 15->15
[2022-03-31T14:32:23.273-0400][gc,heap       ] GC(10) Humongous regions: 129->129
[2022-03-31T14:32:23.273-0400][gc,metaspace  ] GC(10) Metaspace: 51413K->51413K(1095680K)
[2022-03-31T14:32:23.273-0400][gc            ] GC(10) Pause Young (Normal) (G1 Evacuation Pause) 196M->145M(1024M) 4.297ms
[2022-03-31T14:32:23.274-0400][gc,cpu        ] GC(10) User=0.01s Sys=0.00s Real=0.01s
[2022-03-31T14:34:43.857-0400][gc,start      ] GC(11) Pause Young (Normal) (G1 Evacuation Pause)
[2022-03-31T14:34:43.858-0400][gc,task       ] GC(11) Using 8 workers of 8 for evacuation
[2022-03-31T14:34:43.862-0400][gc,phases     ] GC(11)   Pre Evacuate Collection Set: 0.0ms
[2022-03-31T14:34:43.862-0400][gc,phases     ] GC(11)   Evacuate Collection Set: 3.5ms
[2022-03-31T14:34:43.862-0400][gc,phases     ] GC(11)   Post Evacuate Collection Set: 0.4ms
[2022-03-31T14:34:43.862-0400][gc,phases     ] GC(11)   Other: 1.4ms
[2022-03-31T14:34:43.862-0400][gc,heap       ] GC(11) Eden regions: 69->0(92)
[2022-03-31T14:34:43.862-0400][gc,heap       ] GC(11) Survivor regions: 2->2(9)
[2022-03-31T14:34:43.862-0400][gc,heap       ] GC(11) Old regions: 15->15
[2022-03-31T14:34:43.862-0400][gc,heap       ] GC(11) Humongous regions: 129->129
[2022-03-31T14:34:43.862-0400][gc,metaspace  ] GC(11) Metaspace: 51426K->51426K(1095680K)
[2022-03-31T14:34:43.862-0400][gc            ] GC(11) Pause Young (Normal) (G1 Evacuation Pause) 214M->145M(1024M) 5.433ms
[2022-03-31T14:34:43.862-0400][gc,cpu        ] GC(11) User=0.02s Sys=0.00s Real=0.01s
[2022-03-31T14:37:50.221-0400][gc,start      ] GC(12) Pause Young (Normal) (G1 Evacuation Pause)
[2022-03-31T14:37:50.222-0400][gc,task       ] GC(12) Using 8 workers of 8 for evacuation
[2022-03-31T14:37:50.252-0400][gc,mmu        ] GC(12) MMU target violated: 21.0ms (20.0ms/21.0ms)
[2022-03-31T14:37:50.252-0400][gc,phases     ] GC(12)   Pre Evacuate Collection Set: 0.2ms
[2022-03-31T14:37:50.252-0400][gc,phases     ] GC(12)   Evacuate Collection Set: 27.1ms
[2022-03-31T14:37:50.252-0400][gc,phases     ] GC(12)   Post Evacuate Collection Set: 0.8ms
[2022-03-31T14:37:50.252-0400][gc,phases     ] GC(12)   Other: 3.1ms
[2022-03-31T14:37:50.252-0400][gc,heap       ] GC(12) Eden regions: 92->0(104)
[2022-03-31T14:37:50.252-0400][gc,heap       ] GC(12) Survivor regions: 2->2(12)
[2022-03-31T14:37:50.252-0400][gc,heap       ] GC(12) Old regions: 15->15
[2022-03-31T14:37:50.252-0400][gc,heap       ] GC(12) Humongous regions: 129->129
[2022-03-31T14:37:50.252-0400][gc,metaspace  ] GC(12) Metaspace: 51579K->51579K(1095680K)
[2022-03-31T14:37:50.252-0400][gc            ] GC(12) Pause Young (Normal) (G1 Evacuation Pause) 237M->145M(1024M) 31.377ms
[2022-03-31T14:37:50.252-0400][gc,cpu        ] GC(12) User=0.02s Sys=0.01s Real=0.03s
[2022-03-31T14:46:35.781-0400][gc,start      ] GC(13) Pause Young (Normal) (G1 Evacuation Pause)
[2022-03-31T14:46:35.782-0400][gc,task       ] GC(13) Using 8 workers of 8 for evacuation
[2022-03-31T14:46:35.786-0400][gc,phases     ] GC(13)   Pre Evacuate Collection Set: 0.0ms
[2022-03-31T14:46:35.786-0400][gc,phases     ] GC(13)   Evacuate Collection Set: 3.3ms
[2022-03-31T14:46:35.786-0400][gc,phases     ] GC(13)   Post Evacuate Collection Set: 0.3ms
[2022-03-31T14:46:35.786-0400][gc,phases     ] GC(13)   Other: 1.5ms
[2022-03-31T14:46:35.786-0400][gc,heap       ] GC(13) Eden regions: 104->0(151)
[2022-03-31T14:46:35.786-0400][gc,heap       ] GC(13) Survivor regions: 2->2(14)
[2022-03-31T14:46:35.786-0400][gc,heap       ] GC(13) Old regions: 15->15
[2022-03-31T14:46:35.786-0400][gc,heap       ] GC(13) Humongous regions: 129->129
[2022-03-31T14:46:35.786-0400][gc,metaspace  ] GC(13) Metaspace: 51640K->51640K(1095680K)
[2022-03-31T14:46:35.786-0400][gc            ] GC(13) Pause Young (Normal) (G1 Evacuation Pause) 249M->145M(1024M) 5.331ms
[2022-03-31T14:46:35.786-0400][gc,cpu        ] GC(13) User=0.01s Sys=0.01s Real=0.00s
[2022-03-31T14:51:42.013-0400][gc,start      ] GC(14) Pause Young (Normal) (G1 Evacuation Pause)
[2022-03-31T14:51:42.015-0400][gc,task       ] GC(14) Using 8 workers of 8 for evacuation
[2022-03-31T14:51:42.027-0400][gc,phases     ] GC(14)   Pre Evacuate Collection Set: 0.1ms
[2022-03-31T14:51:42.027-0400][gc,phases     ] GC(14)   Evacuate Collection Set: 10.1ms
[2022-03-31T14:51:42.027-0400][gc,phases     ] GC(14)   Post Evacuate Collection Set: 2.1ms
[2022-03-31T14:51:42.027-0400][gc,phases     ] GC(14)   Other: 1.6ms
[2022-03-31T14:51:42.028-0400][gc,heap       ] GC(14) Eden regions: 151->0(165)
[2022-03-31T14:51:42.028-0400][gc,heap       ] GC(14) Survivor regions: 2->2(20)
[2022-03-31T14:51:42.028-0400][gc,heap       ] GC(14) Old regions: 15->15
[2022-03-31T14:51:42.028-0400][gc,heap       ] GC(14) Humongous regions: 129->129
[2022-03-31T14:51:42.028-0400][gc,metaspace  ] GC(14) Metaspace: 51691K->51691K(1095680K)
[2022-03-31T14:51:42.028-0400][gc            ] GC(14) Pause Young (Normal) (G1 Evacuation Pause) 296M->145M(1024M) 14.151ms
[2022-03-31T14:51:42.028-0400][gc,cpu        ] GC(14) User=0.03s Sys=0.03s Real=0.01s
[2022-03-31T14:57:21.499-0400][gc,start      ] GC(15) Pause Young (Normal) (G1 Evacuation Pause)
[2022-03-31T14:57:21.500-0400][gc,task       ] GC(15) Using 8 workers of 8 for evacuation
[2022-03-31T14:57:21.507-0400][gc,phases     ] GC(15)   Pre Evacuate Collection Set: 0.1ms
[2022-03-31T14:57:21.507-0400][gc,phases     ] GC(15)   Evacuate Collection Set: 5.0ms
[2022-03-31T14:57:21.507-0400][gc,phases     ] GC(15)   Post Evacuate Collection Set: 1.4ms
[2022-03-31T14:57:21.507-0400][gc,phases     ] GC(15)   Other: 1.3ms
[2022-03-31T14:57:21.507-0400][gc,heap       ] GC(15) Eden regions: 165->0(191)
[2022-03-31T14:57:21.507-0400][gc,heap       ] GC(15) Survivor regions: 2->2(21)
[2022-03-31T14:57:21.507-0400][gc,heap       ] GC(15) Old regions: 15->15
[2022-03-31T14:57:21.507-0400][gc,heap       ] GC(15) Humongous regions: 129->129
[2022-03-31T14:57:21.507-0400][gc,metaspace  ] GC(15) Metaspace: 51742K->51742K(1095680K)
[2022-03-31T14:57:21.507-0400][gc            ] GC(15) Pause Young (Normal) (G1 Evacuation Pause) 310M->145M(1024M) 7.896ms
[2022-03-31T14:57:21.507-0400][gc,cpu        ] GC(15) User=0.04s Sys=0.00s Real=0.01s
[2022-03-31T15:03:50.559-0400][gc,start      ] GC(16) Pause Young (Normal) (G1 Evacuation Pause)
[2022-03-31T15:03:50.560-0400][gc,task       ] GC(16) Using 8 workers of 8 for evacuation
[2022-03-31T15:03:50.573-0400][gc,phases     ] GC(16)   Pre Evacuate Collection Set: 0.1ms
[2022-03-31T15:03:50.573-0400][gc,phases     ] GC(16)   Evacuate Collection Set: 10.4ms
[2022-03-31T15:03:50.573-0400][gc,phases     ] GC(16)   Post Evacuate Collection Set: 1.9ms
[2022-03-31T15:03:50.573-0400][gc,phases     ] GC(16)   Other: 2.1ms
[2022-03-31T15:03:50.573-0400][gc,heap       ] GC(16) Eden regions: 191->0(200)
[2022-03-31T15:03:50.573-0400][gc,heap       ] GC(16) Survivor regions: 2->2(25)
[2022-03-31T15:03:50.574-0400][gc,heap       ] GC(16) Old regions: 15->15
[2022-03-31T15:03:50.574-0400][gc,heap       ] GC(16) Humongous regions: 129->129
[2022-03-31T15:03:50.574-0400][gc,metaspace  ] GC(16) Metaspace: 51755K->51755K(1095680K)
[2022-03-31T15:03:50.574-0400][gc            ] GC(16) Pause Young (Normal) (G1 Evacuation Pause) 336M->145M(1024M) 14.661ms
[2022-03-31T15:03:50.574-0400][gc,cpu        ] GC(16) User=0.05s Sys=0.02s Real=0.02s
[2022-03-31T15:10:35.644-0400][gc,start      ] GC(17) Pause Young (Normal) (G1 Evacuation Pause)
[2022-03-31T15:10:35.645-0400][gc,task       ] GC(17) Using 8 workers of 8 for evacuation
[2022-03-31T15:10:35.663-0400][gc,phases     ] GC(17)   Pre Evacuate Collection Set: 0.9ms
[2022-03-31T15:10:35.663-0400][gc,phases     ] GC(17)   Evacuate Collection Set: 14.3ms
[2022-03-31T15:10:35.663-0400][gc,phases     ] GC(17)   Post Evacuate Collection Set: 2.3ms
[2022-03-31T15:10:35.663-0400][gc,phases     ] GC(17)   Other: 1.5ms
[2022-03-31T15:10:35.663-0400][gc,heap       ] GC(17) Eden regions: 200->0(204)
[2022-03-31T15:10:35.663-0400][gc,heap       ] GC(17) Survivor regions: 2->2(26)
[2022-03-31T15:10:35.663-0400][gc,heap       ] GC(17) Old regions: 15->15
[2022-03-31T15:10:35.663-0400][gc,heap       ] GC(17) Humongous regions: 129->129
[2022-03-31T15:10:35.663-0400][gc,metaspace  ] GC(17) Metaspace: 51787K->51787K(1095680K)
[2022-03-31T15:10:35.663-0400][gc            ] GC(17) Pause Young (Normal) (G1 Evacuation Pause) 345M->145M(1024M) 19.173ms
[2022-03-31T15:10:35.663-0400][gc,cpu        ] GC(17) User=0.03s Sys=0.03s Real=0.02s
[2022-04-01T09:21:23.959-0400][gc,start      ] GC(18) Pause Young (Normal) (G1 Evacuation Pause)
[2022-04-01T09:21:23.959-0400][gc,task       ] GC(18) Using 8 workers of 8 for evacuation
[2022-04-01T09:21:23.992-0400][gc,mmu        ] GC(18) MMU target violated: 21.0ms (20.0ms/21.0ms)
[2022-04-01T09:21:23.992-0400][gc,phases     ] GC(18)   Pre Evacuate Collection Set: 1.4ms
[2022-04-01T09:21:23.992-0400][gc,phases     ] GC(18)   Evacuate Collection Set: 28.3ms
[2022-04-01T09:21:23.992-0400][gc,phases     ] GC(18)   Post Evacuate Collection Set: 1.5ms
[2022-04-01T09:21:23.992-0400][gc,phases     ] GC(18)   Other: 3.0ms
[2022-04-01T09:21:23.992-0400][gc,heap       ] GC(18) Eden regions: 204->0(199)
[2022-04-01T09:21:23.992-0400][gc,heap       ] GC(18) Survivor regions: 2->2(26)
[2022-04-01T09:21:23.992-0400][gc,heap       ] GC(18) Old regions: 15->15
[2022-04-01T09:21:23.992-0400][gc,heap       ] GC(18) Humongous regions: 129->129
[2022-04-01T09:21:23.992-0400][gc,metaspace  ] GC(18) Metaspace: 52212K->52212K(1095680K)
[2022-04-01T09:21:23.992-0400][gc            ] GC(18) Pause Young (Normal) (G1 Evacuation Pause) 349M->145M(1024M) 33.182ms
[2022-04-01T09:21:23.992-0400][gc,cpu        ] GC(18) User=0.03s Sys=0.10s Real=0.04s
