[2022-04-01T17:00:20.226-0400][gc,heap] Heap region size: 1M
[2022-04-01T17:00:20.239-0400][gc     ] Using G1
[2022-04-01T17:00:20.239-0400][gc,heap,coops] Heap address: 0x00000007c0000000, size: 1024 MB, Compressed Oops mode: Zero based, Oop shift amount: 3
[2022-04-01T17:00:21.757-0400][gc,start     ] GC(0) Pause Young (Concurrent Start) (Metadata GC Threshold)
[2022-04-01T17:00:21.757-0400][gc,task      ] GC(0) Using 8 workers of 8 for evacuation
[2022-04-01T17:00:21.767-0400][gc,phases    ] GC(0)   Pre Evacuate Collection Set: 0.0ms
[2022-04-01T17:00:21.767-0400][gc,phases    ] GC(0)   Evacuate Collection Set: 8.9ms
[2022-04-01T17:00:21.767-0400][gc,phases    ] GC(0)   Post Evacuate Collection Set: 0.4ms
[2022-04-01T17:00:21.767-0400][gc,phases    ] GC(0)   Other: 0.8ms
[2022-04-01T17:00:21.767-0400][gc,heap      ] GC(0) Eden regions: 42->0(44)
[2022-04-01T17:00:21.767-0400][gc,heap      ] GC(0) Survivor regions: 0->7(7)
[2022-04-01T17:00:21.767-0400][gc,heap      ] GC(0) Old regions: 0->0
[2022-04-01T17:00:21.767-0400][gc,heap      ] GC(0) Humongous regions: 0->0
[2022-04-01T17:00:21.767-0400][gc,metaspace ] GC(0) Metaspace: 20697K->20697K(1069056K)
[2022-04-01T17:00:21.767-0400][gc           ] GC(0) Pause Young (Concurrent Start) (Metadata GC Threshold) 42M->6M(1024M) 10.401ms
[2022-04-01T17:00:21.767-0400][gc,cpu       ] GC(0) User=0.02s Sys=0.00s Real=0.01s
[2022-04-01T17:00:21.767-0400][gc           ] GC(1) Concurrent Cycle
[2022-04-01T17:00:21.767-0400][gc,marking   ] GC(1) Concurrent Clear Claimed Marks
[2022-04-01T17:00:21.767-0400][gc,marking   ] GC(1) Concurrent Clear Claimed Marks 0.026ms
[2022-04-01T17:00:21.767-0400][gc,marking   ] GC(1) Concurrent Scan Root Regions
[2022-04-01T17:00:21.769-0400][gc,marking   ] GC(1) Concurrent Scan Root Regions 1.859ms
[2022-04-01T17:00:21.769-0400][gc,marking   ] GC(1) Concurrent Mark (1.560s)
[2022-04-01T17:00:21.769-0400][gc,marking   ] GC(1) Concurrent Mark From Roots
[2022-04-01T17:00:21.769-0400][gc,task      ] GC(1) Using 2 workers of 2 for marking
[2022-04-01T17:00:21.770-0400][gc,marking   ] GC(1) Concurrent Mark From Roots 0.168ms
[2022-04-01T17:00:21.770-0400][gc,marking   ] GC(1) Concurrent Preclean
[2022-04-01T17:00:21.770-0400][gc,marking   ] GC(1) Concurrent Preclean 0.037ms
[2022-04-01T17:00:21.770-0400][gc,marking   ] GC(1) Concurrent Mark (1.560s, 1.560s) 0.272ms
[2022-04-01T17:00:21.770-0400][gc,start     ] GC(1) Pause Remark
[2022-04-01T17:00:21.771-0400][gc,stringtable] GC(1) Cleaned string and symbol table, strings: 7226 processed, 0 removed, symbols: 63699 processed, 43 removed
[2022-04-01T17:00:21.772-0400][gc            ] GC(1) Pause Remark 7M->7M(1024M) 1.663ms
[2022-04-01T17:00:21.772-0400][gc,cpu        ] GC(1) User=0.01s Sys=0.00s Real=0.00s
[2022-04-01T17:00:21.772-0400][gc,marking    ] GC(1) Concurrent Rebuild Remembered Sets
[2022-04-01T17:00:21.772-0400][gc,marking    ] GC(1) Concurrent Rebuild Remembered Sets 0.051ms
[2022-04-01T17:00:21.772-0400][gc,start      ] GC(1) Pause Cleanup
[2022-04-01T17:00:21.772-0400][gc            ] GC(1) Pause Cleanup 7M->7M(1024M) 0.101ms
[2022-04-01T17:00:21.772-0400][gc,cpu        ] GC(1) User=0.00s Sys=0.00s Real=0.00s
[2022-04-01T17:00:21.772-0400][gc,marking    ] GC(1) Concurrent Cleanup for Next Mark
[2022-04-01T17:00:21.779-0400][gc,marking    ] GC(1) Concurrent Cleanup for Next Mark 6.937ms
[2022-04-01T17:00:21.779-0400][gc            ] GC(1) Concurrent Cycle 11.596ms
[2022-04-01T17:00:23.174-0400][gc,start      ] GC(2) Pause Young (Normal) (G1 Evacuation Pause)
[2022-04-01T17:00:23.174-0400][gc,task       ] GC(2) Using 8 workers of 8 for evacuation
[2022-04-01T17:00:23.186-0400][gc,phases     ] GC(2)   Pre Evacuate Collection Set: 0.0ms
[2022-04-01T17:00:23.186-0400][gc,phases     ] GC(2)   Evacuate Collection Set: 10.8ms
[2022-04-01T17:00:23.186-0400][gc,phases     ] GC(2)   Post Evacuate Collection Set: 0.7ms
[2022-04-01T17:00:23.186-0400][gc,phases     ] GC(2)   Other: 0.2ms
[2022-04-01T17:00:23.186-0400][gc,heap       ] GC(2) Eden regions: 44->0(49)
[2022-04-01T17:00:23.186-0400][gc,heap       ] GC(2) Survivor regions: 7->2(7)
[2022-04-01T17:00:23.186-0400][gc,heap       ] GC(2) Old regions: 0->7
[2022-04-01T17:00:23.186-0400][gc,heap       ] GC(2) Humongous regions: 0->0
[2022-04-01T17:00:23.186-0400][gc,metaspace  ] GC(2) Metaspace: 30955K->30955K(1077248K)
[2022-04-01T17:00:23.186-0400][gc            ] GC(2) Pause Young (Normal) (G1 Evacuation Pause) 50M->8M(1024M) 11.966ms
[2022-04-01T17:00:23.186-0400][gc,cpu        ] GC(2) User=0.05s Sys=0.01s Real=0.01s
[2022-04-01T17:00:24.351-0400][gc,start      ] GC(3) Pause Young (Concurrent Start) (Metadata GC Threshold)
[2022-04-01T17:00:24.351-0400][gc,task       ] GC(3) Using 8 workers of 8 for evacuation
[2022-04-01T17:00:24.355-0400][gc,phases     ] GC(3)   Pre Evacuate Collection Set: 0.0ms
[2022-04-01T17:00:24.355-0400][gc,phases     ] GC(3)   Evacuate Collection Set: 3.4ms
[2022-04-01T17:00:24.355-0400][gc,phases     ] GC(3)   Post Evacuate Collection Set: 0.6ms
[2022-04-01T17:00:24.355-0400][gc,phases     ] GC(3)   Other: 0.2ms
[2022-04-01T17:00:24.355-0400][gc,heap       ] GC(3) Eden regions: 25->0(48)
[2022-04-01T17:00:24.355-0400][gc,heap       ] GC(3) Survivor regions: 2->3(7)
[2022-04-01T17:00:24.355-0400][gc,heap       ] GC(3) Old regions: 7->7
[2022-04-01T17:00:24.355-0400][gc,heap       ] GC(3) Humongous regions: 129->129
[2022-04-01T17:00:24.355-0400][gc,metaspace  ] GC(3) Metaspace: 34538K->34538K(1081344K)
[2022-04-01T17:00:24.355-0400][gc            ] GC(3) Pause Young (Concurrent Start) (Metadata GC Threshold) 161M->138M(1024M) 4.516ms
[2022-04-01T17:00:24.356-0400][gc,cpu        ] GC(3) User=0.02s Sys=0.00s Real=0.00s
[2022-04-01T17:00:24.356-0400][gc            ] GC(4) Concurrent Cycle
[2022-04-01T17:00:24.356-0400][gc,marking    ] GC(4) Concurrent Clear Claimed Marks
[2022-04-01T17:00:24.356-0400][gc,marking    ] GC(4) Concurrent Clear Claimed Marks 0.044ms
[2022-04-01T17:00:24.356-0400][gc,marking    ] GC(4) Concurrent Scan Root Regions
[2022-04-01T17:00:24.358-0400][gc,marking    ] GC(4) Concurrent Scan Root Regions 2.337ms
[2022-04-01T17:00:24.358-0400][gc,marking    ] GC(4) Concurrent Mark (4.148s)
[2022-04-01T17:00:24.358-0400][gc,marking    ] GC(4) Concurrent Mark From Roots
[2022-04-01T17:00:24.358-0400][gc,task       ] GC(4) Using 2 workers of 2 for marking
[2022-04-01T17:00:24.365-0400][gc,marking    ] GC(4) Concurrent Mark From Roots 7.003ms
[2022-04-01T17:00:24.365-0400][gc,marking    ] GC(4) Concurrent Preclean
[2022-04-01T17:00:24.365-0400][gc,marking    ] GC(4) Concurrent Preclean 0.116ms
[2022-04-01T17:00:24.365-0400][gc,marking    ] GC(4) Concurrent Mark (4.148s, 4.156s) 7.232ms
[2022-04-01T17:00:24.366-0400][gc,start      ] GC(4) Pause Remark
[2022-04-01T17:00:24.368-0400][gc,stringtable] GC(4) Cleaned string and symbol table, strings: 10595 processed, 10 removed, symbols: 95464 processed, 32 removed
[2022-04-01T17:00:24.369-0400][gc            ] GC(4) Pause Remark 138M->138M(1024M) 2.788ms
[2022-04-01T17:00:24.369-0400][gc,cpu        ] GC(4) User=0.01s Sys=0.00s Real=0.00s
[2022-04-01T17:00:24.369-0400][gc,marking    ] GC(4) Concurrent Rebuild Remembered Sets
[2022-04-01T17:00:24.374-0400][gc,marking    ] GC(4) Concurrent Rebuild Remembered Sets 4.980ms
[2022-04-01T17:00:24.374-0400][gc,start      ] GC(4) Pause Cleanup
[2022-04-01T17:00:24.374-0400][gc            ] GC(4) Pause Cleanup 139M->139M(1024M) 0.200ms
[2022-04-01T17:00:24.374-0400][gc,cpu        ] GC(4) User=0.01s Sys=0.00s Real=0.00s
[2022-04-01T17:00:24.374-0400][gc,marking    ] GC(4) Concurrent Cleanup for Next Mark
[2022-04-01T17:00:24.383-0400][gc,marking    ] GC(4) Concurrent Cleanup for Next Mark 8.700ms
[2022-04-01T17:00:24.383-0400][gc            ] GC(4) Concurrent Cycle 27.417ms
[2022-04-01T17:00:28.972-0400][gc,heap,exit  ] Heap
[2022-04-01T17:00:28.973-0400][gc,heap,exit  ]  garbage-first heap   total 1048576K, used 186878K [0x00000007c0000000, 0x0000000800000000)
[2022-04-01T17:00:28.973-0400][gc,heap,exit  ]   region size 1024K, 48 young (49152K), 3 survivors (3072K)
[2022-04-01T17:00:28.973-0400][gc,heap,exit  ]  Metaspace       used 41330K, capacity 42760K, committed 42924K, reserved 1087488K
[2022-04-01T17:00:28.973-0400][gc,heap,exit  ]   class space    used 5123K, capacity 5790K, committed 5888K, reserved 1048576K
