[2022-04-01T17:02:40.505-0400][gc,heap] Heap region size: 1M
[2022-04-01T17:02:40.521-0400][gc     ] Using G1
[2022-04-01T17:02:40.521-0400][gc,heap,coops] Heap address: 0x00000007c0000000, size: 1024 MB, Compressed Oops mode: Zero based, Oop shift amount: 3
[2022-04-01T17:02:41.808-0400][gc,start     ] GC(0) Pause Young (Concurrent Start) (Metadata GC Threshold)
[2022-04-01T17:02:41.808-0400][gc,task      ] GC(0) Using 8 workers of 8 for evacuation
[2022-04-01T17:02:41.817-0400][gc,phases    ] GC(0)   Pre Evacuate Collection Set: 0.0ms
[2022-04-01T17:02:41.817-0400][gc,phases    ] GC(0)   Evacuate Collection Set: 7.7ms
[2022-04-01T17:02:41.817-0400][gc,phases    ] GC(0)   Post Evacuate Collection Set: 0.5ms
[2022-04-01T17:02:41.817-0400][gc,phases    ] GC(0)   Other: 1.2ms
[2022-04-01T17:02:41.817-0400][gc,heap      ] GC(0) Eden regions: 42->0(44)
[2022-04-01T17:02:41.817-0400][gc,heap      ] GC(0) Survivor regions: 0->7(7)
[2022-04-01T17:02:41.817-0400][gc,heap      ] GC(0) Old regions: 0->0
[2022-04-01T17:02:41.817-0400][gc,heap      ] GC(0) Humongous regions: 0->0
[2022-04-01T17:02:41.817-0400][gc,metaspace ] GC(0) Metaspace: 20749K->20749K(1069056K)
[2022-04-01T17:02:41.817-0400][gc           ] GC(0) Pause Young (Concurrent Start) (Metadata GC Threshold) 42M->6M(1024M) 9.727ms
[2022-04-01T17:02:41.817-0400][gc,cpu       ] GC(0) User=0.03s Sys=0.00s Real=0.01s
[2022-04-01T17:02:41.817-0400][gc           ] GC(1) Concurrent Cycle
[2022-04-01T17:02:41.818-0400][gc,marking   ] GC(1) Concurrent Clear Claimed Marks
[2022-04-01T17:02:41.818-0400][gc,marking   ] GC(1) Concurrent Clear Claimed Marks 0.035ms
[2022-04-01T17:02:41.818-0400][gc,marking   ] GC(1) Concurrent Scan Root Regions
[2022-04-01T17:02:41.820-0400][gc,marking   ] GC(1) Concurrent Scan Root Regions 2.121ms
[2022-04-01T17:02:41.820-0400][gc,marking   ] GC(1) Concurrent Mark (1.335s)
[2022-04-01T17:02:41.820-0400][gc,marking   ] GC(1) Concurrent Mark From Roots
[2022-04-01T17:02:41.820-0400][gc,task      ] GC(1) Using 2 workers of 2 for marking
[2022-04-01T17:02:41.820-0400][gc,marking   ] GC(1) Concurrent Mark From Roots 0.190ms
[2022-04-01T17:02:41.820-0400][gc,marking   ] GC(1) Concurrent Preclean
[2022-04-01T17:02:41.820-0400][gc,marking   ] GC(1) Concurrent Preclean 0.036ms
[2022-04-01T17:02:41.820-0400][gc,marking   ] GC(1) Concurrent Mark (1.335s, 1.335s) 0.311ms
[2022-04-01T17:02:41.820-0400][gc,start     ] GC(1) Pause Remark
[2022-04-01T17:02:41.822-0400][gc,stringtable] GC(1) Cleaned string and symbol table, strings: 7239 processed, 0 removed, symbols: 63710 processed, 43 removed
[2022-04-01T17:02:41.823-0400][gc            ] GC(1) Pause Remark 7M->7M(1024M) 2.131ms
[2022-04-01T17:02:41.823-0400][gc,cpu        ] GC(1) User=0.01s Sys=0.00s Real=0.00s
[2022-04-01T17:02:41.823-0400][gc,marking    ] GC(1) Concurrent Rebuild Remembered Sets
[2022-04-01T17:02:41.823-0400][gc,marking    ] GC(1) Concurrent Rebuild Remembered Sets 0.047ms
[2022-04-01T17:02:41.823-0400][gc,start      ] GC(1) Pause Cleanup
[2022-04-01T17:02:41.823-0400][gc            ] GC(1) Pause Cleanup 7M->7M(1024M) 0.154ms
[2022-04-01T17:02:41.823-0400][gc,cpu        ] GC(1) User=0.00s Sys=0.00s Real=0.00s
[2022-04-01T17:02:41.823-0400][gc,marking    ] GC(1) Concurrent Cleanup for Next Mark
[2022-04-01T17:02:41.830-0400][gc,marking    ] GC(1) Concurrent Cleanup for Next Mark 7.146ms
[2022-04-01T17:02:41.830-0400][gc            ] GC(1) Concurrent Cycle 12.767ms
[2022-04-01T17:02:43.094-0400][gc,start      ] GC(2) Pause Young (Normal) (G1 Evacuation Pause)
[2022-04-01T17:02:43.094-0400][gc,task       ] GC(2) Using 8 workers of 8 for evacuation
[2022-04-01T17:02:43.105-0400][gc,phases     ] GC(2)   Pre Evacuate Collection Set: 0.0ms
[2022-04-01T17:02:43.105-0400][gc,phases     ] GC(2)   Evacuate Collection Set: 9.5ms
[2022-04-01T17:02:43.105-0400][gc,phases     ] GC(2)   Post Evacuate Collection Set: 0.6ms
[2022-04-01T17:02:43.105-0400][gc,phases     ] GC(2)   Other: 0.2ms
[2022-04-01T17:02:43.105-0400][gc,heap       ] GC(2) Eden regions: 44->0(49)
[2022-04-01T17:02:43.105-0400][gc,heap       ] GC(2) Survivor regions: 7->2(7)
[2022-04-01T17:02:43.105-0400][gc,heap       ] GC(2) Old regions: 0->7
[2022-04-01T17:02:43.105-0400][gc,heap       ] GC(2) Humongous regions: 0->0
[2022-04-01T17:02:43.105-0400][gc,metaspace  ] GC(2) Metaspace: 31065K->31065K(1077248K)
[2022-04-01T17:02:43.105-0400][gc            ] GC(2) Pause Young (Normal) (G1 Evacuation Pause) 50M->8M(1024M) 10.628ms
[2022-04-01T17:02:43.105-0400][gc,cpu        ] GC(2) User=0.05s Sys=0.01s Real=0.01s
[2022-04-01T17:02:44.134-0400][gc,start      ] GC(3) Pause Young (Concurrent Start) (Metadata GC Threshold)
[2022-04-01T17:02:44.134-0400][gc,task       ] GC(3) Using 8 workers of 8 for evacuation
[2022-04-01T17:02:44.137-0400][gc,phases     ] GC(3)   Pre Evacuate Collection Set: 0.0ms
[2022-04-01T17:02:44.137-0400][gc,phases     ] GC(3)   Evacuate Collection Set: 2.3ms
[2022-04-01T17:02:44.137-0400][gc,phases     ] GC(3)   Post Evacuate Collection Set: 0.3ms
[2022-04-01T17:02:44.137-0400][gc,phases     ] GC(3)   Other: 0.2ms
[2022-04-01T17:02:44.137-0400][gc,heap       ] GC(3) Eden regions: 26->0(47)
[2022-04-01T17:02:44.137-0400][gc,heap       ] GC(3) Survivor regions: 2->4(7)
[2022-04-01T17:02:44.137-0400][gc,heap       ] GC(3) Old regions: 7->7
[2022-04-01T17:02:44.137-0400][gc,heap       ] GC(3) Humongous regions: 129->129
[2022-04-01T17:02:44.137-0400][gc,metaspace  ] GC(3) Metaspace: 34737K->34737K(1081344K)
[2022-04-01T17:02:44.137-0400][gc            ] GC(3) Pause Young (Concurrent Start) (Metadata GC Threshold) 162M->138M(1024M) 3.030ms
[2022-04-01T17:02:44.137-0400][gc,cpu        ] GC(3) User=0.01s Sys=0.00s Real=0.00s
[2022-04-01T17:02:44.137-0400][gc            ] GC(4) Concurrent Cycle
[2022-04-01T17:02:44.137-0400][gc,marking    ] GC(4) Concurrent Clear Claimed Marks
[2022-04-01T17:02:44.137-0400][gc,marking    ] GC(4) Concurrent Clear Claimed Marks 0.039ms
[2022-04-01T17:02:44.137-0400][gc,marking    ] GC(4) Concurrent Scan Root Regions
[2022-04-01T17:02:44.138-0400][gc,marking    ] GC(4) Concurrent Scan Root Regions 1.350ms
[2022-04-01T17:02:44.139-0400][gc,marking    ] GC(4) Concurrent Mark (3.653s)
[2022-04-01T17:02:44.139-0400][gc,marking    ] GC(4) Concurrent Mark From Roots
[2022-04-01T17:02:44.139-0400][gc,task       ] GC(4) Using 2 workers of 2 for marking
[2022-04-01T17:02:44.144-0400][gc,marking    ] GC(4) Concurrent Mark From Roots 5.695ms
[2022-04-01T17:02:44.144-0400][gc,marking    ] GC(4) Concurrent Preclean
[2022-04-01T17:02:44.144-0400][gc,marking    ] GC(4) Concurrent Preclean 0.084ms
[2022-04-01T17:02:44.144-0400][gc,marking    ] GC(4) Concurrent Mark (3.653s, 3.659s) 5.878ms
[2022-04-01T17:02:44.145-0400][gc,start      ] GC(4) Pause Remark
[2022-04-01T17:02:44.147-0400][gc,stringtable] GC(4) Cleaned string and symbol table, strings: 10673 processed, 10 removed, symbols: 95741 processed, 32 removed
[2022-04-01T17:02:44.148-0400][gc            ] GC(4) Pause Remark 139M->139M(1024M) 3.132ms
[2022-04-01T17:02:44.148-0400][gc,cpu        ] GC(4) User=0.02s Sys=0.00s Real=0.00s
[2022-04-01T17:02:44.148-0400][gc,marking    ] GC(4) Concurrent Rebuild Remembered Sets
[2022-04-01T17:02:44.151-0400][gc,marking    ] GC(4) Concurrent Rebuild Remembered Sets 3.430ms
[2022-04-01T17:02:44.152-0400][gc,start      ] GC(4) Pause Cleanup
[2022-04-01T17:02:44.152-0400][gc            ] GC(4) Pause Cleanup 139M->139M(1024M) 0.156ms
[2022-04-01T17:02:44.152-0400][gc,cpu        ] GC(4) User=0.00s Sys=0.00s Real=0.00s
[2022-04-01T17:02:44.152-0400][gc,marking    ] GC(4) Concurrent Cleanup for Next Mark
[2022-04-01T17:02:44.160-0400][gc,marking    ] GC(4) Concurrent Cleanup for Next Mark 8.279ms
[2022-04-01T17:02:44.160-0400][gc            ] GC(4) Concurrent Cycle 23.185ms
[2022-04-01T17:02:44.970-0400][gc,start      ] GC(5) Pause Young (Normal) (G1 Evacuation Pause)
[2022-04-01T17:02:44.970-0400][gc,task       ] GC(5) Using 8 workers of 8 for evacuation
[2022-04-01T17:02:44.975-0400][gc,phases     ] GC(5)   Pre Evacuate Collection Set: 0.0ms
[2022-04-01T17:02:44.975-0400][gc,phases     ] GC(5)   Evacuate Collection Set: 4.7ms
[2022-04-01T17:02:44.975-0400][gc,phases     ] GC(5)   Post Evacuate Collection Set: 0.5ms
[2022-04-01T17:02:44.976-0400][gc,phases     ] GC(5)   Other: 0.2ms
[2022-04-01T17:02:44.976-0400][gc,heap       ] GC(5) Eden regions: 47->0(44)
[2022-04-01T17:02:44.976-0400][gc,heap       ] GC(5) Survivor regions: 4->7(7)
[2022-04-01T17:02:44.976-0400][gc,heap       ] GC(5) Old regions: 7->7
[2022-04-01T17:02:44.976-0400][gc,heap       ] GC(5) Humongous regions: 129->129
[2022-04-01T17:02:44.976-0400][gc,metaspace  ] GC(5) Metaspace: 42982K->42982K(1087488K)
[2022-04-01T17:02:44.976-0400][gc            ] GC(5) Pause Young (Normal) (G1 Evacuation Pause) 185M->142M(1024M) 5.560ms
[2022-04-01T17:02:44.976-0400][gc,cpu        ] GC(5) User=0.03s Sys=0.01s Real=0.00s
[2022-04-01T17:08:44.139-0400][gc,start      ] GC(6) Pause Young (Normal) (G1 Evacuation Pause)
[2022-04-01T17:08:44.140-0400][gc,task       ] GC(6) Using 8 workers of 8 for evacuation
[2022-04-01T17:08:44.182-0400][gc,mmu        ] GC(6) MMU target violated: 21.0ms (20.0ms/21.0ms)
[2022-04-01T17:08:44.182-0400][gc,phases     ] GC(6)   Pre Evacuate Collection Set: 1.0ms
[2022-04-01T17:08:44.182-0400][gc,phases     ] GC(6)   Evacuate Collection Set: 38.4ms
[2022-04-01T17:08:44.182-0400][gc,phases     ] GC(6)   Post Evacuate Collection Set: 1.5ms
[2022-04-01T17:08:44.182-0400][gc,phases     ] GC(6)   Other: 1.7ms
[2022-04-01T17:08:44.182-0400][gc,heap       ] GC(6) Eden regions: 44->0(48)
[2022-04-01T17:08:44.182-0400][gc,heap       ] GC(6) Survivor regions: 7->3(7)
[2022-04-01T17:08:44.182-0400][gc,heap       ] GC(6) Old regions: 7->14
[2022-04-01T17:08:44.182-0400][gc,heap       ] GC(6) Humongous regions: 141->129
[2022-04-01T17:08:44.182-0400][gc,metaspace  ] GC(6) Metaspace: 49497K->49497K(1093632K)
[2022-04-01T17:08:44.182-0400][gc            ] GC(6) Pause Young (Normal) (G1 Evacuation Pause) 198M->144M(1024M) 42.892ms
[2022-04-01T17:08:44.182-0400][gc,cpu        ] GC(6) User=0.06s Sys=0.11s Real=0.05s
[2022-04-01T17:27:00.543-0400][gc,start      ] GC(7) Pause Young (Normal) (G1 Evacuation Pause)
[2022-04-01T17:27:00.543-0400][gc,task       ] GC(7) Using 8 workers of 8 for evacuation
[2022-04-01T17:27:00.550-0400][gc,phases     ] GC(7)   Pre Evacuate Collection Set: 0.1ms
[2022-04-01T17:27:00.550-0400][gc,phases     ] GC(7)   Evacuate Collection Set: 5.4ms
[2022-04-01T17:27:00.550-0400][gc,phases     ] GC(7)   Post Evacuate Collection Set: 0.8ms
[2022-04-01T17:27:00.550-0400][gc,phases     ] GC(7)   Other: 1.1ms
[2022-04-01T17:27:00.550-0400][gc,heap       ] GC(7) Eden regions: 48->0(47)
[2022-04-01T17:27:00.550-0400][gc,heap       ] GC(7) Survivor regions: 3->4(7)
[2022-04-01T17:27:00.550-0400][gc,heap       ] GC(7) Old regions: 14->14
[2022-04-01T17:27:00.550-0400][gc,heap       ] GC(7) Humongous regions: 129->129
[2022-04-01T17:27:00.550-0400][gc,metaspace  ] GC(7) Metaspace: 51847K->51847K(1095680K)
[2022-04-01T17:27:00.550-0400][gc            ] GC(7) Pause Young (Normal) (G1 Evacuation Pause) 192M->145M(1024M) 7.487ms
[2022-04-01T17:27:00.550-0400][gc,cpu        ] GC(7) User=0.03s Sys=0.01s Real=0.01s
[2022-04-01T17:28:20.141-0400][gc,start      ] GC(8) Pause Young (Normal) (G1 Evacuation Pause)
[2022-04-01T17:28:20.141-0400][gc,task       ] GC(8) Using 8 workers of 8 for evacuation
[2022-04-01T17:28:20.148-0400][gc,phases     ] GC(8)   Pre Evacuate Collection Set: 0.0ms
[2022-04-01T17:28:20.148-0400][gc,phases     ] GC(8)   Evacuate Collection Set: 4.8ms
[2022-04-01T17:28:20.148-0400][gc,phases     ] GC(8)   Post Evacuate Collection Set: 1.7ms
[2022-04-01T17:28:20.148-0400][gc,phases     ] GC(8)   Other: 0.7ms
[2022-04-01T17:28:20.148-0400][gc,heap       ] GC(8) Eden regions: 47->0(47)
[2022-04-01T17:28:20.148-0400][gc,heap       ] GC(8) Survivor regions: 4->4(7)
[2022-04-01T17:28:20.148-0400][gc,heap       ] GC(8) Old regions: 14->14
[2022-04-01T17:28:20.148-0400][gc,heap       ] GC(8) Humongous regions: 129->129
[2022-04-01T17:28:20.148-0400][gc,metaspace  ] GC(8) Metaspace: 51868K->51868K(1095680K)
[2022-04-01T17:28:20.148-0400][gc            ] GC(8) Pause Young (Normal) (G1 Evacuation Pause) 192M->145M(1024M) 7.470ms
[2022-04-01T17:28:20.148-0400][gc,cpu        ] GC(8) User=0.03s Sys=0.00s Real=0.00s
[2022-04-01T17:29:52.580-0400][gc,start      ] GC(9) Pause Young (Normal) (G1 Evacuation Pause)
[2022-04-01T17:29:52.581-0400][gc,task       ] GC(9) Using 8 workers of 8 for evacuation
[2022-04-01T17:29:52.585-0400][gc,phases     ] GC(9)   Pre Evacuate Collection Set: 0.0ms
[2022-04-01T17:29:52.585-0400][gc,phases     ] GC(9)   Evacuate Collection Set: 3.1ms
[2022-04-01T17:29:52.585-0400][gc,phases     ] GC(9)   Post Evacuate Collection Set: 0.7ms
[2022-04-01T17:29:52.585-0400][gc,phases     ] GC(9)   Other: 0.8ms
[2022-04-01T17:29:52.585-0400][gc,heap       ] GC(9) Eden regions: 47->0(58)
[2022-04-01T17:29:52.585-0400][gc,heap       ] GC(9) Survivor regions: 4->4(7)
[2022-04-01T17:29:52.585-0400][gc,heap       ] GC(9) Old regions: 14->14
[2022-04-01T17:29:52.585-0400][gc,heap       ] GC(9) Humongous regions: 129->129
[2022-04-01T17:29:52.585-0400][gc,metaspace  ] GC(9) Metaspace: 51897K->51897K(1095680K)
[2022-04-01T17:29:52.585-0400][gc            ] GC(9) Pause Young (Normal) (G1 Evacuation Pause) 192M->145M(1024M) 4.724ms
[2022-04-01T17:29:52.585-0400][gc,cpu        ] GC(9) User=0.02s Sys=0.00s Real=0.00s
[2022-04-01T17:31:46.455-0400][gc,start      ] GC(10) Pause Young (Normal) (G1 Evacuation Pause)
[2022-04-01T17:31:46.455-0400][gc,task       ] GC(10) Using 8 workers of 8 for evacuation
[2022-04-01T17:31:46.460-0400][gc,phases     ] GC(10)   Pre Evacuate Collection Set: 0.0ms
[2022-04-01T17:31:46.461-0400][gc,phases     ] GC(10)   Evacuate Collection Set: 4.1ms
[2022-04-01T17:31:46.461-0400][gc,phases     ] GC(10)   Post Evacuate Collection Set: 0.8ms
[2022-04-01T17:31:46.461-0400][gc,phases     ] GC(10)   Other: 0.7ms
[2022-04-01T17:31:46.461-0400][gc,heap       ] GC(10) Eden regions: 58->0(378)
[2022-04-01T17:31:46.461-0400][gc,heap       ] GC(10) Survivor regions: 4->4(8)
[2022-04-01T17:31:46.461-0400][gc,heap       ] GC(10) Old regions: 14->14
[2022-04-01T17:31:46.461-0400][gc,heap       ] GC(10) Humongous regions: 129->129
[2022-04-01T17:31:46.461-0400][gc,metaspace  ] GC(10) Metaspace: 51916K->51916K(1095680K)
[2022-04-01T17:31:46.461-0400][gc            ] GC(10) Pause Young (Normal) (G1 Evacuation Pause) 203M->145M(1024M) 5.735ms
[2022-04-01T17:31:46.461-0400][gc,cpu        ] GC(10) User=0.03s Sys=0.00s Real=0.01s
[2022-04-01T17:44:23.069-0400][gc,start      ] GC(11) Pause Young (Normal) (G1 Evacuation Pause)
[2022-04-01T17:44:23.071-0400][gc,task       ] GC(11) Using 8 workers of 8 for evacuation
[2022-04-01T17:44:23.089-0400][gc,phases     ] GC(11)   Pre Evacuate Collection Set: 1.2ms
[2022-04-01T17:44:23.089-0400][gc,phases     ] GC(11)   Evacuate Collection Set: 14.0ms
[2022-04-01T17:44:23.089-0400][gc,phases     ] GC(11)   Post Evacuate Collection Set: 1.6ms
[2022-04-01T17:44:23.089-0400][gc,phases     ] GC(11)   Other: 3.3ms
[2022-04-01T17:44:23.089-0400][gc,heap       ] GC(11) Eden regions: 378->0(378)
[2022-04-01T17:44:23.089-0400][gc,heap       ] GC(11) Survivor regions: 4->4(48)
[2022-04-01T17:44:23.089-0400][gc,heap       ] GC(11) Old regions: 14->14
[2022-04-01T17:44:23.089-0400][gc,heap       ] GC(11) Humongous regions: 129->129
[2022-04-01T17:44:23.089-0400][gc,metaspace  ] GC(11) Metaspace: 52059K->52059K(1095680K)
[2022-04-01T17:44:23.089-0400][gc            ] GC(11) Pause Young (Normal) (G1 Evacuation Pause) 523M->145M(1024M) 20.068ms
[2022-04-01T17:44:23.089-0400][gc,cpu        ] GC(11) User=0.05s Sys=0.04s Real=0.02s
[2022-04-01T17:57:21.554-0400][gc,start      ] GC(12) Pause Young (Normal) (G1 Evacuation Pause)
[2022-04-01T17:57:21.555-0400][gc,task       ] GC(12) Using 8 workers of 8 for evacuation
[2022-04-01T17:57:21.569-0400][gc,phases     ] GC(12)   Pre Evacuate Collection Set: 0.0ms
[2022-04-01T17:57:21.569-0400][gc,phases     ] GC(12)   Evacuate Collection Set: 12.3ms
[2022-04-01T17:57:21.569-0400][gc,phases     ] GC(12)   Post Evacuate Collection Set: 1.8ms
[2022-04-01T17:57:21.569-0400][gc,phases     ] GC(12)   Other: 1.2ms
[2022-04-01T17:57:21.569-0400][gc,heap       ] GC(12) Eden regions: 378->0(382)
[2022-04-01T17:57:21.569-0400][gc,heap       ] GC(12) Survivor regions: 4->4(48)
[2022-04-01T17:57:21.569-0400][gc,heap       ] GC(12) Old regions: 14->14
[2022-04-01T17:57:21.569-0400][gc,heap       ] GC(12) Humongous regions: 129->129
[2022-04-01T17:57:21.569-0400][gc,metaspace  ] GC(12) Metaspace: 52129K->52129K(1095680K)
[2022-04-01T17:57:21.569-0400][gc            ] GC(12) Pause Young (Normal) (G1 Evacuation Pause) 523M->145M(1024M) 15.470ms
[2022-04-01T17:57:21.569-0400][gc,cpu        ] GC(12) User=0.04s Sys=0.04s Real=0.01s
[2022-04-01T18:10:15.137-0400][gc,start      ] GC(13) Pause Young (Normal) (G1 Evacuation Pause)
[2022-04-01T18:10:15.138-0400][gc,task       ] GC(13) Using 8 workers of 8 for evacuation
[2022-04-01T18:10:15.151-0400][gc,phases     ] GC(13)   Pre Evacuate Collection Set: 0.6ms
[2022-04-01T18:10:15.152-0400][gc,phases     ] GC(13)   Evacuate Collection Set: 8.7ms
[2022-04-01T18:10:15.152-0400][gc,phases     ] GC(13)   Post Evacuate Collection Set: 2.9ms
[2022-04-01T18:10:15.152-0400][gc,phases     ] GC(13)   Other: 2.1ms
[2022-04-01T18:10:15.152-0400][gc,heap       ] GC(13) Eden regions: 382->0(386)
[2022-04-01T18:10:15.152-0400][gc,heap       ] GC(13) Survivor regions: 4->4(49)
[2022-04-01T18:10:15.152-0400][gc,heap       ] GC(13) Old regions: 14->14
[2022-04-01T18:10:15.152-0400][gc,heap       ] GC(13) Humongous regions: 129->129
[2022-04-01T18:10:15.152-0400][gc,metaspace  ] GC(13) Metaspace: 52223K->52223K(1095680K)
[2022-04-01T18:10:15.152-0400][gc            ] GC(13) Pause Young (Normal) (G1 Evacuation Pause) 527M->145M(1024M) 14.507ms
[2022-04-01T18:10:15.152-0400][gc,cpu        ] GC(13) User=0.04s Sys=0.02s Real=0.02s
[2022-04-01T18:23:14.182-0400][gc,start      ] GC(14) Pause Young (Normal) (G1 Evacuation Pause)
[2022-04-01T18:23:14.183-0400][gc,task       ] GC(14) Using 8 workers of 8 for evacuation
[2022-04-01T18:23:14.205-0400][gc,mmu        ] GC(14) MMU target violated: 21.0ms (20.0ms/21.0ms)
[2022-04-01T18:23:14.205-0400][gc,phases     ] GC(14)   Pre Evacuate Collection Set: 0.1ms
[2022-04-01T18:23:14.205-0400][gc,phases     ] GC(14)   Evacuate Collection Set: 18.7ms
[2022-04-01T18:23:14.205-0400][gc,phases     ] GC(14)   Post Evacuate Collection Set: 2.1ms
[2022-04-01T18:23:14.205-0400][gc,phases     ] GC(14)   Other: 2.2ms
[2022-04-01T18:23:14.205-0400][gc,heap       ] GC(14) Eden regions: 386->0(386)
[2022-04-01T18:23:14.205-0400][gc,heap       ] GC(14) Survivor regions: 4->4(49)
[2022-04-01T18:23:14.205-0400][gc,heap       ] GC(14) Old regions: 14->14
[2022-04-01T18:23:14.205-0400][gc,heap       ] GC(14) Humongous regions: 129->129
[2022-04-01T18:23:14.205-0400][gc,metaspace  ] GC(14) Metaspace: 52464K->52464K(1095680K)
[2022-04-01T18:23:14.205-0400][gc            ] GC(14) Pause Young (Normal) (G1 Evacuation Pause) 531M->145M(1024M) 23.235ms
[2022-04-01T18:23:14.205-0400][gc,cpu        ] GC(14) User=0.07s Sys=0.05s Real=0.02s
[2022-04-01T18:28:04.995-0400][gc,start      ] GC(15) Pause Young (Normal) (G1 Evacuation Pause)
[2022-04-01T18:28:04.996-0400][gc,task       ] GC(15) Using 8 workers of 8 for evacuation
[2022-04-01T18:28:05.009-0400][gc,phases     ] GC(15)   Pre Evacuate Collection Set: 0.1ms
[2022-04-01T18:28:05.009-0400][gc,phases     ] GC(15)   Evacuate Collection Set: 10.6ms
[2022-04-01T18:28:05.009-0400][gc,phases     ] GC(15)   Post Evacuate Collection Set: 1.9ms
[2022-04-01T18:28:05.009-0400][gc,phases     ] GC(15)   Other: 0.8ms
[2022-04-01T18:28:05.009-0400][gc,heap       ] GC(15) Eden regions: 386->0(388)
[2022-04-01T18:28:05.009-0400][gc,heap       ] GC(15) Survivor regions: 4->5(49)
[2022-04-01T18:28:05.009-0400][gc,heap       ] GC(15) Old regions: 14->14
[2022-04-01T18:28:05.009-0400][gc,heap       ] GC(15) Humongous regions: 129->129
[2022-04-01T18:28:05.009-0400][gc,metaspace  ] GC(15) Metaspace: 52885K->52885K(1097728K)
[2022-04-01T18:28:05.009-0400][gc            ] GC(15) Pause Young (Normal) (G1 Evacuation Pause) 531M->146M(1024M) 13.569ms
[2022-04-01T18:28:05.009-0400][gc,cpu        ] GC(15) User=0.04s Sys=0.00s Real=0.01s
[2022-04-01T18:28:13.403-0400][gc,start      ] GC(16) Pause Young (Normal) (G1 Evacuation Pause)
[2022-04-01T18:28:13.403-0400][gc,task       ] GC(16) Using 8 workers of 8 for evacuation
[2022-04-01T18:28:13.409-0400][gc,phases     ] GC(16)   Pre Evacuate Collection Set: 0.0ms
[2022-04-01T18:28:13.410-0400][gc,phases     ] GC(16)   Evacuate Collection Set: 4.9ms
[2022-04-01T18:28:13.410-0400][gc,phases     ] GC(16)   Post Evacuate Collection Set: 1.1ms
[2022-04-01T18:28:13.410-0400][gc,phases     ] GC(16)   Other: 0.3ms
[2022-04-01T18:28:13.410-0400][gc,heap       ] GC(16) Eden regions: 388->0(397)
[2022-04-01T18:28:13.410-0400][gc,heap       ] GC(16) Survivor regions: 5->5(50)
[2022-04-01T18:28:13.410-0400][gc,heap       ] GC(16) Old regions: 14->14
[2022-04-01T18:28:13.410-0400][gc,heap       ] GC(16) Humongous regions: 129->129
[2022-04-01T18:28:13.410-0400][gc,metaspace  ] GC(16) Metaspace: 52906K->52906K(1097728K)
[2022-04-01T18:28:13.410-0400][gc            ] GC(16) Pause Young (Normal) (G1 Evacuation Pause) 534M->146M(1024M) 6.384ms
[2022-04-01T18:28:13.410-0400][gc,cpu        ] GC(16) User=0.03s Sys=0.00s Real=0.01s
[2022-04-01T18:28:21.137-0400][gc,start      ] GC(17) Pause Young (Normal) (G1 Evacuation Pause)
[2022-04-01T18:28:21.138-0400][gc,task       ] GC(17) Using 8 workers of 8 for evacuation
[2022-04-01T18:28:21.150-0400][gc,phases     ] GC(17)   Pre Evacuate Collection Set: 0.0ms
[2022-04-01T18:28:21.150-0400][gc,phases     ] GC(17)   Evacuate Collection Set: 10.2ms
[2022-04-01T18:28:21.150-0400][gc,phases     ] GC(17)   Post Evacuate Collection Set: 1.8ms
[2022-04-01T18:28:21.150-0400][gc,phases     ] GC(17)   Other: 0.7ms
[2022-04-01T18:28:21.150-0400][gc,heap       ] GC(17) Eden regions: 397->0(399)
[2022-04-01T18:28:21.150-0400][gc,heap       ] GC(17) Survivor regions: 5->5(51)
[2022-04-01T18:28:21.150-0400][gc,heap       ] GC(17) Old regions: 14->14
[2022-04-01T18:28:21.150-0400][gc,heap       ] GC(17) Humongous regions: 129->129
[2022-04-01T18:28:21.150-0400][gc,metaspace  ] GC(17) Metaspace: 52906K->52906K(1097728K)
[2022-04-01T18:28:21.150-0400][gc            ] GC(17) Pause Young (Normal) (G1 Evacuation Pause) 543M->146M(1024M) 12.851ms
[2022-04-01T18:28:21.150-0400][gc,cpu        ] GC(17) User=0.04s Sys=0.00s Real=0.02s
[2022-04-01T18:30:21.247-0400][gc,start      ] GC(18) Pause Young (Normal) (G1 Evacuation Pause)
[2022-04-01T18:30:21.248-0400][gc,task       ] GC(18) Using 8 workers of 8 for evacuation
[2022-04-01T18:30:21.275-0400][gc,mmu        ] GC(18) MMU target violated: 21.0ms (20.0ms/21.0ms)
[2022-04-01T18:30:21.275-0400][gc,phases     ] GC(18)   Pre Evacuate Collection Set: 0.0ms
[2022-04-01T18:30:21.275-0400][gc,phases     ] GC(18)   Evacuate Collection Set: 22.1ms
[2022-04-01T18:30:21.275-0400][gc,phases     ] GC(18)   Post Evacuate Collection Set: 5.0ms
[2022-04-01T18:30:21.275-0400][gc,phases     ] GC(18)   Other: 1.6ms
[2022-04-01T18:30:21.275-0400][gc,heap       ] GC(18) Eden regions: 399->0(401)
[2022-04-01T18:30:21.275-0400][gc,heap       ] GC(18) Survivor regions: 5->5(51)
[2022-04-01T18:30:21.275-0400][gc,heap       ] GC(18) Old regions: 14->14
[2022-04-01T18:30:21.275-0400][gc,heap       ] GC(18) Humongous regions: 129->129
[2022-04-01T18:30:21.275-0400][gc,metaspace  ] GC(18) Metaspace: 52967K->52967K(1097728K)
[2022-04-01T18:30:21.275-0400][gc            ] GC(18) Pause Young (Normal) (G1 Evacuation Pause) 545M->146M(1024M) 28.837ms
[2022-04-01T18:30:21.275-0400][gc,cpu        ] GC(18) User=0.04s Sys=0.01s Real=0.03s
[2022-04-01T18:30:31.345-0400][gc,start      ] GC(19) Pause Young (Normal) (G1 Evacuation Pause)
[2022-04-01T18:30:31.346-0400][gc,task       ] GC(19) Using 8 workers of 8 for evacuation
[2022-04-01T18:30:31.359-0400][gc,phases     ] GC(19)   Pre Evacuate Collection Set: 0.0ms
[2022-04-01T18:30:31.359-0400][gc,phases     ] GC(19)   Evacuate Collection Set: 9.7ms
[2022-04-01T18:30:31.359-0400][gc,phases     ] GC(19)   Post Evacuate Collection Set: 3.4ms
[2022-04-01T18:30:31.360-0400][gc,phases     ] GC(19)   Other: 0.8ms
[2022-04-01T18:30:31.360-0400][gc,heap       ] GC(19) Eden regions: 401->0(404)
[2022-04-01T18:30:31.360-0400][gc,heap       ] GC(19) Survivor regions: 5->5(51)
[2022-04-01T18:30:31.360-0400][gc,heap       ] GC(19) Old regions: 14->14
[2022-04-01T18:30:31.360-0400][gc,heap       ] GC(19) Humongous regions: 129->129
[2022-04-01T18:30:31.360-0400][gc,metaspace  ] GC(19) Metaspace: 52968K->52968K(1097728K)
[2022-04-01T18:30:31.360-0400][gc            ] GC(19) Pause Young (Normal) (G1 Evacuation Pause) 547M->146M(1024M) 14.220ms
[2022-04-01T18:30:31.360-0400][gc,cpu        ] GC(19) User=0.04s Sys=0.00s Real=0.02s
[2022-04-01T18:30:40.845-0400][gc,start      ] GC(20) Pause Young (Normal) (G1 Evacuation Pause)
[2022-04-01T18:30:40.846-0400][gc,task       ] GC(20) Using 8 workers of 8 for evacuation
[2022-04-01T18:30:40.857-0400][gc,phases     ] GC(20)   Pre Evacuate Collection Set: 0.0ms
[2022-04-01T18:30:40.857-0400][gc,phases     ] GC(20)   Evacuate Collection Set: 8.6ms
[2022-04-01T18:30:40.857-0400][gc,phases     ] GC(20)   Post Evacuate Collection Set: 2.8ms
[2022-04-01T18:30:40.857-0400][gc,phases     ] GC(20)   Other: 1.2ms
[2022-04-01T18:30:40.857-0400][gc,heap       ] GC(20) Eden regions: 404->0(414)
[2022-04-01T18:30:40.857-0400][gc,heap       ] GC(20) Survivor regions: 5->5(52)
[2022-04-01T18:30:40.857-0400][gc,heap       ] GC(20) Old regions: 14->14
[2022-04-01T18:30:40.857-0400][gc,heap       ] GC(20) Humongous regions: 129->129
[2022-04-01T18:30:40.858-0400][gc,metaspace  ] GC(20) Metaspace: 52970K->52970K(1097728K)
[2022-04-01T18:30:40.858-0400][gc            ] GC(20) Pause Young (Normal) (G1 Evacuation Pause) 550M->146M(1024M) 12.811ms
[2022-04-01T18:30:40.858-0400][gc,cpu        ] GC(20) User=0.05s Sys=0.00s Real=0.01s
[2022-04-01T18:30:50.978-0400][gc,start      ] GC(21) Pause Young (Normal) (G1 Evacuation Pause)
[2022-04-01T18:30:50.978-0400][gc,task       ] GC(21) Using 8 workers of 8 for evacuation
[2022-04-01T18:30:50.990-0400][gc,phases     ] GC(21)   Pre Evacuate Collection Set: 0.0ms
[2022-04-01T18:30:50.990-0400][gc,phases     ] GC(21)   Evacuate Collection Set: 8.0ms
[2022-04-01T18:30:50.990-0400][gc,phases     ] GC(21)   Post Evacuate Collection Set: 3.4ms
[2022-04-01T18:30:50.990-0400][gc,phases     ] GC(21)   Other: 0.3ms
[2022-04-01T18:30:50.990-0400][gc,heap       ] GC(21) Eden regions: 414->0(421)
[2022-04-01T18:30:50.990-0400][gc,heap       ] GC(21) Survivor regions: 5->4(53)
[2022-04-01T18:30:50.990-0400][gc,heap       ] GC(21) Old regions: 14->15
[2022-04-01T18:30:50.990-0400][gc,heap       ] GC(21) Humongous regions: 129->129
[2022-04-01T18:30:50.990-0400][gc,metaspace  ] GC(21) Metaspace: 52979K->52979K(1097728K)
[2022-04-01T18:30:50.990-0400][gc            ] GC(21) Pause Young (Normal) (G1 Evacuation Pause) 560M->146M(1024M) 12.094ms
[2022-04-01T18:30:50.990-0400][gc,cpu        ] GC(21) User=0.04s Sys=0.00s Real=0.02s
[2022-04-01T19:04:20.260-0400][gc,heap,exit  ] Heap
[2022-04-01T19:04:20.260-0400][gc,heap,exit  ]  garbage-first heap   total 1048576K, used 336778K [0x00000007c0000000, 0x0000000800000000)
[2022-04-01T19:04:20.260-0400][gc,heap,exit  ]   region size 1024K, 188 young (192512K), 4 survivors (4096K)
[2022-04-01T19:04:20.260-0400][gc,heap,exit  ]  Metaspace       used 54086K, capacity 57111K, committed 57168K, reserved 1097728K
[2022-04-01T19:04:20.260-0400][gc,heap,exit  ]   class space    used 7097K, capacity 8575K, committed 8624K, reserved 1048576K
