[2022-03-31T11:08:41.275-0400][gc,heap] Heap region size: 1M
[2022-03-31T11:08:41.288-0400][gc     ] Using G1
[2022-03-31T11:08:41.288-0400][gc,heap,coops] Heap address: 0x00000007c0000000, size: 1024 MB, Compressed Oops mode: Zero based, Oop shift amount: 3
[2022-03-31T11:08:42.833-0400][gc,start     ] GC(0) Pause Young (Concurrent Start) (Metadata GC Threshold)
[2022-03-31T11:08:42.834-0400][gc,task      ] GC(0) Using 8 workers of 8 for evacuation
[2022-03-31T11:08:42.842-0400][gc,phases    ] GC(0)   Pre Evacuate Collection Set: 0.0ms
[2022-03-31T11:08:42.842-0400][gc,phases    ] GC(0)   Evacuate Collection Set: 7.8ms
[2022-03-31T11:08:42.842-0400][gc,phases    ] GC(0)   Post Evacuate Collection Set: 0.4ms
[2022-03-31T11:08:42.842-0400][gc,phases    ] GC(0)   Other: 0.9ms
[2022-03-31T11:08:42.842-0400][gc,heap      ] GC(0) Eden regions: 42->0(44)
[2022-03-31T11:08:42.842-0400][gc,heap      ] GC(0) Survivor regions: 0->7(7)
[2022-03-31T11:08:42.842-0400][gc,heap      ] GC(0) Old regions: 0->0
[2022-03-31T11:08:42.842-0400][gc,heap      ] GC(0) Humongous regions: 0->0
[2022-03-31T11:08:42.842-0400][gc,metaspace ] GC(0) Metaspace: 20702K->20702K(1069056K)
[2022-03-31T11:08:42.842-0400][gc           ] GC(0) Pause Young (Concurrent Start) (Metadata GC Threshold) 42M->6M(1024M) 9.301ms
[2022-03-31T11:08:42.842-0400][gc,cpu       ] GC(0) User=0.02s Sys=0.01s Real=0.01s
[2022-03-31T11:08:42.842-0400][gc           ] GC(1) Concurrent Cycle
[2022-03-31T11:08:42.842-0400][gc,marking   ] GC(1) Concurrent Clear Claimed Marks
[2022-03-31T11:08:42.842-0400][gc,marking   ] GC(1) Concurrent Clear Claimed Marks 0.028ms
[2022-03-31T11:08:42.842-0400][gc,marking   ] GC(1) Concurrent Scan Root Regions
[2022-03-31T11:08:42.844-0400][gc,marking   ] GC(1) Concurrent Scan Root Regions 1.805ms
[2022-03-31T11:08:42.844-0400][gc,marking   ] GC(1) Concurrent Mark (1.584s)
[2022-03-31T11:08:42.844-0400][gc,marking   ] GC(1) Concurrent Mark From Roots
[2022-03-31T11:08:42.844-0400][gc,task      ] GC(1) Using 2 workers of 2 for marking
[2022-03-31T11:08:42.845-0400][gc,marking   ] GC(1) Concurrent Mark From Roots 0.306ms
[2022-03-31T11:08:42.845-0400][gc,marking   ] GC(1) Concurrent Preclean
[2022-03-31T11:08:42.845-0400][gc,marking   ] GC(1) Concurrent Preclean 0.066ms
[2022-03-31T11:08:42.845-0400][gc,marking   ] GC(1) Concurrent Mark (1.584s, 1.584s) 0.489ms
[2022-03-31T11:08:42.845-0400][gc,start     ] GC(1) Pause Remark
[2022-03-31T11:08:42.847-0400][gc,stringtable] GC(1) Cleaned string and symbol table, strings: 7213 processed, 0 removed, symbols: 63703 processed, 43 removed
[2022-03-31T11:08:42.847-0400][gc            ] GC(1) Pause Remark 7M->7M(1024M) 1.793ms
[2022-03-31T11:08:42.847-0400][gc,cpu        ] GC(1) User=0.00s Sys=0.00s Real=0.00s
[2022-03-31T11:08:42.847-0400][gc,marking    ] GC(1) Concurrent Rebuild Remembered Sets
[2022-03-31T11:08:42.847-0400][gc,marking    ] GC(1) Concurrent Rebuild Remembered Sets 0.104ms
[2022-03-31T11:08:42.847-0400][gc,start      ] GC(1) Pause Cleanup
[2022-03-31T11:08:42.847-0400][gc            ] GC(1) Pause Cleanup 7M->7M(1024M) 0.127ms
[2022-03-31T11:08:42.847-0400][gc,cpu        ] GC(1) User=0.00s Sys=0.00s Real=0.00s
[2022-03-31T11:08:42.847-0400][gc,marking    ] GC(1) Concurrent Cleanup for Next Mark
[2022-03-31T11:08:42.856-0400][gc,marking    ] GC(1) Concurrent Cleanup for Next Mark 8.046ms
[2022-03-31T11:08:42.856-0400][gc            ] GC(1) Concurrent Cycle 13.274ms
[2022-03-31T11:08:44.385-0400][gc,start      ] GC(2) Pause Young (Normal) (G1 Evacuation Pause)
[2022-03-31T11:08:44.385-0400][gc,task       ] GC(2) Using 8 workers of 8 for evacuation
[2022-03-31T11:08:44.395-0400][gc,phases     ] GC(2)   Pre Evacuate Collection Set: 0.0ms
[2022-03-31T11:08:44.395-0400][gc,phases     ] GC(2)   Evacuate Collection Set: 9.1ms
[2022-03-31T11:08:44.395-0400][gc,phases     ] GC(2)   Post Evacuate Collection Set: 0.6ms
[2022-03-31T11:08:44.395-0400][gc,phases     ] GC(2)   Other: 0.2ms
[2022-03-31T11:08:44.395-0400][gc,heap       ] GC(2) Eden regions: 44->0(49)
[2022-03-31T11:08:44.395-0400][gc,heap       ] GC(2) Survivor regions: 7->2(7)
[2022-03-31T11:08:44.396-0400][gc,heap       ] GC(2) Old regions: 0->7
[2022-03-31T11:08:44.396-0400][gc,heap       ] GC(2) Humongous regions: 0->0
[2022-03-31T11:08:44.396-0400][gc,metaspace  ] GC(2) Metaspace: 31135K->31135K(1077248K)
[2022-03-31T11:08:44.396-0400][gc            ] GC(2) Pause Young (Normal) (G1 Evacuation Pause) 50M->8M(1024M) 10.129ms
[2022-03-31T11:08:44.396-0400][gc,cpu        ] GC(2) User=0.06s Sys=0.01s Real=0.01s
[2022-03-31T11:08:46.722-0400][gc,start      ] GC(3) Pause Young (Concurrent Start) (Metadata GC Threshold)
[2022-03-31T11:08:46.722-0400][gc,task       ] GC(3) Using 8 workers of 8 for evacuation
[2022-03-31T11:08:46.728-0400][gc,phases     ] GC(3)   Pre Evacuate Collection Set: 0.0ms
[2022-03-31T11:08:46.728-0400][gc,phases     ] GC(3)   Evacuate Collection Set: 5.0ms
[2022-03-31T11:08:46.728-0400][gc,phases     ] GC(3)   Post Evacuate Collection Set: 0.4ms
[2022-03-31T11:08:46.728-0400][gc,phases     ] GC(3)   Other: 0.2ms
[2022-03-31T11:08:46.728-0400][gc,heap       ] GC(3) Eden regions: 26->0(47)
[2022-03-31T11:08:46.728-0400][gc,heap       ] GC(3) Survivor regions: 2->4(7)
[2022-03-31T11:08:46.728-0400][gc,heap       ] GC(3) Old regions: 7->7
[2022-03-31T11:08:46.728-0400][gc,heap       ] GC(3) Humongous regions: 129->129
[2022-03-31T11:08:46.728-0400][gc,metaspace  ] GC(3) Metaspace: 34527K->34527K(1081344K)
[2022-03-31T11:08:46.728-0400][gc            ] GC(3) Pause Young (Concurrent Start) (Metadata GC Threshold) 163M->138M(1024M) 5.754ms
[2022-03-31T11:08:46.728-0400][gc,cpu        ] GC(3) User=0.02s Sys=0.00s Real=0.00s
[2022-03-31T11:08:46.728-0400][gc            ] GC(4) Concurrent Cycle
[2022-03-31T11:08:46.728-0400][gc,marking    ] GC(4) Concurrent Clear Claimed Marks
[2022-03-31T11:08:46.728-0400][gc,marking    ] GC(4) Concurrent Clear Claimed Marks 0.072ms
[2022-03-31T11:08:46.728-0400][gc,marking    ] GC(4) Concurrent Scan Root Regions
[2022-03-31T11:08:46.730-0400][gc,marking    ] GC(4) Concurrent Scan Root Regions 1.572ms
[2022-03-31T11:08:46.730-0400][gc,marking    ] GC(4) Concurrent Mark (5.469s)
[2022-03-31T11:08:46.730-0400][gc,marking    ] GC(4) Concurrent Mark From Roots
[2022-03-31T11:08:46.730-0400][gc,task       ] GC(4) Using 2 workers of 2 for marking
[2022-03-31T11:08:46.736-0400][gc,marking    ] GC(4) Concurrent Mark From Roots 6.055ms
[2022-03-31T11:08:46.736-0400][gc,marking    ] GC(4) Concurrent Preclean
[2022-03-31T11:08:46.736-0400][gc,marking    ] GC(4) Concurrent Preclean 0.075ms
[2022-03-31T11:08:46.736-0400][gc,marking    ] GC(4) Concurrent Mark (5.469s, 5.475s) 6.204ms
[2022-03-31T11:08:46.736-0400][gc,start      ] GC(4) Pause Remark
[2022-03-31T11:08:46.739-0400][gc,stringtable] GC(4) Cleaned string and symbol table, strings: 10600 processed, 10 removed, symbols: 95240 processed, 32 removed
[2022-03-31T11:08:46.739-0400][gc            ] GC(4) Pause Remark 139M->139M(1024M) 3.207ms
[2022-03-31T11:08:46.739-0400][gc,cpu        ] GC(4) User=0.02s Sys=0.00s Real=0.00s
[2022-03-31T11:08:46.739-0400][gc,marking    ] GC(4) Concurrent Rebuild Remembered Sets
[2022-03-31T11:08:46.743-0400][gc,marking    ] GC(4) Concurrent Rebuild Remembered Sets 3.905ms
[2022-03-31T11:08:46.743-0400][gc,start      ] GC(4) Pause Cleanup
[2022-03-31T11:08:46.744-0400][gc            ] GC(4) Pause Cleanup 139M->139M(1024M) 0.172ms
[2022-03-31T11:08:46.744-0400][gc,cpu        ] GC(4) User=0.00s Sys=0.00s Real=0.00s
[2022-03-31T11:08:46.744-0400][gc,marking    ] GC(4) Concurrent Cleanup for Next Mark
[2022-03-31T11:08:46.755-0400][gc,marking    ] GC(4) Concurrent Cleanup for Next Mark 10.946ms
[2022-03-31T11:08:46.755-0400][gc            ] GC(4) Concurrent Cycle 26.878ms
[2022-03-31T11:08:47.698-0400][gc,start      ] GC(5) Pause Young (Normal) (G1 Evacuation Pause)
[2022-03-31T11:08:47.698-0400][gc,task       ] GC(5) Using 8 workers of 8 for evacuation
[2022-03-31T11:08:47.705-0400][gc,phases     ] GC(5)   Pre Evacuate Collection Set: 0.0ms
[2022-03-31T11:08:47.705-0400][gc,phases     ] GC(5)   Evacuate Collection Set: 6.8ms
[2022-03-31T11:08:47.705-0400][gc,phases     ] GC(5)   Post Evacuate Collection Set: 0.7ms
[2022-03-31T11:08:47.705-0400][gc,phases     ] GC(5)   Other: 0.2ms
[2022-03-31T11:08:47.705-0400][gc,heap       ] GC(5) Eden regions: 47->0(44)
[2022-03-31T11:08:47.705-0400][gc,heap       ] GC(5) Survivor regions: 4->7(7)
[2022-03-31T11:08:47.705-0400][gc,heap       ] GC(5) Old regions: 7->7
[2022-03-31T11:08:47.705-0400][gc,heap       ] GC(5) Humongous regions: 129->129
[2022-03-31T11:08:47.705-0400][gc,metaspace  ] GC(5) Metaspace: 42792K->42792K(1087488K)
[2022-03-31T11:08:47.705-0400][gc            ] GC(5) Pause Young (Normal) (G1 Evacuation Pause) 185M->142M(1024M) 7.821ms
[2022-03-31T11:08:47.705-0400][gc,cpu        ] GC(5) User=0.04s Sys=0.01s Real=0.01s
[2022-03-31T11:13:49.168-0400][gc,start      ] GC(6) Pause Young (Normal) (G1 Evacuation Pause)
[2022-03-31T11:13:49.169-0400][gc,task       ] GC(6) Using 8 workers of 8 for evacuation
[2022-03-31T11:13:49.187-0400][gc,phases     ] GC(6)   Pre Evacuate Collection Set: 1.1ms
[2022-03-31T11:13:49.187-0400][gc,phases     ] GC(6)   Evacuate Collection Set: 15.2ms
[2022-03-31T11:13:49.187-0400][gc,phases     ] GC(6)   Post Evacuate Collection Set: 1.5ms
[2022-03-31T11:13:49.187-0400][gc,phases     ] GC(6)   Other: 1.4ms
[2022-03-31T11:13:49.187-0400][gc,heap       ] GC(6) Eden regions: 44->0(48)
[2022-03-31T11:13:49.187-0400][gc,heap       ] GC(6) Survivor regions: 7->3(7)
[2022-03-31T11:13:49.187-0400][gc,heap       ] GC(6) Old regions: 7->13
[2022-03-31T11:13:49.187-0400][gc,heap       ] GC(6) Humongous regions: 141->129
[2022-03-31T11:13:49.187-0400][gc,metaspace  ] GC(6) Metaspace: 49533K->49533K(1093632K)
[2022-03-31T11:13:49.187-0400][gc            ] GC(6) Pause Young (Normal) (G1 Evacuation Pause) 198M->144M(1024M) 19.323ms
[2022-03-31T11:13:49.187-0400][gc,cpu        ] GC(6) User=0.04s Sys=0.02s Real=0.02s
[2022-03-31T11:35:43.860-0400][gc,start      ] GC(7) Pause Young (Normal) (G1 Evacuation Pause)
[2022-03-31T11:35:43.861-0400][gc,task       ] GC(7) Using 8 workers of 8 for evacuation
[2022-03-31T11:35:43.867-0400][gc,phases     ] GC(7)   Pre Evacuate Collection Set: 0.1ms
[2022-03-31T11:35:43.867-0400][gc,phases     ] GC(7)   Evacuate Collection Set: 5.2ms
[2022-03-31T11:35:43.867-0400][gc,phases     ] GC(7)   Post Evacuate Collection Set: 0.8ms
[2022-03-31T11:35:43.867-0400][gc,phases     ] GC(7)   Other: 1.1ms
[2022-03-31T11:35:43.867-0400][gc,heap       ] GC(7) Eden regions: 48->0(47)
[2022-03-31T11:35:43.867-0400][gc,heap       ] GC(7) Survivor regions: 3->4(7)
[2022-03-31T11:35:43.867-0400][gc,heap       ] GC(7) Old regions: 13->13
[2022-03-31T11:35:43.867-0400][gc,heap       ] GC(7) Humongous regions: 129->129
[2022-03-31T11:35:43.867-0400][gc,metaspace  ] GC(7) Metaspace: 52186K->52186K(1095680K)
[2022-03-31T11:35:43.867-0400][gc            ] GC(7) Pause Young (Normal) (G1 Evacuation Pause) 192M->145M(1024M) 7.440ms
[2022-03-31T11:35:43.867-0400][gc,cpu        ] GC(7) User=0.02s Sys=0.01s Real=0.00s
[2022-03-31T11:36:59.484-0400][gc,start      ] GC(8) Pause Young (Normal) (G1 Evacuation Pause)
[2022-03-31T11:36:59.486-0400][gc,task       ] GC(8) Using 8 workers of 8 for evacuation
[2022-03-31T11:36:59.494-0400][gc,phases     ] GC(8)   Pre Evacuate Collection Set: 0.0ms
[2022-03-31T11:36:59.494-0400][gc,phases     ] GC(8)   Evacuate Collection Set: 6.7ms
[2022-03-31T11:36:59.494-0400][gc,phases     ] GC(8)   Post Evacuate Collection Set: 1.0ms
[2022-03-31T11:36:59.494-0400][gc,phases     ] GC(8)   Other: 1.6ms
[2022-03-31T11:36:59.494-0400][gc,heap       ] GC(8) Eden regions: 47->0(47)
[2022-03-31T11:36:59.494-0400][gc,heap       ] GC(8) Survivor regions: 4->4(7)
[2022-03-31T11:36:59.494-0400][gc,heap       ] GC(8) Old regions: 13->13
[2022-03-31T11:36:59.494-0400][gc,heap       ] GC(8) Humongous regions: 129->129
[2022-03-31T11:36:59.494-0400][gc,metaspace  ] GC(8) Metaspace: 52243K->52243K(1095680K)
[2022-03-31T11:36:59.494-0400][gc            ] GC(8) Pause Young (Normal) (G1 Evacuation Pause) 192M->145M(1024M) 9.507ms
[2022-03-31T11:36:59.494-0400][gc,cpu        ] GC(8) User=0.05s Sys=0.00s Real=0.01s
[2022-03-31T11:38:33.295-0400][gc,start      ] GC(9) Pause Young (Normal) (G1 Evacuation Pause)
[2022-03-31T11:38:33.296-0400][gc,task       ] GC(9) Using 8 workers of 8 for evacuation
[2022-03-31T11:38:33.300-0400][gc,phases     ] GC(9)   Pre Evacuate Collection Set: 0.0ms
[2022-03-31T11:38:33.300-0400][gc,phases     ] GC(9)   Evacuate Collection Set: 3.2ms
[2022-03-31T11:38:33.300-0400][gc,phases     ] GC(9)   Post Evacuate Collection Set: 0.7ms
[2022-03-31T11:38:33.300-0400][gc,phases     ] GC(9)   Other: 1.1ms
[2022-03-31T11:38:33.300-0400][gc,heap       ] GC(9) Eden regions: 47->0(47)
[2022-03-31T11:38:33.300-0400][gc,heap       ] GC(9) Survivor regions: 4->4(7)
[2022-03-31T11:38:33.300-0400][gc,heap       ] GC(9) Old regions: 13->13
[2022-03-31T11:38:33.300-0400][gc,heap       ] GC(9) Humongous regions: 129->129
[2022-03-31T11:38:33.300-0400][gc,metaspace  ] GC(9) Metaspace: 52253K->52253K(1095680K)
[2022-03-31T11:38:33.300-0400][gc            ] GC(9) Pause Young (Normal) (G1 Evacuation Pause) 192M->145M(1024M) 5.095ms
[2022-03-31T11:38:33.300-0400][gc,cpu        ] GC(9) User=0.02s Sys=0.00s Real=0.01s
[2022-03-31T11:40:07.928-0400][gc,start      ] GC(10) Pause Young (Normal) (G1 Evacuation Pause)
[2022-03-31T11:40:07.929-0400][gc,task       ] GC(10) Using 8 workers of 8 for evacuation
[2022-03-31T11:40:07.939-0400][gc,phases     ] GC(10)   Pre Evacuate Collection Set: 0.0ms
[2022-03-31T11:40:07.939-0400][gc,phases     ] GC(10)   Evacuate Collection Set: 8.0ms
[2022-03-31T11:40:07.939-0400][gc,phases     ] GC(10)   Post Evacuate Collection Set: 1.9ms
[2022-03-31T11:40:07.939-0400][gc,phases     ] GC(10)   Other: 1.6ms
[2022-03-31T11:40:07.939-0400][gc,heap       ] GC(10) Eden regions: 47->0(50)
[2022-03-31T11:40:07.939-0400][gc,heap       ] GC(10) Survivor regions: 4->4(7)
[2022-03-31T11:40:07.939-0400][gc,heap       ] GC(10) Old regions: 13->13
[2022-03-31T11:40:07.939-0400][gc,heap       ] GC(10) Humongous regions: 129->129
[2022-03-31T11:40:07.940-0400][gc,metaspace  ] GC(10) Metaspace: 52286K->52286K(1095680K)
[2022-03-31T11:40:07.940-0400][gc            ] GC(10) Pause Young (Normal) (G1 Evacuation Pause) 192M->145M(1024M) 11.796ms
[2022-03-31T11:40:07.940-0400][gc,cpu        ] GC(10) User=0.05s Sys=0.00s Real=0.02s
[2022-03-31T11:41:49.063-0400][gc,start      ] GC(11) Pause Young (Normal) (G1 Evacuation Pause)
[2022-03-31T11:41:49.065-0400][gc,task       ] GC(11) Using 8 workers of 8 for evacuation
[2022-03-31T11:41:49.078-0400][gc,phases     ] GC(11)   Pre Evacuate Collection Set: 0.0ms
[2022-03-31T11:41:49.078-0400][gc,phases     ] GC(11)   Evacuate Collection Set: 12.3ms
[2022-03-31T11:41:49.078-0400][gc,phases     ] GC(11)   Post Evacuate Collection Set: 0.9ms
[2022-03-31T11:41:49.078-0400][gc,phases     ] GC(11)   Other: 1.7ms
[2022-03-31T11:41:49.078-0400][gc,heap       ] GC(11) Eden regions: 50->0(50)
[2022-03-31T11:41:49.078-0400][gc,heap       ] GC(11) Survivor regions: 4->4(7)
[2022-03-31T11:41:49.078-0400][gc,heap       ] GC(11) Old regions: 13->13
[2022-03-31T11:41:49.078-0400][gc,heap       ] GC(11) Humongous regions: 129->129
[2022-03-31T11:41:49.078-0400][gc,metaspace  ] GC(11) Metaspace: 52299K->52299K(1095680K)
[2022-03-31T11:41:49.079-0400][gc            ] GC(11) Pause Young (Normal) (G1 Evacuation Pause) 195M->145M(1024M) 15.187ms
[2022-03-31T11:41:49.079-0400][gc,cpu        ] GC(11) User=0.05s Sys=0.03s Real=0.01s
[2022-03-31T11:43:35.202-0400][gc,start      ] GC(12) Pause Young (Normal) (G1 Evacuation Pause)
[2022-03-31T11:43:35.204-0400][gc,task       ] GC(12) Using 8 workers of 8 for evacuation
[2022-03-31T11:43:35.211-0400][gc,phases     ] GC(12)   Pre Evacuate Collection Set: 0.0ms
[2022-03-31T11:43:35.211-0400][gc,phases     ] GC(12)   Evacuate Collection Set: 6.1ms
[2022-03-31T11:43:35.211-0400][gc,phases     ] GC(12)   Post Evacuate Collection Set: 0.9ms
[2022-03-31T11:43:35.212-0400][gc,phases     ] GC(12)   Other: 1.9ms
[2022-03-31T11:43:35.212-0400][gc,heap       ] GC(12) Eden regions: 50->0(53)
[2022-03-31T11:43:35.212-0400][gc,heap       ] GC(12) Survivor regions: 4->4(7)
[2022-03-31T11:43:35.212-0400][gc,heap       ] GC(12) Old regions: 13->13
[2022-03-31T11:43:35.212-0400][gc,heap       ] GC(12) Humongous regions: 129->129
[2022-03-31T11:43:35.212-0400][gc,metaspace  ] GC(12) Metaspace: 52306K->52306K(1095680K)
[2022-03-31T11:43:35.212-0400][gc            ] GC(12) Pause Young (Normal) (G1 Evacuation Pause) 195M->145M(1024M) 9.211ms
[2022-03-31T11:43:35.212-0400][gc,cpu        ] GC(12) User=0.04s Sys=0.01s Real=0.01s
[2022-03-31T11:52:43.771-0400][gc,start      ] GC(13) Pause Young (Normal) (G1 Evacuation Pause)
[2022-03-31T11:52:43.773-0400][gc,task       ] GC(13) Using 8 workers of 8 for evacuation
[2022-03-31T11:52:44.330-0400][gc,mmu        ] GC(13) MMU target violated: 21.0ms (20.0ms/21.0ms)
[2022-03-31T11:52:44.331-0400][gc,phases     ] GC(13)   Pre Evacuate Collection Set: 0.2ms
[2022-03-31T11:52:44.332-0400][gc,phases     ] GC(13)   Evacuate Collection Set: 431.6ms
[2022-03-31T11:52:44.332-0400][gc,phases     ] GC(13)   Post Evacuate Collection Set: 124.2ms
[2022-03-31T11:52:44.332-0400][gc,phases     ] GC(13)   Other: 4.6ms
[2022-03-31T11:52:44.333-0400][gc,heap       ] GC(13) Eden regions: 53->0(47)
[2022-03-31T11:52:44.333-0400][gc,heap       ] GC(13) Survivor regions: 4->4(8)
[2022-03-31T11:52:44.333-0400][gc,heap       ] GC(13) Old regions: 13->13
[2022-03-31T11:52:44.333-0400][gc,heap       ] GC(13) Humongous regions: 129->129
[2022-03-31T11:52:44.334-0400][gc,metaspace  ] GC(13) Metaspace: 52348K->52348K(1095680K)
[2022-03-31T11:52:44.335-0400][gc            ] GC(13) Pause Young (Normal) (G1 Evacuation Pause) 198M->145M(1024M) 563.525ms
[2022-03-31T11:52:44.335-0400][gc,cpu        ] GC(13) User=0.36s Sys=0.06s Real=0.56s
[2022-03-31T11:58:18.803-0400][gc,start      ] GC(14) Pause Young (Normal) (G1 Evacuation Pause)
[2022-03-31T11:58:18.804-0400][gc,task       ] GC(14) Using 8 workers of 8 for evacuation
[2022-03-31T11:58:18.828-0400][gc,mmu        ] GC(14) MMU target violated: 21.0ms (20.0ms/21.0ms)
[2022-03-31T11:58:18.828-0400][gc,phases     ] GC(14)   Pre Evacuate Collection Set: 1.0ms
[2022-03-31T11:58:18.828-0400][gc,phases     ] GC(14)   Evacuate Collection Set: 21.4ms
[2022-03-31T11:58:18.829-0400][gc,phases     ] GC(14)   Post Evacuate Collection Set: 2.0ms
[2022-03-31T11:58:18.829-0400][gc,phases     ] GC(14)   Other: 1.5ms
[2022-03-31T11:58:18.829-0400][gc,heap       ] GC(14) Eden regions: 47->0(47)
[2022-03-31T11:58:18.829-0400][gc,heap       ] GC(14) Survivor regions: 4->4(7)
[2022-03-31T11:58:18.829-0400][gc,heap       ] GC(14) Old regions: 13->13
[2022-03-31T11:58:18.829-0400][gc,heap       ] GC(14) Humongous regions: 129->129
[2022-03-31T11:58:18.829-0400][gc,metaspace  ] GC(14) Metaspace: 52354K->52354K(1095680K)
[2022-03-31T11:58:18.829-0400][gc            ] GC(14) Pause Young (Normal) (G1 Evacuation Pause) 192M->145M(1024M) 26.043ms
[2022-03-31T11:58:18.829-0400][gc,cpu        ] GC(14) User=0.04s Sys=0.07s Real=0.02s
[2022-03-31T13:04:04.713-0400][gc,start      ] GC(15) Pause Young (Normal) (G1 Evacuation Pause)
[2022-03-31T13:04:04.714-0400][gc,task       ] GC(15) Using 8 workers of 8 for evacuation
[2022-03-31T13:04:04.735-0400][gc,mmu        ] GC(15) MMU target violated: 20.5ms (20.0ms/21.0ms)
[2022-03-31T13:04:04.735-0400][gc,phases     ] GC(15)   Pre Evacuate Collection Set: 0.1ms
[2022-03-31T13:04:04.735-0400][gc,phases     ] GC(15)   Evacuate Collection Set: 19.3ms
[2022-03-31T13:04:04.735-0400][gc,phases     ] GC(15)   Post Evacuate Collection Set: 0.9ms
[2022-03-31T13:04:04.735-0400][gc,phases     ] GC(15)   Other: 1.8ms
[2022-03-31T13:04:04.735-0400][gc,heap       ] GC(15) Eden regions: 47->0(47)
[2022-03-31T13:04:04.735-0400][gc,heap       ] GC(15) Survivor regions: 4->4(7)
[2022-03-31T13:04:04.735-0400][gc,heap       ] GC(15) Old regions: 13->13
[2022-03-31T13:04:04.735-0400][gc,heap       ] GC(15) Humongous regions: 129->129
[2022-03-31T13:04:04.735-0400][gc,metaspace  ] GC(15) Metaspace: 52375K->52375K(1095680K)
[2022-03-31T13:04:04.735-0400][gc            ] GC(15) Pause Young (Normal) (G1 Evacuation Pause) 192M->145M(1024M) 22.102ms
[2022-03-31T13:04:04.735-0400][gc,cpu        ] GC(15) User=0.04s Sys=0.06s Real=0.02s
[2022-03-31T13:05:42.946-0400][gc,start      ] GC(16) Pause Young (Normal) (G1 Evacuation Pause)
[2022-03-31T13:05:42.947-0400][gc,task       ] GC(16) Using 8 workers of 8 for evacuation
[2022-03-31T13:05:42.955-0400][gc,phases     ] GC(16)   Pre Evacuate Collection Set: 0.0ms
[2022-03-31T13:05:42.955-0400][gc,phases     ] GC(16)   Evacuate Collection Set: 6.4ms
[2022-03-31T13:05:42.955-0400][gc,phases     ] GC(16)   Post Evacuate Collection Set: 1.8ms
[2022-03-31T13:05:42.956-0400][gc,phases     ] GC(16)   Other: 1.2ms
[2022-03-31T13:05:42.956-0400][gc,heap       ] GC(16) Eden regions: 47->0(48)
[2022-03-31T13:05:42.956-0400][gc,heap       ] GC(16) Survivor regions: 4->3(7)
[2022-03-31T13:05:42.956-0400][gc,heap       ] GC(16) Old regions: 13->15
[2022-03-31T13:05:42.956-0400][gc,heap       ] GC(16) Humongous regions: 129->129
[2022-03-31T13:05:42.956-0400][gc,metaspace  ] GC(16) Metaspace: 52377K->52377K(1095680K)
[2022-03-31T13:05:42.956-0400][gc            ] GC(16) Pause Young (Normal) (G1 Evacuation Pause) 192M->145M(1024M) 9.618ms
[2022-03-31T13:05:42.956-0400][gc,cpu        ] GC(16) User=0.04s Sys=0.01s Real=0.01s
[2022-03-31T13:07:21.266-0400][gc,start      ] GC(17) Pause Young (Normal) (G1 Evacuation Pause)
[2022-03-31T13:07:21.267-0400][gc,task       ] GC(17) Using 8 workers of 8 for evacuation
[2022-03-31T13:07:21.275-0400][gc,phases     ] GC(17)   Pre Evacuate Collection Set: 0.0ms
[2022-03-31T13:07:21.275-0400][gc,phases     ] GC(17)   Evacuate Collection Set: 6.1ms
[2022-03-31T13:07:21.275-0400][gc,phases     ] GC(17)   Post Evacuate Collection Set: 1.4ms
[2022-03-31T13:07:21.275-0400][gc,phases     ] GC(17)   Other: 0.9ms
[2022-03-31T13:07:21.275-0400][gc,heap       ] GC(17) Eden regions: 48->0(49)
[2022-03-31T13:07:21.275-0400][gc,heap       ] GC(17) Survivor regions: 3->2(7)
[2022-03-31T13:07:21.275-0400][gc,heap       ] GC(17) Old regions: 15->15
[2022-03-31T13:07:21.275-0400][gc,heap       ] GC(17) Humongous regions: 129->129
[2022-03-31T13:07:21.275-0400][gc,metaspace  ] GC(17) Metaspace: 52390K->52390K(1095680K)
[2022-03-31T13:07:21.275-0400][gc            ] GC(17) Pause Young (Normal) (G1 Evacuation Pause) 193M->145M(1024M) 8.710ms
[2022-03-31T13:07:21.275-0400][gc,cpu        ] GC(17) User=0.02s Sys=0.00s Real=0.01s
[2022-03-31T13:09:02.887-0400][gc,start      ] GC(18) Pause Young (Normal) (G1 Evacuation Pause)
[2022-03-31T13:09:02.889-0400][gc,task       ] GC(18) Using 8 workers of 8 for evacuation
[2022-03-31T13:09:02.897-0400][gc,phases     ] GC(18)   Pre Evacuate Collection Set: 0.1ms
[2022-03-31T13:09:02.897-0400][gc,phases     ] GC(18)   Evacuate Collection Set: 6.6ms
[2022-03-31T13:09:02.897-0400][gc,phases     ] GC(18)   Post Evacuate Collection Set: 0.8ms
[2022-03-31T13:09:02.897-0400][gc,phases     ] GC(18)   Other: 2.0ms
[2022-03-31T13:09:02.897-0400][gc,heap       ] GC(18) Eden regions: 49->0(49)
[2022-03-31T13:09:02.897-0400][gc,heap       ] GC(18) Survivor regions: 2->2(7)
[2022-03-31T13:09:02.897-0400][gc,heap       ] GC(18) Old regions: 15->15
[2022-03-31T13:09:02.897-0400][gc,heap       ] GC(18) Humongous regions: 129->129
[2022-03-31T13:09:02.897-0400][gc,metaspace  ] GC(18) Metaspace: 52401K->52401K(1095680K)
[2022-03-31T13:09:02.897-0400][gc            ] GC(18) Pause Young (Normal) (G1 Evacuation Pause) 194M->145M(1024M) 9.772ms
[2022-03-31T13:09:02.897-0400][gc,cpu        ] GC(18) User=0.05s Sys=0.00s Real=0.01s
[2022-03-31T13:11:24.170-0400][gc,start      ] GC(19) Pause Young (Normal) (G1 Evacuation Pause)
[2022-03-31T13:11:24.170-0400][gc,task       ] GC(19) Using 8 workers of 8 for evacuation
[2022-03-31T13:11:24.175-0400][gc,phases     ] GC(19)   Pre Evacuate Collection Set: 0.0ms
[2022-03-31T13:11:24.175-0400][gc,phases     ] GC(19)   Evacuate Collection Set: 3.0ms
[2022-03-31T13:11:24.175-0400][gc,phases     ] GC(19)   Post Evacuate Collection Set: 1.5ms
[2022-03-31T13:11:24.175-0400][gc,phases     ] GC(19)   Other: 0.8ms
[2022-03-31T13:11:24.175-0400][gc,heap       ] GC(19) Eden regions: 49->0(48)
[2022-03-31T13:11:24.176-0400][gc,heap       ] GC(19) Survivor regions: 2->3(7)
[2022-03-31T13:11:24.176-0400][gc,heap       ] GC(19) Old regions: 15->15
[2022-03-31T13:11:24.176-0400][gc,heap       ] GC(19) Humongous regions: 129->129
[2022-03-31T13:11:24.176-0400][gc,metaspace  ] GC(19) Metaspace: 52415K->52415K(1095680K)
[2022-03-31T13:11:24.176-0400][gc            ] GC(19) Pause Young (Normal) (G1 Evacuation Pause) 194M->145M(1024M) 5.606ms
[2022-03-31T13:11:24.176-0400][gc,cpu        ] GC(19) User=0.02s Sys=0.01s Real=0.00s
[2022-03-31T13:12:59.808-0400][gc,start      ] GC(20) Pause Young (Normal) (G1 Evacuation Pause)
[2022-03-31T13:12:59.809-0400][gc,task       ] GC(20) Using 8 workers of 8 for evacuation
[2022-03-31T13:12:59.815-0400][gc,phases     ] GC(20)   Pre Evacuate Collection Set: 0.0ms
[2022-03-31T13:12:59.815-0400][gc,phases     ] GC(20)   Evacuate Collection Set: 3.4ms
[2022-03-31T13:12:59.815-0400][gc,phases     ] GC(20)   Post Evacuate Collection Set: 2.3ms
[2022-03-31T13:12:59.815-0400][gc,phases     ] GC(20)   Other: 1.3ms
[2022-03-31T13:12:59.815-0400][gc,heap       ] GC(20) Eden regions: 48->0(49)
[2022-03-31T13:12:59.816-0400][gc,heap       ] GC(20) Survivor regions: 3->2(7)
[2022-03-31T13:12:59.816-0400][gc,heap       ] GC(20) Old regions: 15->15
[2022-03-31T13:12:59.816-0400][gc,heap       ] GC(20) Humongous regions: 129->129
[2022-03-31T13:12:59.816-0400][gc,metaspace  ] GC(20) Metaspace: 52415K->52415K(1095680K)
[2022-03-31T13:12:59.816-0400][gc            ] GC(20) Pause Young (Normal) (G1 Evacuation Pause) 193M->145M(1024M) 7.273ms
[2022-03-31T13:12:59.816-0400][gc,cpu        ] GC(20) User=0.02s Sys=0.00s Real=0.01s
[2022-03-31T13:15:03.805-0400][gc,start      ] GC(21) Pause Young (Normal) (G1 Evacuation Pause)
[2022-03-31T13:15:03.806-0400][gc,task       ] GC(21) Using 8 workers of 8 for evacuation
[2022-03-31T13:15:03.810-0400][gc,phases     ] GC(21)   Pre Evacuate Collection Set: 0.1ms
[2022-03-31T13:15:03.810-0400][gc,phases     ] GC(21)   Evacuate Collection Set: 2.5ms
[2022-03-31T13:15:03.810-0400][gc,phases     ] GC(21)   Post Evacuate Collection Set: 1.3ms
[2022-03-31T13:15:03.810-0400][gc,phases     ] GC(21)   Other: 1.1ms
[2022-03-31T13:15:03.810-0400][gc,heap       ] GC(21) Eden regions: 49->0(50)
[2022-03-31T13:15:03.810-0400][gc,heap       ] GC(21) Survivor regions: 2->3(7)
[2022-03-31T13:15:03.810-0400][gc,heap       ] GC(21) Old regions: 15->15
[2022-03-31T13:15:03.810-0400][gc,heap       ] GC(21) Humongous regions: 129->129
[2022-03-31T13:15:03.810-0400][gc,metaspace  ] GC(21) Metaspace: 52430K->52430K(1095680K)
[2022-03-31T13:15:03.810-0400][gc            ] GC(21) Pause Young (Normal) (G1 Evacuation Pause) 194M->145M(1024M) 5.271ms
[2022-03-31T13:15:03.810-0400][gc,cpu        ] GC(21) User=0.02s Sys=0.00s Real=0.01s
[2022-03-31T13:16:46.153-0400][gc,start      ] GC(22) Pause Young (Normal) (G1 Evacuation Pause)
[2022-03-31T13:16:46.154-0400][gc,task       ] GC(22) Using 8 workers of 8 for evacuation
[2022-03-31T13:16:46.159-0400][gc,phases     ] GC(22)   Pre Evacuate Collection Set: 0.0ms
[2022-03-31T13:16:46.159-0400][gc,phases     ] GC(22)   Evacuate Collection Set: 4.1ms
[2022-03-31T13:16:46.159-0400][gc,phases     ] GC(22)   Post Evacuate Collection Set: 0.5ms
[2022-03-31T13:16:46.159-0400][gc,phases     ] GC(22)   Other: 0.7ms
[2022-03-31T13:16:46.159-0400][gc,heap       ] GC(22) Eden regions: 50->0(54)
[2022-03-31T13:16:46.159-0400][gc,heap       ] GC(22) Survivor regions: 3->1(7)
[2022-03-31T13:16:46.159-0400][gc,heap       ] GC(22) Old regions: 15->16
[2022-03-31T13:16:46.159-0400][gc,heap       ] GC(22) Humongous regions: 129->129
[2022-03-31T13:16:46.159-0400][gc,metaspace  ] GC(22) Metaspace: 52430K->52430K(1095680K)
[2022-03-31T13:16:46.159-0400][gc            ] GC(22) Pause Young (Normal) (G1 Evacuation Pause) 195M->145M(1024M) 5.499ms
[2022-03-31T13:16:46.159-0400][gc,cpu        ] GC(22) User=0.02s Sys=0.00s Real=0.00s
[2022-03-31T13:18:33.899-0400][gc,start      ] GC(23) Pause Young (Normal) (G1 Evacuation Pause)
[2022-03-31T13:18:33.900-0400][gc,task       ] GC(23) Using 8 workers of 8 for evacuation
[2022-03-31T13:18:33.902-0400][gc,phases     ] GC(23)   Pre Evacuate Collection Set: 0.0ms
[2022-03-31T13:18:33.903-0400][gc,phases     ] GC(23)   Evacuate Collection Set: 2.4ms
[2022-03-31T13:18:33.903-0400][gc,phases     ] GC(23)   Post Evacuate Collection Set: 0.2ms
[2022-03-31T13:18:33.903-0400][gc,phases     ] GC(23)   Other: 1.2ms
[2022-03-31T13:18:33.903-0400][gc,heap       ] GC(23) Eden regions: 54->0(55)
[2022-03-31T13:18:33.903-0400][gc,heap       ] GC(23) Survivor regions: 1->1(7)
[2022-03-31T13:18:33.903-0400][gc,heap       ] GC(23) Old regions: 16->16
[2022-03-31T13:18:33.903-0400][gc,heap       ] GC(23) Humongous regions: 129->129
[2022-03-31T13:18:33.903-0400][gc,metaspace  ] GC(23) Metaspace: 52447K->52447K(1095680K)
[2022-03-31T13:18:33.903-0400][gc            ] GC(23) Pause Young (Normal) (G1 Evacuation Pause) 199M->145M(1024M) 3.936ms
[2022-03-31T13:18:33.903-0400][gc,cpu        ] GC(23) User=0.01s Sys=0.01s Real=0.01s
[2022-03-31T13:19:18.952-0400][gc,heap,exit  ] Heap
[2022-03-31T13:19:18.953-0400][gc,heap,exit  ]  garbage-first heap   total 1048576K, used 179122K [0x00000007c0000000, 0x0000000800000000)
[2022-03-31T13:19:18.953-0400][gc,heap,exit  ]   region size 1024K, 31 young (31744K), 1 survivors (1024K)
[2022-03-31T13:19:18.953-0400][gc,heap,exit  ]  Metaspace       used 53319K, capacity 56323K, committed 56492K, reserved 1097728K
[2022-03-31T13:19:18.953-0400][gc,heap,exit  ]   class space    used 7090K, capacity 8579K, committed 8704K, reserved 1048576K
