[2022-04-01T12:22:14.972-0400][gc,heap] Heap region size: 1M
[2022-04-01T12:22:14.984-0400][gc     ] Using G1
[2022-04-01T12:22:14.984-0400][gc,heap,coops] Heap address: 0x00000007c0000000, size: 1024 MB, Compressed Oops mode: Zero based, Oop shift amount: 3
[2022-04-01T12:22:16.344-0400][gc,start     ] GC(0) Pause Young (Concurrent Start) (Metadata GC Threshold)
[2022-04-01T12:22:16.345-0400][gc,task      ] GC(0) Using 8 workers of 8 for evacuation
[2022-04-01T12:22:16.353-0400][gc,phases    ] GC(0)   Pre Evacuate Collection Set: 0.0ms
[2022-04-01T12:22:16.353-0400][gc,phases    ] GC(0)   Evacuate Collection Set: 7.8ms
[2022-04-01T12:22:16.353-0400][gc,phases    ] GC(0)   Post Evacuate Collection Set: 0.4ms
[2022-04-01T12:22:16.353-0400][gc,phases    ] GC(0)   Other: 1.1ms
[2022-04-01T12:22:16.353-0400][gc,heap      ] GC(0) Eden regions: 43->0(44)
[2022-04-01T12:22:16.353-0400][gc,heap      ] GC(0) Survivor regions: 0->7(7)
[2022-04-01T12:22:16.354-0400][gc,heap      ] GC(0) Old regions: 0->0
[2022-04-01T12:22:16.354-0400][gc,heap      ] GC(0) Humongous regions: 0->0
[2022-04-01T12:22:16.354-0400][gc,metaspace ] GC(0) Metaspace: 20794K->20794K(1069056K)
[2022-04-01T12:22:16.354-0400][gc           ] GC(0) Pause Young (Concurrent Start) (Metadata GC Threshold) 42M->6M(1024M) 9.466ms
[2022-04-01T12:22:16.354-0400][gc,cpu       ] GC(0) User=0.02s Sys=0.01s Real=0.01s
[2022-04-01T12:22:16.354-0400][gc           ] GC(1) Concurrent Cycle
[2022-04-01T12:22:16.354-0400][gc,marking   ] GC(1) Concurrent Clear Claimed Marks
[2022-04-01T12:22:16.354-0400][gc,marking   ] GC(1) Concurrent Clear Claimed Marks 0.024ms
[2022-04-01T12:22:16.354-0400][gc,marking   ] GC(1) Concurrent Scan Root Regions
[2022-04-01T12:22:16.356-0400][gc,marking   ] GC(1) Concurrent Scan Root Regions 1.826ms
[2022-04-01T12:22:16.356-0400][gc,marking   ] GC(1) Concurrent Mark (1.399s)
[2022-04-01T12:22:16.356-0400][gc,marking   ] GC(1) Concurrent Mark From Roots
[2022-04-01T12:22:16.356-0400][gc,task      ] GC(1) Using 2 workers of 2 for marking
[2022-04-01T12:22:16.356-0400][gc,marking   ] GC(1) Concurrent Mark From Roots 0.220ms
[2022-04-01T12:22:16.356-0400][gc,marking   ] GC(1) Concurrent Preclean
[2022-04-01T12:22:16.356-0400][gc,marking   ] GC(1) Concurrent Preclean 0.036ms
[2022-04-01T12:22:16.356-0400][gc,marking   ] GC(1) Concurrent Mark (1.399s, 1.399s) 0.326ms
[2022-04-01T12:22:16.356-0400][gc,start     ] GC(1) Pause Remark
[2022-04-01T12:22:16.358-0400][gc,stringtable] GC(1) Cleaned string and symbol table, strings: 7226 processed, 0 removed, symbols: 63729 processed, 42 removed
[2022-04-01T12:22:16.359-0400][gc            ] GC(1) Pause Remark 7M->7M(1024M) 2.565ms
[2022-04-01T12:22:16.359-0400][gc,cpu        ] GC(1) User=0.01s Sys=0.00s Real=0.00s
[2022-04-01T12:22:16.359-0400][gc,marking    ] GC(1) Concurrent Rebuild Remembered Sets
[2022-04-01T12:22:16.359-0400][gc,marking    ] GC(1) Concurrent Rebuild Remembered Sets 0.071ms
[2022-04-01T12:22:16.359-0400][gc,start      ] GC(1) Pause Cleanup
[2022-04-01T12:22:16.359-0400][gc            ] GC(1) Pause Cleanup 7M->7M(1024M) 0.201ms
[2022-04-01T12:22:16.359-0400][gc,cpu        ] GC(1) User=0.00s Sys=0.00s Real=0.00s
[2022-04-01T12:22:16.359-0400][gc,marking    ] GC(1) Concurrent Cleanup for Next Mark
[2022-04-01T12:22:16.365-0400][gc,marking    ] GC(1) Concurrent Cleanup for Next Mark 5.528ms
[2022-04-01T12:22:16.365-0400][gc            ] GC(1) Concurrent Cycle 11.251ms
[2022-04-01T12:22:17.875-0400][gc,start      ] GC(2) Pause Young (Normal) (G1 Evacuation Pause)
[2022-04-01T12:22:17.875-0400][gc,task       ] GC(2) Using 8 workers of 8 for evacuation
[2022-04-01T12:22:17.885-0400][gc,phases     ] GC(2)   Pre Evacuate Collection Set: 0.0ms
[2022-04-01T12:22:17.885-0400][gc,phases     ] GC(2)   Evacuate Collection Set: 9.1ms
[2022-04-01T12:22:17.885-0400][gc,phases     ] GC(2)   Post Evacuate Collection Set: 0.6ms
[2022-04-01T12:22:17.885-0400][gc,phases     ] GC(2)   Other: 0.3ms
[2022-04-01T12:22:17.885-0400][gc,heap       ] GC(2) Eden regions: 44->0(49)
[2022-04-01T12:22:17.885-0400][gc,heap       ] GC(2) Survivor regions: 7->2(7)
[2022-04-01T12:22:17.885-0400][gc,heap       ] GC(2) Old regions: 0->7
[2022-04-01T12:22:17.885-0400][gc,heap       ] GC(2) Humongous regions: 0->0
[2022-04-01T12:22:17.885-0400][gc,metaspace  ] GC(2) Metaspace: 31127K->31127K(1077248K)
[2022-04-01T12:22:17.885-0400][gc            ] GC(2) Pause Young (Normal) (G1 Evacuation Pause) 50M->8M(1024M) 10.240ms
[2022-04-01T12:22:17.885-0400][gc,cpu        ] GC(2) User=0.05s Sys=0.01s Real=0.01s
[2022-04-01T12:22:20.209-0400][gc,start      ] GC(3) Pause Young (Concurrent Start) (Metadata GC Threshold)
[2022-04-01T12:22:20.209-0400][gc,task       ] GC(3) Using 8 workers of 8 for evacuation
[2022-04-01T12:22:20.213-0400][gc,phases     ] GC(3)   Pre Evacuate Collection Set: 0.0ms
[2022-04-01T12:22:20.213-0400][gc,phases     ] GC(3)   Evacuate Collection Set: 3.7ms
[2022-04-01T12:22:20.213-0400][gc,phases     ] GC(3)   Post Evacuate Collection Set: 0.4ms
[2022-04-01T12:22:20.213-0400][gc,phases     ] GC(3)   Other: 0.2ms
[2022-04-01T12:22:20.213-0400][gc,heap       ] GC(3) Eden regions: 27->0(47)
[2022-04-01T12:22:20.213-0400][gc,heap       ] GC(3) Survivor regions: 2->4(7)
[2022-04-01T12:22:20.213-0400][gc,heap       ] GC(3) Old regions: 7->7
[2022-04-01T12:22:20.213-0400][gc,heap       ] GC(3) Humongous regions: 129->129
[2022-04-01T12:22:20.213-0400][gc,metaspace  ] GC(3) Metaspace: 34608K->34608K(1081344K)
[2022-04-01T12:22:20.213-0400][gc            ] GC(3) Pause Young (Concurrent Start) (Metadata GC Threshold) 164M->138M(1024M) 4.411ms
[2022-04-01T12:22:20.213-0400][gc,cpu        ] GC(3) User=0.02s Sys=0.00s Real=0.01s
[2022-04-01T12:22:20.213-0400][gc            ] GC(4) Concurrent Cycle
[2022-04-01T12:22:20.214-0400][gc,marking    ] GC(4) Concurrent Clear Claimed Marks
[2022-04-01T12:22:20.214-0400][gc,marking    ] GC(4) Concurrent Clear Claimed Marks 0.058ms
[2022-04-01T12:22:20.214-0400][gc,marking    ] GC(4) Concurrent Scan Root Regions
[2022-04-01T12:22:20.215-0400][gc,marking    ] GC(4) Concurrent Scan Root Regions 1.698ms
[2022-04-01T12:22:20.215-0400][gc,marking    ] GC(4) Concurrent Mark (5.258s)
[2022-04-01T12:22:20.215-0400][gc,marking    ] GC(4) Concurrent Mark From Roots
[2022-04-01T12:22:20.215-0400][gc,task       ] GC(4) Using 2 workers of 2 for marking
[2022-04-01T12:22:20.221-0400][gc,marking    ] GC(4) Concurrent Mark From Roots 5.470ms
[2022-04-01T12:22:20.221-0400][gc,marking    ] GC(4) Concurrent Preclean
[2022-04-01T12:22:20.221-0400][gc,marking    ] GC(4) Concurrent Preclean 0.073ms
[2022-04-01T12:22:20.221-0400][gc,marking    ] GC(4) Concurrent Mark (5.258s, 5.264s) 5.636ms
[2022-04-01T12:22:20.221-0400][gc,start      ] GC(4) Pause Remark
[2022-04-01T12:22:20.224-0400][gc,stringtable] GC(4) Cleaned string and symbol table, strings: 10660 processed, 10 removed, symbols: 95313 processed, 32 removed
[2022-04-01T12:22:20.225-0400][gc            ] GC(4) Pause Remark 139M->139M(1024M) 3.303ms
[2022-04-01T12:22:20.225-0400][gc,cpu        ] GC(4) User=0.02s Sys=0.01s Real=0.00s
[2022-04-01T12:22:20.225-0400][gc,marking    ] GC(4) Concurrent Rebuild Remembered Sets
[2022-04-01T12:22:20.229-0400][gc,marking    ] GC(4) Concurrent Rebuild Remembered Sets 4.053ms
[2022-04-01T12:22:20.229-0400][gc,start      ] GC(4) Pause Cleanup
[2022-04-01T12:22:20.229-0400][gc            ] GC(4) Pause Cleanup 139M->139M(1024M) 0.149ms
[2022-04-01T12:22:20.229-0400][gc,cpu        ] GC(4) User=0.00s Sys=0.00s Real=0.00s
[2022-04-01T12:22:20.229-0400][gc,marking    ] GC(4) Concurrent Cleanup for Next Mark
[2022-04-01T12:22:20.237-0400][gc,marking    ] GC(4) Concurrent Cleanup for Next Mark 8.129ms
[2022-04-01T12:22:20.237-0400][gc            ] GC(4) Concurrent Cycle 23.986ms
[2022-04-01T12:22:21.062-0400][gc,start      ] GC(5) Pause Young (Normal) (G1 Evacuation Pause)
[2022-04-01T12:22:21.063-0400][gc,task       ] GC(5) Using 8 workers of 8 for evacuation
[2022-04-01T12:22:21.072-0400][gc,phases     ] GC(5)   Pre Evacuate Collection Set: 0.1ms
[2022-04-01T12:22:21.072-0400][gc,phases     ] GC(5)   Evacuate Collection Set: 8.6ms
[2022-04-01T12:22:21.072-0400][gc,phases     ] GC(5)   Post Evacuate Collection Set: 0.6ms
[2022-04-01T12:22:21.072-0400][gc,phases     ] GC(5)   Other: 0.2ms
[2022-04-01T12:22:21.072-0400][gc,heap       ] GC(5) Eden regions: 47->0(44)
[2022-04-01T12:22:21.072-0400][gc,heap       ] GC(5) Survivor regions: 4->7(7)
[2022-04-01T12:22:21.072-0400][gc,heap       ] GC(5) Old regions: 7->7
[2022-04-01T12:22:21.072-0400][gc,heap       ] GC(5) Humongous regions: 129->129
[2022-04-01T12:22:21.072-0400][gc,metaspace  ] GC(5) Metaspace: 42814K->42814K(1087488K)
[2022-04-01T12:22:21.072-0400][gc            ] GC(5) Pause Young (Normal) (G1 Evacuation Pause) 185M->142M(1024M) 9.716ms
[2022-04-01T12:22:21.072-0400][gc,cpu        ] GC(5) User=0.04s Sys=0.01s Real=0.01s
[2022-04-01T13:56:03.236-0400][gc,start      ] GC(6) Pause Young (Normal) (G1 Evacuation Pause)
[2022-04-01T13:56:03.237-0400][gc,task       ] GC(6) Using 8 workers of 8 for evacuation
[2022-04-01T13:56:03.277-0400][gc,mmu        ] GC(6) MMU target violated: 21.0ms (20.0ms/21.0ms)
[2022-04-01T13:56:03.277-0400][gc,phases     ] GC(6)   Pre Evacuate Collection Set: 1.0ms
[2022-04-01T13:56:03.277-0400][gc,phases     ] GC(6)   Evacuate Collection Set: 37.6ms
[2022-04-01T13:56:03.277-0400][gc,phases     ] GC(6)   Post Evacuate Collection Set: 0.8ms
[2022-04-01T13:56:03.277-0400][gc,phases     ] GC(6)   Other: 1.6ms
[2022-04-01T13:56:03.277-0400][gc,heap       ] GC(6) Eden regions: 44->0(46)
[2022-04-01T13:56:03.277-0400][gc,heap       ] GC(6) Survivor regions: 7->5(7)
[2022-04-01T13:56:03.277-0400][gc,heap       ] GC(6) Old regions: 7->10
[2022-04-01T13:56:03.277-0400][gc,heap       ] GC(6) Humongous regions: 129->129
[2022-04-01T13:56:03.277-0400][gc,metaspace  ] GC(6) Metaspace: 47485K->47485K(1091584K)
[2022-04-01T13:56:03.277-0400][gc            ] GC(6) Pause Young (Normal) (G1 Evacuation Pause) 186M->143M(1024M) 41.094ms
[2022-04-01T13:56:03.277-0400][gc,cpu        ] GC(6) User=0.06s Sys=0.11s Real=0.04s
[2022-04-01T14:20:07.383-0400][gc,start      ] GC(7) Pause Young (Normal) (G1 Evacuation Pause)
[2022-04-01T14:20:07.385-0400][gc,task       ] GC(7) Using 8 workers of 8 for evacuation
[2022-04-01T14:20:07.415-0400][gc,mmu        ] GC(7) MMU target violated: 21.0ms (20.0ms/21.0ms)
[2022-04-01T14:20:07.415-0400][gc,phases     ] GC(7)   Pre Evacuate Collection Set: 2.4ms
[2022-04-01T14:20:07.415-0400][gc,phases     ] GC(7)   Evacuate Collection Set: 26.3ms
[2022-04-01T14:20:07.415-0400][gc,phases     ] GC(7)   Post Evacuate Collection Set: 0.5ms
[2022-04-01T14:20:07.415-0400][gc,phases     ] GC(7)   Other: 2.7ms
[2022-04-01T14:20:07.415-0400][gc,heap       ] GC(7) Eden regions: 46->0(49)
[2022-04-01T14:20:07.415-0400][gc,heap       ] GC(7) Survivor regions: 5->2(7)
[2022-04-01T14:20:07.415-0400][gc,heap       ] GC(7) Old regions: 10->13
[2022-04-01T14:20:07.415-0400][gc,heap       ] GC(7) Humongous regions: 129->129
[2022-04-01T14:20:07.415-0400][gc,metaspace  ] GC(7) Metaspace: 47642K->47642K(1091584K)
[2022-04-01T14:20:07.415-0400][gc            ] GC(7) Pause Young (Normal) (G1 Evacuation Pause) 189M->143M(1024M) 31.903ms
[2022-04-01T14:20:07.415-0400][gc,cpu        ] GC(7) User=0.05s Sys=0.09s Real=0.03s
[2022-04-01T15:14:52.978-0400][gc,start      ] GC(8) Pause Young (Normal) (G1 Evacuation Pause)
[2022-04-01T15:14:52.979-0400][gc,task       ] GC(8) Using 8 workers of 8 for evacuation
[2022-04-01T15:14:52.993-0400][gc,phases     ] GC(8)   Pre Evacuate Collection Set: 1.3ms
[2022-04-01T15:14:52.993-0400][gc,phases     ] GC(8)   Evacuate Collection Set: 10.0ms
[2022-04-01T15:14:52.993-0400][gc,phases     ] GC(8)   Post Evacuate Collection Set: 1.9ms
[2022-04-01T15:14:52.993-0400][gc,phases     ] GC(8)   Other: 1.6ms
[2022-04-01T15:14:52.993-0400][gc,heap       ] GC(8) Eden regions: 49->0(49)
[2022-04-01T15:14:52.993-0400][gc,heap       ] GC(8) Survivor regions: 2->2(7)
[2022-04-01T15:14:52.993-0400][gc,heap       ] GC(8) Old regions: 13->13
[2022-04-01T15:14:52.993-0400][gc,heap       ] GC(8) Humongous regions: 129->129
[2022-04-01T15:14:52.993-0400][gc,metaspace  ] GC(8) Metaspace: 48068K->48068K(1093632K)
[2022-04-01T15:14:52.993-0400][gc            ] GC(8) Pause Young (Normal) (G1 Evacuation Pause) 192M->143M(1024M) 15.240ms
[2022-04-01T15:14:52.993-0400][gc,cpu        ] GC(8) User=0.02s Sys=0.02s Real=0.02s
[2022-04-01T15:41:11.950-0400][gc,start      ] GC(9) Pause Young (Normal) (G1 Evacuation Pause)
[2022-04-01T15:41:11.950-0400][gc,task       ] GC(9) Using 8 workers of 8 for evacuation
[2022-04-01T15:41:11.967-0400][gc,phases     ] GC(9)   Pre Evacuate Collection Set: 1.1ms
[2022-04-01T15:41:11.967-0400][gc,phases     ] GC(9)   Evacuate Collection Set: 12.3ms
[2022-04-01T15:41:11.967-0400][gc,phases     ] GC(9)   Post Evacuate Collection Set: 2.6ms
[2022-04-01T15:41:11.967-0400][gc,phases     ] GC(9)   Other: 1.0ms
[2022-04-01T15:41:11.967-0400][gc,heap       ] GC(9) Eden regions: 49->0(49)
[2022-04-01T15:41:11.967-0400][gc,heap       ] GC(9) Survivor regions: 2->2(7)
[2022-04-01T15:41:11.967-0400][gc,heap       ] GC(9) Old regions: 13->13
[2022-04-01T15:41:11.967-0400][gc,heap       ] GC(9) Humongous regions: 129->129
[2022-04-01T15:41:11.967-0400][gc,metaspace  ] GC(9) Metaspace: 48147K->48147K(1093632K)
[2022-04-01T15:41:11.967-0400][gc            ] GC(9) Pause Young (Normal) (G1 Evacuation Pause) 192M->143M(1024M) 17.175ms
[2022-04-01T15:41:11.967-0400][gc,cpu        ] GC(9) User=0.02s Sys=0.03s Real=0.01s
[2022-04-01T16:07:42.411-0400][gc,start      ] GC(10) Pause Young (Normal) (G1 Evacuation Pause)
[2022-04-01T16:07:42.412-0400][gc,task       ] GC(10) Using 8 workers of 8 for evacuation
[2022-04-01T16:07:42.417-0400][gc,phases     ] GC(10)   Pre Evacuate Collection Set: 0.0ms
[2022-04-01T16:07:42.417-0400][gc,phases     ] GC(10)   Evacuate Collection Set: 3.9ms
[2022-04-01T16:07:42.417-0400][gc,phases     ] GC(10)   Post Evacuate Collection Set: 1.0ms
[2022-04-01T16:07:42.417-0400][gc,phases     ] GC(10)   Other: 1.2ms
[2022-04-01T16:07:42.417-0400][gc,heap       ] GC(10) Eden regions: 49->0(49)
[2022-04-01T16:07:42.417-0400][gc,heap       ] GC(10) Survivor regions: 2->2(7)
[2022-04-01T16:07:42.417-0400][gc,heap       ] GC(10) Old regions: 13->13
[2022-04-01T16:07:42.417-0400][gc,heap       ] GC(10) Humongous regions: 129->129
[2022-04-01T16:07:42.417-0400][gc,metaspace  ] GC(10) Metaspace: 48213K->48213K(1093632K)
[2022-04-01T16:07:42.418-0400][gc            ] GC(10) Pause Young (Normal) (G1 Evacuation Pause) 192M->143M(1024M) 6.437ms
[2022-04-01T16:07:42.418-0400][gc,cpu        ] GC(10) User=0.02s Sys=0.00s Real=0.00s
[2022-04-01T16:33:45.860-0400][gc,start      ] GC(11) Pause Young (Normal) (G1 Evacuation Pause)
[2022-04-01T16:33:45.861-0400][gc,task       ] GC(11) Using 8 workers of 8 for evacuation
[2022-04-01T16:33:45.871-0400][gc,phases     ] GC(11)   Pre Evacuate Collection Set: 0.9ms
[2022-04-01T16:33:45.871-0400][gc,phases     ] GC(11)   Evacuate Collection Set: 7.7ms
[2022-04-01T16:33:45.871-0400][gc,phases     ] GC(11)   Post Evacuate Collection Set: 1.5ms
[2022-04-01T16:33:45.871-0400][gc,phases     ] GC(11)   Other: 1.4ms
[2022-04-01T16:33:45.871-0400][gc,heap       ] GC(11) Eden regions: 49->0(55)
[2022-04-01T16:33:45.871-0400][gc,heap       ] GC(11) Survivor regions: 2->2(7)
[2022-04-01T16:33:45.871-0400][gc,heap       ] GC(11) Old regions: 13->13
[2022-04-01T16:33:45.871-0400][gc,heap       ] GC(11) Humongous regions: 129->129
[2022-04-01T16:33:45.871-0400][gc,metaspace  ] GC(11) Metaspace: 48389K->48389K(1093632K)
[2022-04-01T16:33:45.871-0400][gc            ] GC(11) Pause Young (Normal) (G1 Evacuation Pause) 192M->143M(1024M) 11.686ms
[2022-04-01T16:33:45.871-0400][gc,cpu        ] GC(11) User=0.02s Sys=0.03s Real=0.01s
[2022-04-01T16:59:23.153-0400][gc,start      ] GC(12) Pause Young (Normal) (G1 Evacuation Pause)
[2022-04-01T16:59:23.153-0400][gc,task       ] GC(12) Using 8 workers of 8 for evacuation
[2022-04-01T16:59:23.161-0400][gc,phases     ] GC(12)   Pre Evacuate Collection Set: 0.0ms
[2022-04-01T16:59:23.161-0400][gc,phases     ] GC(12)   Evacuate Collection Set: 5.6ms
[2022-04-01T16:59:23.161-0400][gc,phases     ] GC(12)   Post Evacuate Collection Set: 1.4ms
[2022-04-01T16:59:23.161-0400][gc,phases     ] GC(12)   Other: 0.7ms
[2022-04-01T16:59:23.161-0400][gc,heap       ] GC(12) Eden regions: 51->0(55)
[2022-04-01T16:59:23.161-0400][gc,heap       ] GC(12) Survivor regions: 2->2(7)
[2022-04-01T16:59:23.161-0400][gc,heap       ] GC(12) Old regions: 13->13
[2022-04-01T16:59:23.161-0400][gc,heap       ] GC(12) Humongous regions: 129->129
[2022-04-01T16:59:23.161-0400][gc,metaspace  ] GC(12) Metaspace: 48646K->48646K(1093632K)
[2022-04-01T16:59:23.161-0400][gc            ] GC(12) Pause Young (Normal) (G1 Evacuation Pause) 194M->143M(1024M) 7.974ms
[2022-04-01T16:59:23.161-0400][gc,cpu        ] GC(12) User=0.03s Sys=0.01s Real=0.01s
[2022-04-01T16:59:27.649-0400][gc,heap,exit  ] Heap
[2022-04-01T16:59:27.649-0400][gc,heap,exit  ]  garbage-first heap   total 1048576K, used 152889K [0x00000007c0000000, 0x0000000800000000)
[2022-04-01T16:59:27.649-0400][gc,heap,exit  ]   region size 1024K, 9 young (9216K), 2 survivors (2048K)
[2022-04-01T16:59:27.649-0400][gc,heap,exit  ]  Metaspace       used 49138K, capacity 51210K, committed 51452K, reserved 1093632K
[2022-04-01T16:59:27.649-0400][gc,heap,exit  ]   class space    used 6131K, capacity 7146K, committed 7216K, reserved 1048576K
