[2022-04-04T09:58:05.445-0400][gc,heap] Heap region size: 1M
[2022-04-04T09:58:05.457-0400][gc     ] Using G1
[2022-04-04T09:58:05.457-0400][gc,heap,coops] Heap address: 0x00000007c0000000, size: 1024 MB, Compressed Oops mode: Zero based, Oop shift amount: 3
[2022-04-04T09:58:07.025-0400][gc,start     ] GC(0) Pause Young (Concurrent Start) (Metadata GC Threshold)
[2022-04-04T09:58:07.026-0400][gc,task      ] GC(0) Using 8 workers of 8 for evacuation
[2022-04-04T09:58:07.035-0400][gc,phases    ] GC(0)   Pre Evacuate Collection Set: 0.0ms
[2022-04-04T09:58:07.036-0400][gc,phases    ] GC(0)   Evacuate Collection Set: 8.9ms
[2022-04-04T09:58:07.036-0400][gc,phases    ] GC(0)   Post Evacuate Collection Set: 0.4ms
[2022-04-04T09:58:07.036-0400][gc,phases    ] GC(0)   Other: 1.2ms
[2022-04-04T09:58:07.036-0400][gc,heap      ] GC(0) Eden regions: 42->0(44)
[2022-04-04T09:58:07.036-0400][gc,heap      ] GC(0) Survivor regions: 0->7(7)
[2022-04-04T09:58:07.036-0400][gc,heap      ] GC(0) Old regions: 0->0
[2022-04-04T09:58:07.036-0400][gc,heap      ] GC(0) Humongous regions: 0->0
[2022-04-04T09:58:07.036-0400][gc,metaspace ] GC(0) Metaspace: 20698K->20698K(1069056K)
[2022-04-04T09:58:07.036-0400][gc           ] GC(0) Pause Young (Concurrent Start) (Metadata GC Threshold) 42M->7M(1024M) 10.709ms
[2022-04-04T09:58:07.036-0400][gc,cpu       ] GC(0) User=0.02s Sys=0.00s Real=0.01s
[2022-04-04T09:58:07.036-0400][gc           ] GC(1) Concurrent Cycle
[2022-04-04T09:58:07.036-0400][gc,marking   ] GC(1) Concurrent Clear Claimed Marks
[2022-04-04T09:58:07.036-0400][gc,marking   ] GC(1) Concurrent Clear Claimed Marks 0.023ms
[2022-04-04T09:58:07.036-0400][gc,marking   ] GC(1) Concurrent Scan Root Regions
[2022-04-04T09:58:07.038-0400][gc,marking   ] GC(1) Concurrent Scan Root Regions 1.999ms
[2022-04-04T09:58:07.038-0400][gc,marking   ] GC(1) Concurrent Mark (1.610s)
[2022-04-04T09:58:07.038-0400][gc,marking   ] GC(1) Concurrent Mark From Roots
[2022-04-04T09:58:07.038-0400][gc,task      ] GC(1) Using 2 workers of 2 for marking
[2022-04-04T09:58:07.038-0400][gc,marking   ] GC(1) Concurrent Mark From Roots 0.223ms
[2022-04-04T09:58:07.038-0400][gc,marking   ] GC(1) Concurrent Preclean
[2022-04-04T09:58:07.038-0400][gc,marking   ] GC(1) Concurrent Preclean 0.045ms
[2022-04-04T09:58:07.038-0400][gc,marking   ] GC(1) Concurrent Mark (1.610s, 1.611s) 0.341ms
[2022-04-04T09:58:07.039-0400][gc,start     ] GC(1) Pause Remark
[2022-04-04T09:58:07.042-0400][gc,stringtable] GC(1) Cleaned string and symbol table, strings: 7216 processed, 0 removed, symbols: 63707 processed, 43 removed
[2022-04-04T09:58:07.042-0400][gc            ] GC(1) Pause Remark 7M->7M(1024M) 2.994ms
[2022-04-04T09:58:07.042-0400][gc,cpu        ] GC(1) User=0.02s Sys=0.00s Real=0.01s
[2022-04-04T09:58:07.042-0400][gc,marking    ] GC(1) Concurrent Rebuild Remembered Sets
[2022-04-04T09:58:07.042-0400][gc,marking    ] GC(1) Concurrent Rebuild Remembered Sets 0.085ms
[2022-04-04T09:58:07.042-0400][gc,start      ] GC(1) Pause Cleanup
[2022-04-04T09:58:07.043-0400][gc            ] GC(1) Pause Cleanup 7M->7M(1024M) 0.176ms
[2022-04-04T09:58:07.043-0400][gc,cpu        ] GC(1) User=0.00s Sys=0.00s Real=0.00s
[2022-04-04T09:58:07.043-0400][gc,marking    ] GC(1) Concurrent Cleanup for Next Mark
[2022-04-04T09:58:07.051-0400][gc,marking    ] GC(1) Concurrent Cleanup for Next Mark 8.207ms
[2022-04-04T09:58:07.051-0400][gc            ] GC(1) Concurrent Cycle 15.262ms
[2022-04-04T09:58:09.433-0400][gc,start      ] GC(2) Pause Young (Normal) (G1 Evacuation Pause)
[2022-04-04T09:58:09.433-0400][gc,task       ] GC(2) Using 8 workers of 8 for evacuation
[2022-04-04T09:58:09.446-0400][gc,phases     ] GC(2)   Pre Evacuate Collection Set: 0.1ms
[2022-04-04T09:58:09.446-0400][gc,phases     ] GC(2)   Evacuate Collection Set: 12.0ms
[2022-04-04T09:58:09.446-0400][gc,phases     ] GC(2)   Post Evacuate Collection Set: 0.8ms
[2022-04-04T09:58:09.447-0400][gc,phases     ] GC(2)   Other: 0.4ms
[2022-04-04T09:58:09.447-0400][gc,heap       ] GC(2) Eden regions: 44->0(49)
[2022-04-04T09:58:09.447-0400][gc,heap       ] GC(2) Survivor regions: 7->2(7)
[2022-04-04T09:58:09.447-0400][gc,heap       ] GC(2) Old regions: 0->7
[2022-04-04T09:58:09.447-0400][gc,heap       ] GC(2) Humongous regions: 0->0
[2022-04-04T09:58:09.447-0400][gc,metaspace  ] GC(2) Metaspace: 31146K->31146K(1077248K)
[2022-04-04T09:58:09.447-0400][gc            ] GC(2) Pause Young (Normal) (G1 Evacuation Pause) 51M->8M(1024M) 13.575ms
[2022-04-04T09:58:09.447-0400][gc,cpu        ] GC(2) User=0.05s Sys=0.01s Real=0.01s
[2022-04-04T09:58:12.037-0400][gc,start      ] GC(3) Pause Young (Concurrent Start) (Metadata GC Threshold)
[2022-04-04T09:58:12.037-0400][gc,task       ] GC(3) Using 8 workers of 8 for evacuation
[2022-04-04T09:58:12.040-0400][gc,phases     ] GC(3)   Pre Evacuate Collection Set: 0.0ms
[2022-04-04T09:58:12.041-0400][gc,phases     ] GC(3)   Evacuate Collection Set: 2.7ms
[2022-04-04T09:58:12.041-0400][gc,phases     ] GC(3)   Post Evacuate Collection Set: 0.3ms
[2022-04-04T09:58:12.041-0400][gc,phases     ] GC(3)   Other: 0.5ms
[2022-04-04T09:58:12.041-0400][gc,heap       ] GC(3) Eden regions: 28->0(47)
[2022-04-04T09:58:12.041-0400][gc,heap       ] GC(3) Survivor regions: 2->4(7)
[2022-04-04T09:58:12.041-0400][gc,heap       ] GC(3) Old regions: 7->7
[2022-04-04T09:58:12.041-0400][gc,heap       ] GC(3) Humongous regions: 129->129
[2022-04-04T09:58:12.041-0400][gc,metaspace  ] GC(3) Metaspace: 34897K->34897K(1081344K)
[2022-04-04T09:58:12.041-0400][gc            ] GC(3) Pause Young (Concurrent Start) (Metadata GC Threshold) 164M->138M(1024M) 3.667ms
[2022-04-04T09:58:12.041-0400][gc,cpu        ] GC(3) User=0.01s Sys=0.00s Real=0.01s
[2022-04-04T09:58:12.041-0400][gc            ] GC(4) Concurrent Cycle
[2022-04-04T09:58:12.041-0400][gc,marking    ] GC(4) Concurrent Clear Claimed Marks
[2022-04-04T09:58:12.041-0400][gc,marking    ] GC(4) Concurrent Clear Claimed Marks 0.051ms
[2022-04-04T09:58:12.041-0400][gc,marking    ] GC(4) Concurrent Scan Root Regions
[2022-04-04T09:58:12.043-0400][gc,marking    ] GC(4) Concurrent Scan Root Regions 1.660ms
[2022-04-04T09:58:12.043-0400][gc,marking    ] GC(4) Concurrent Mark (6.615s)
[2022-04-04T09:58:12.043-0400][gc,marking    ] GC(4) Concurrent Mark From Roots
[2022-04-04T09:58:12.043-0400][gc,task       ] GC(4) Using 2 workers of 2 for marking
[2022-04-04T09:58:12.048-0400][gc,marking    ] GC(4) Concurrent Mark From Roots 5.349ms
[2022-04-04T09:58:12.048-0400][gc,marking    ] GC(4) Concurrent Preclean
[2022-04-04T09:58:12.048-0400][gc,marking    ] GC(4) Concurrent Preclean 0.103ms
[2022-04-04T09:58:12.048-0400][gc,marking    ] GC(4) Concurrent Mark (6.615s, 6.620s) 5.559ms
[2022-04-04T09:58:12.048-0400][gc,start      ] GC(4) Pause Remark
[2022-04-04T09:58:12.050-0400][gc,stringtable] GC(4) Cleaned string and symbol table, strings: 10711 processed, 10 removed, symbols: 95820 processed, 32 removed
[2022-04-04T09:58:12.050-0400][gc            ] GC(4) Pause Remark 139M->139M(1024M) 1.906ms
[2022-04-04T09:58:12.050-0400][gc,cpu        ] GC(4) User=0.01s Sys=0.00s Real=0.01s
[2022-04-04T09:58:12.050-0400][gc,marking    ] GC(4) Concurrent Rebuild Remembered Sets
[2022-04-04T09:58:12.054-0400][gc,marking    ] GC(4) Concurrent Rebuild Remembered Sets 3.734ms
[2022-04-04T09:58:12.054-0400][gc,start      ] GC(4) Pause Cleanup
[2022-04-04T09:58:12.054-0400][gc            ] GC(4) Pause Cleanup 139M->139M(1024M) 0.156ms
[2022-04-04T09:58:12.055-0400][gc,cpu        ] GC(4) User=0.00s Sys=0.00s Real=0.00s
[2022-04-04T09:58:12.055-0400][gc,marking    ] GC(4) Concurrent Cleanup for Next Mark
[2022-04-04T09:58:12.060-0400][gc,marking    ] GC(4) Concurrent Cleanup for Next Mark 5.692ms
[2022-04-04T09:58:12.060-0400][gc            ] GC(4) Concurrent Cycle 19.566ms
[2022-04-04T09:58:17.032-0400][gc,heap,exit  ] Heap
[2022-04-04T09:58:17.032-0400][gc,heap,exit  ]  garbage-first heap   total 1048576K, used 186206K [0x00000007c0000000, 0x0000000800000000)
[2022-04-04T09:58:17.032-0400][gc,heap,exit  ]   region size 1024K, 48 young (49152K), 4 survivors (4096K)
[2022-04-04T09:58:17.032-0400][gc,heap,exit  ]  Metaspace       used 41412K, capacity 42829K, committed 43004K, reserved 1087488K
[2022-04-04T09:58:17.032-0400][gc,heap,exit  ]   class space    used 5123K, capacity 5791K, committed 5888K, reserved 1048576K
