[2022-03-31T13:19:56.954-0400][gc,heap] Heap region size: 1M
[2022-03-31T13:19:56.969-0400][gc     ] Using G1
[2022-03-31T13:19:56.969-0400][gc,heap,coops] Heap address: 0x00000007c0000000, size: 1024 MB, Compressed Oops mode: Zero based, Oop shift amount: 3
[2022-03-31T13:19:58.530-0400][gc,start     ] GC(0) Pause Young (Concurrent Start) (Metadata GC Threshold)
[2022-03-31T13:19:58.531-0400][gc,task      ] GC(0) Using 8 workers of 8 for evacuation
[2022-03-31T13:19:58.541-0400][gc,phases    ] GC(0)   Pre Evacuate Collection Set: 0.0ms
[2022-03-31T13:19:58.541-0400][gc,phases    ] GC(0)   Evacuate Collection Set: 8.9ms
[2022-03-31T13:19:58.541-0400][gc,phases    ] GC(0)   Post Evacuate Collection Set: 0.7ms
[2022-03-31T13:19:58.542-0400][gc,phases    ] GC(0)   Other: 1.3ms
[2022-03-31T13:19:58.542-0400][gc,heap      ] GC(0) Eden regions: 42->0(44)
[2022-03-31T13:19:58.542-0400][gc,heap      ] GC(0) Survivor regions: 0->7(7)
[2022-03-31T13:19:58.542-0400][gc,heap      ] GC(0) Old regions: 0->0
[2022-03-31T13:19:58.542-0400][gc,heap      ] GC(0) Humongous regions: 0->0
[2022-03-31T13:19:58.542-0400][gc,metaspace ] GC(0) Metaspace: 20696K->20696K(1069056K)
[2022-03-31T13:19:58.542-0400][gc           ] GC(0) Pause Young (Concurrent Start) (Metadata GC Threshold) 42M->6M(1024M) 11.104ms
[2022-03-31T13:19:58.542-0400][gc,cpu       ] GC(0) User=0.02s Sys=0.01s Real=0.01s
[2022-03-31T13:19:58.542-0400][gc           ] GC(1) Concurrent Cycle
[2022-03-31T13:19:58.542-0400][gc,marking   ] GC(1) Concurrent Clear Claimed Marks
[2022-03-31T13:19:58.542-0400][gc,marking   ] GC(1) Concurrent Clear Claimed Marks 0.026ms
[2022-03-31T13:19:58.542-0400][gc,marking   ] GC(1) Concurrent Scan Root Regions
[2022-03-31T13:19:58.544-0400][gc,marking   ] GC(1) Concurrent Scan Root Regions 1.700ms
[2022-03-31T13:19:58.544-0400][gc,marking   ] GC(1) Concurrent Mark (1.606s)
[2022-03-31T13:19:58.544-0400][gc,marking   ] GC(1) Concurrent Mark From Roots
[2022-03-31T13:19:58.544-0400][gc,task      ] GC(1) Using 2 workers of 2 for marking
[2022-03-31T13:19:58.544-0400][gc,marking   ] GC(1) Concurrent Mark From Roots 0.186ms
[2022-03-31T13:19:58.544-0400][gc,marking   ] GC(1) Concurrent Preclean
[2022-03-31T13:19:58.544-0400][gc,marking   ] GC(1) Concurrent Preclean 0.040ms
[2022-03-31T13:19:58.544-0400][gc,marking   ] GC(1) Concurrent Mark (1.606s, 1.607s) 0.299ms
[2022-03-31T13:19:58.544-0400][gc,start     ] GC(1) Pause Remark
[2022-03-31T13:19:58.547-0400][gc,stringtable] GC(1) Cleaned string and symbol table, strings: 7217 processed, 0 removed, symbols: 63699 processed, 43 removed
[2022-03-31T13:19:58.547-0400][gc            ] GC(1) Pause Remark 7M->7M(1024M) 2.769ms
[2022-03-31T13:19:58.547-0400][gc,cpu        ] GC(1) User=0.01s Sys=0.00s Real=0.00s
[2022-03-31T13:19:58.547-0400][gc,marking    ] GC(1) Concurrent Rebuild Remembered Sets
[2022-03-31T13:19:58.547-0400][gc,marking    ] GC(1) Concurrent Rebuild Remembered Sets 0.081ms
[2022-03-31T13:19:58.547-0400][gc,start      ] GC(1) Pause Cleanup
[2022-03-31T13:19:58.547-0400][gc            ] GC(1) Pause Cleanup 7M->7M(1024M) 0.116ms
[2022-03-31T13:19:58.547-0400][gc,cpu        ] GC(1) User=0.00s Sys=0.00s Real=0.00s
[2022-03-31T13:19:58.547-0400][gc,marking    ] GC(1) Concurrent Cleanup for Next Mark
[2022-03-31T13:19:58.554-0400][gc,marking    ] GC(1) Concurrent Cleanup for Next Mark 6.219ms
[2022-03-31T13:19:58.554-0400][gc            ] GC(1) Concurrent Cycle 11.985ms
[2022-03-31T13:20:00.209-0400][gc,start      ] GC(2) Pause Young (Normal) (G1 Evacuation Pause)
[2022-03-31T13:20:00.209-0400][gc,task       ] GC(2) Using 8 workers of 8 for evacuation
[2022-03-31T13:20:00.219-0400][gc,phases     ] GC(2)   Pre Evacuate Collection Set: 0.1ms
[2022-03-31T13:20:00.219-0400][gc,phases     ] GC(2)   Evacuate Collection Set: 9.4ms
[2022-03-31T13:20:00.219-0400][gc,phases     ] GC(2)   Post Evacuate Collection Set: 0.6ms
[2022-03-31T13:20:00.219-0400][gc,phases     ] GC(2)   Other: 0.2ms
[2022-03-31T13:20:00.219-0400][gc,heap       ] GC(2) Eden regions: 44->0(49)
[2022-03-31T13:20:00.219-0400][gc,heap       ] GC(2) Survivor regions: 7->2(7)
[2022-03-31T13:20:00.219-0400][gc,heap       ] GC(2) Old regions: 0->7
[2022-03-31T13:20:00.219-0400][gc,heap       ] GC(2) Humongous regions: 0->0
[2022-03-31T13:20:00.219-0400][gc,metaspace  ] GC(2) Metaspace: 30779K->30779K(1077248K)
[2022-03-31T13:20:00.219-0400][gc            ] GC(2) Pause Young (Normal) (G1 Evacuation Pause) 50M->8M(1024M) 10.494ms
[2022-03-31T13:20:00.219-0400][gc,cpu        ] GC(2) User=0.05s Sys=0.02s Real=0.01s
[2022-03-31T13:20:00.655-0400][gc,start      ] GC(3) Pause Young (Concurrent Start) (Metadata GC Threshold)
[2022-03-31T13:20:00.655-0400][gc,task       ] GC(3) Using 8 workers of 8 for evacuation
[2022-03-31T13:20:00.658-0400][gc,phases     ] GC(3)   Pre Evacuate Collection Set: 0.0ms
[2022-03-31T13:20:00.658-0400][gc,phases     ] GC(3)   Evacuate Collection Set: 2.2ms
[2022-03-31T13:20:00.658-0400][gc,phases     ] GC(3)   Post Evacuate Collection Set: 0.2ms
[2022-03-31T13:20:00.658-0400][gc,phases     ] GC(3)   Other: 0.2ms
[2022-03-31T13:20:00.658-0400][gc,heap       ] GC(3) Eden regions: 18->0(48)
[2022-03-31T13:20:00.658-0400][gc,heap       ] GC(3) Survivor regions: 2->3(7)
[2022-03-31T13:20:00.658-0400][gc,heap       ] GC(3) Old regions: 7->7
[2022-03-31T13:20:00.658-0400][gc,heap       ] GC(3) Humongous regions: 129->129
[2022-03-31T13:20:00.658-0400][gc,metaspace  ] GC(3) Metaspace: 34589K->34589K(1081344K)
[2022-03-31T13:20:00.658-0400][gc            ] GC(3) Pause Young (Concurrent Start) (Metadata GC Threshold) 154M->138M(1024M) 2.841ms
[2022-03-31T13:20:00.658-0400][gc,cpu        ] GC(3) User=0.01s Sys=0.01s Real=0.00s
[2022-03-31T13:20:00.658-0400][gc            ] GC(4) Concurrent Cycle
[2022-03-31T13:20:00.658-0400][gc,marking    ] GC(4) Concurrent Clear Claimed Marks
[2022-03-31T13:20:00.658-0400][gc,marking    ] GC(4) Concurrent Clear Claimed Marks 0.029ms
[2022-03-31T13:20:00.658-0400][gc,marking    ] GC(4) Concurrent Scan Root Regions
[2022-03-31T13:20:00.660-0400][gc,marking    ] GC(4) Concurrent Scan Root Regions 1.254ms
[2022-03-31T13:20:00.660-0400][gc,marking    ] GC(4) Concurrent Mark (3.722s)
[2022-03-31T13:20:00.660-0400][gc,marking    ] GC(4) Concurrent Mark From Roots
[2022-03-31T13:20:00.660-0400][gc,task       ] GC(4) Using 2 workers of 2 for marking
[2022-03-31T13:20:00.665-0400][gc,marking    ] GC(4) Concurrent Mark From Roots 5.574ms
[2022-03-31T13:20:00.665-0400][gc,marking    ] GC(4) Concurrent Preclean
[2022-03-31T13:20:00.665-0400][gc,marking    ] GC(4) Concurrent Preclean 0.071ms
[2022-03-31T13:20:00.665-0400][gc,marking    ] GC(4) Concurrent Mark (3.722s, 3.728s) 5.721ms
[2022-03-31T13:20:00.666-0400][gc,start      ] GC(4) Pause Remark
[2022-03-31T13:20:00.668-0400][gc,stringtable] GC(4) Cleaned string and symbol table, strings: 10572 processed, 10 removed, symbols: 96299 processed, 34 removed
[2022-03-31T13:20:00.668-0400][gc            ] GC(4) Pause Remark 138M->138M(1024M) 2.776ms
[2022-03-31T13:20:00.668-0400][gc,cpu        ] GC(4) User=0.01s Sys=0.00s Real=0.00s
[2022-03-31T13:20:00.668-0400][gc,marking    ] GC(4) Concurrent Rebuild Remembered Sets
[2022-03-31T13:20:00.672-0400][gc,marking    ] GC(4) Concurrent Rebuild Remembered Sets 3.776ms
[2022-03-31T13:20:00.673-0400][gc,start      ] GC(4) Pause Cleanup
[2022-03-31T13:20:00.673-0400][gc            ] GC(4) Pause Cleanup 139M->139M(1024M) 0.311ms
[2022-03-31T13:20:00.673-0400][gc,cpu        ] GC(4) User=0.00s Sys=0.00s Real=0.00s
[2022-03-31T13:20:00.673-0400][gc,marking    ] GC(4) Concurrent Cleanup for Next Mark
[2022-03-31T13:20:00.681-0400][gc,marking    ] GC(4) Concurrent Cleanup for Next Mark 8.080ms
[2022-03-31T13:20:00.681-0400][gc            ] GC(4) Concurrent Cycle 22.975ms
[2022-03-31T13:20:01.669-0400][gc,start      ] GC(5) Pause Young (Normal) (G1 Evacuation Pause)
[2022-03-31T13:20:01.669-0400][gc,task       ] GC(5) Using 8 workers of 8 for evacuation
[2022-03-31T13:20:01.676-0400][gc,phases     ] GC(5)   Pre Evacuate Collection Set: 0.0ms
[2022-03-31T13:20:01.676-0400][gc,phases     ] GC(5)   Evacuate Collection Set: 5.8ms
[2022-03-31T13:20:01.676-0400][gc,phases     ] GC(5)   Post Evacuate Collection Set: 0.6ms
[2022-03-31T13:20:01.676-0400][gc,phases     ] GC(5)   Other: 0.2ms
[2022-03-31T13:20:01.676-0400][gc,heap       ] GC(5) Eden regions: 48->0(44)
[2022-03-31T13:20:01.676-0400][gc,heap       ] GC(5) Survivor regions: 3->7(7)
[2022-03-31T13:20:01.676-0400][gc,heap       ] GC(5) Old regions: 7->7
[2022-03-31T13:20:01.676-0400][gc,heap       ] GC(5) Humongous regions: 129->129
[2022-03-31T13:20:01.676-0400][gc,metaspace  ] GC(5) Metaspace: 43171K->43171K(1087488K)
[2022-03-31T13:20:01.676-0400][gc            ] GC(5) Pause Young (Normal) (G1 Evacuation Pause) 186M->141M(1024M) 6.869ms
[2022-03-31T13:20:01.676-0400][gc,cpu        ] GC(5) User=0.03s Sys=0.01s Real=0.01s
[2022-03-31T13:20:24.777-0400][gc,start      ] GC(6) Pause Young (Normal) (G1 Evacuation Pause)
[2022-03-31T13:20:24.777-0400][gc,task       ] GC(6) Using 8 workers of 8 for evacuation
[2022-03-31T13:20:24.836-0400][gc,mmu        ] GC(6) MMU target violated: 21.0ms (20.0ms/21.0ms)
[2022-03-31T13:20:24.837-0400][gc,phases     ] GC(6)   Pre Evacuate Collection Set: 0.9ms
[2022-03-31T13:20:24.837-0400][gc,phases     ] GC(6)   Evacuate Collection Set: 57.2ms
[2022-03-31T13:20:24.837-0400][gc,phases     ] GC(6)   Post Evacuate Collection Set: 1.0ms
[2022-03-31T13:20:24.837-0400][gc,phases     ] GC(6)   Other: 1.0ms
[2022-03-31T13:20:24.837-0400][gc,heap       ] GC(6) Eden regions: 44->0(48)
[2022-03-31T13:20:24.837-0400][gc,heap       ] GC(6) Survivor regions: 7->3(7)
[2022-03-31T13:20:24.837-0400][gc,heap       ] GC(6) Old regions: 7->13
[2022-03-31T13:20:24.837-0400][gc,heap       ] GC(6) Humongous regions: 129->129
[2022-03-31T13:20:24.837-0400][gc,metaspace  ] GC(6) Metaspace: 48904K->48904K(1093632K)
[2022-03-31T13:20:24.837-0400][gc            ] GC(6) Pause Young (Normal) (G1 Evacuation Pause) 185M->144M(1024M) 60.232ms
[2022-03-31T13:20:24.837-0400][gc,cpu        ] GC(6) User=0.07s Sys=0.16s Real=0.06s
[2022-03-31T13:21:35.332-0400][gc,start      ] GC(7) Pause Young (Normal) (G1 Evacuation Pause)
[2022-03-31T13:21:35.333-0400][gc,task       ] GC(7) Using 8 workers of 8 for evacuation
[2022-03-31T13:21:35.337-0400][gc,phases     ] GC(7)   Pre Evacuate Collection Set: 0.0ms
[2022-03-31T13:21:35.337-0400][gc,phases     ] GC(7)   Evacuate Collection Set: 3.6ms
[2022-03-31T13:21:35.337-0400][gc,phases     ] GC(7)   Post Evacuate Collection Set: 0.5ms
[2022-03-31T13:21:35.337-0400][gc,phases     ] GC(7)   Other: 1.1ms
[2022-03-31T13:21:35.337-0400][gc,heap       ] GC(7) Eden regions: 48->0(47)
[2022-03-31T13:21:35.337-0400][gc,heap       ] GC(7) Survivor regions: 3->4(7)
[2022-03-31T13:21:35.337-0400][gc,heap       ] GC(7) Old regions: 13->13
[2022-03-31T13:21:35.337-0400][gc,heap       ] GC(7) Humongous regions: 129->129
[2022-03-31T13:21:35.337-0400][gc,metaspace  ] GC(7) Metaspace: 50470K->50470K(1095680K)
[2022-03-31T13:21:35.337-0400][gc            ] GC(7) Pause Young (Normal) (G1 Evacuation Pause) 192M->144M(1024M) 5.347ms
[2022-03-31T13:21:35.337-0400][gc,cpu        ] GC(7) User=0.03s Sys=0.00s Real=0.00s
[2022-03-31T13:23:19.385-0400][gc,start      ] GC(8) Pause Young (Normal) (G1 Evacuation Pause)
[2022-03-31T13:23:19.386-0400][gc,task       ] GC(8) Using 8 workers of 8 for evacuation
[2022-03-31T13:23:19.394-0400][gc,phases     ] GC(8)   Pre Evacuate Collection Set: 0.0ms
[2022-03-31T13:23:19.394-0400][gc,phases     ] GC(8)   Evacuate Collection Set: 7.7ms
[2022-03-31T13:23:19.394-0400][gc,phases     ] GC(8)   Post Evacuate Collection Set: 0.5ms
[2022-03-31T13:23:19.394-0400][gc,phases     ] GC(8)   Other: 1.3ms
[2022-03-31T13:23:19.394-0400][gc,heap       ] GC(8) Eden regions: 47->0(47)
[2022-03-31T13:23:19.394-0400][gc,heap       ] GC(8) Survivor regions: 4->4(7)
[2022-03-31T13:23:19.394-0400][gc,heap       ] GC(8) Old regions: 13->13
[2022-03-31T13:23:19.394-0400][gc,heap       ] GC(8) Humongous regions: 129->129
[2022-03-31T13:23:19.394-0400][gc,metaspace  ] GC(8) Metaspace: 50622K->50622K(1095680K)
[2022-03-31T13:23:19.394-0400][gc            ] GC(8) Pause Young (Normal) (G1 Evacuation Pause) 191M->145M(1024M) 9.717ms
[2022-03-31T13:23:19.395-0400][gc,cpu        ] GC(8) User=0.04s Sys=0.00s Real=0.01s
[2022-03-31T13:34:22.483-0400][gc,start      ] GC(9) Pause Young (Normal) (G1 Evacuation Pause)
[2022-03-31T13:34:22.484-0400][gc,task       ] GC(9) Using 8 workers of 8 for evacuation
[2022-03-31T13:34:22.507-0400][gc,mmu        ] GC(9) MMU target violated: 21.0ms (20.0ms/21.0ms)
[2022-03-31T13:34:22.507-0400][gc,phases     ] GC(9)   Pre Evacuate Collection Set: 0.1ms
[2022-03-31T13:34:22.507-0400][gc,phases     ] GC(9)   Evacuate Collection Set: 22.3ms
[2022-03-31T13:34:22.507-0400][gc,phases     ] GC(9)   Post Evacuate Collection Set: 0.7ms
[2022-03-31T13:34:22.507-0400][gc,phases     ] GC(9)   Other: 1.6ms
[2022-03-31T13:34:22.507-0400][gc,heap       ] GC(9) Eden regions: 47->0(46)
[2022-03-31T13:34:22.507-0400][gc,heap       ] GC(9) Survivor regions: 4->5(7)
[2022-03-31T13:34:22.507-0400][gc,heap       ] GC(9) Old regions: 13->13
[2022-03-31T13:34:22.507-0400][gc,heap       ] GC(9) Humongous regions: 129->129
[2022-03-31T13:34:22.507-0400][gc,metaspace  ] GC(9) Metaspace: 51349K->51349K(1095680K)
[2022-03-31T13:34:22.507-0400][gc            ] GC(9) Pause Young (Normal) (G1 Evacuation Pause) 192M->145M(1024M) 24.853ms
[2022-03-31T13:34:22.507-0400][gc,cpu        ] GC(9) User=0.04s Sys=0.07s Real=0.02s
[2022-03-31T13:38:33.095-0400][gc,start      ] GC(10) Pause Young (Normal) (G1 Evacuation Pause)
[2022-03-31T13:38:33.096-0400][gc,task       ] GC(10) Using 8 workers of 8 for evacuation
[2022-03-31T13:38:33.108-0400][gc,phases     ] GC(10)   Pre Evacuate Collection Set: 0.0ms
[2022-03-31T13:38:33.108-0400][gc,phases     ] GC(10)   Evacuate Collection Set: 11.3ms
[2022-03-31T13:38:33.108-0400][gc,phases     ] GC(10)   Post Evacuate Collection Set: 0.6ms
[2022-03-31T13:38:33.108-0400][gc,phases     ] GC(10)   Other: 1.5ms
[2022-03-31T13:38:33.108-0400][gc,heap       ] GC(10) Eden regions: 46->0(49)
[2022-03-31T13:38:33.108-0400][gc,heap       ] GC(10) Survivor regions: 5->2(7)
[2022-03-31T13:38:33.108-0400][gc,heap       ] GC(10) Old regions: 13->15
[2022-03-31T13:38:33.108-0400][gc,heap       ] GC(10) Humongous regions: 129->129
[2022-03-31T13:38:33.108-0400][gc,metaspace  ] GC(10) Metaspace: 51976K->51976K(1095680K)
[2022-03-31T13:38:33.108-0400][gc            ] GC(10) Pause Young (Normal) (G1 Evacuation Pause) 191M->145M(1024M) 13.481ms
[2022-03-31T13:38:33.109-0400][gc,cpu        ] GC(10) User=0.05s Sys=0.02s Real=0.01s
[2022-03-31T13:40:08.960-0400][gc,start      ] GC(11) Pause Young (Normal) (G1 Evacuation Pause)
[2022-03-31T13:40:08.961-0400][gc,task       ] GC(11) Using 8 workers of 8 for evacuation
[2022-03-31T13:40:08.964-0400][gc,phases     ] GC(11)   Pre Evacuate Collection Set: 0.0ms
[2022-03-31T13:40:08.965-0400][gc,phases     ] GC(11)   Evacuate Collection Set: 3.1ms
[2022-03-31T13:40:08.965-0400][gc,phases     ] GC(11)   Post Evacuate Collection Set: 0.7ms
[2022-03-31T13:40:08.965-0400][gc,phases     ] GC(11)   Other: 0.3ms
[2022-03-31T13:40:08.965-0400][gc,heap       ] GC(11) Eden regions: 49->0(50)
[2022-03-31T13:40:08.965-0400][gc,heap       ] GC(11) Survivor regions: 2->2(7)
[2022-03-31T13:40:08.965-0400][gc,heap       ] GC(11) Old regions: 15->15
[2022-03-31T13:40:08.965-0400][gc,heap       ] GC(11) Humongous regions: 129->129
[2022-03-31T13:40:08.965-0400][gc,metaspace  ] GC(11) Metaspace: 52010K->52010K(1095680K)
[2022-03-31T13:40:08.965-0400][gc            ] GC(11) Pause Young (Normal) (G1 Evacuation Pause) 194M->145M(1024M) 4.300ms
[2022-03-31T13:40:08.965-0400][gc,cpu        ] GC(11) User=0.02s Sys=0.00s Real=0.00s
[2022-03-31T13:41:49.059-0400][gc,start      ] GC(12) Pause Young (Normal) (G1 Evacuation Pause)
[2022-03-31T13:41:49.060-0400][gc,task       ] GC(12) Using 8 workers of 8 for evacuation
[2022-03-31T13:41:49.063-0400][gc,phases     ] GC(12)   Pre Evacuate Collection Set: 0.0ms
[2022-03-31T13:41:49.063-0400][gc,phases     ] GC(12)   Evacuate Collection Set: 2.7ms
[2022-03-31T13:41:49.063-0400][gc,phases     ] GC(12)   Post Evacuate Collection Set: 0.7ms
[2022-03-31T13:41:49.063-0400][gc,phases     ] GC(12)   Other: 1.2ms
[2022-03-31T13:41:49.063-0400][gc,heap       ] GC(12) Eden regions: 50->0(54)
[2022-03-31T13:41:49.063-0400][gc,heap       ] GC(12) Survivor regions: 2->2(7)
[2022-03-31T13:41:49.063-0400][gc,heap       ] GC(12) Old regions: 15->15
[2022-03-31T13:41:49.063-0400][gc,heap       ] GC(12) Humongous regions: 129->129
[2022-03-31T13:41:49.063-0400][gc,metaspace  ] GC(12) Metaspace: 52019K->52019K(1095680K)
[2022-03-31T13:41:49.063-0400][gc            ] GC(12) Pause Young (Normal) (G1 Evacuation Pause) 195M->145M(1024M) 4.703ms
[2022-03-31T13:41:49.063-0400][gc,cpu        ] GC(12) User=0.02s Sys=0.00s Real=0.01s
[2022-03-31T13:43:38.791-0400][gc,start      ] GC(13) Pause Young (Normal) (G1 Evacuation Pause)
[2022-03-31T13:43:38.792-0400][gc,task       ] GC(13) Using 8 workers of 8 for evacuation
[2022-03-31T13:43:38.799-0400][gc,phases     ] GC(13)   Pre Evacuate Collection Set: 0.0ms
[2022-03-31T13:43:38.799-0400][gc,phases     ] GC(13)   Evacuate Collection Set: 6.2ms
[2022-03-31T13:43:38.799-0400][gc,phases     ] GC(13)   Post Evacuate Collection Set: 0.6ms
[2022-03-31T13:43:38.799-0400][gc,phases     ] GC(13)   Other: 1.7ms
[2022-03-31T13:43:38.799-0400][gc,heap       ] GC(13) Eden regions: 54->0(57)
[2022-03-31T13:43:38.799-0400][gc,heap       ] GC(13) Survivor regions: 2->2(7)
[2022-03-31T13:43:38.799-0400][gc,heap       ] GC(13) Old regions: 15->15
[2022-03-31T13:43:38.799-0400][gc,heap       ] GC(13) Humongous regions: 129->129
[2022-03-31T13:43:38.799-0400][gc,metaspace  ] GC(13) Metaspace: 52030K->52030K(1095680K)
[2022-03-31T13:43:38.799-0400][gc            ] GC(13) Pause Young (Normal) (G1 Evacuation Pause) 199M->145M(1024M) 8.667ms
[2022-03-31T13:43:38.799-0400][gc,cpu        ] GC(13) User=0.03s Sys=0.01s Real=0.00s
[2022-03-31T13:45:33.755-0400][gc,start      ] GC(14) Pause Young (Normal) (G1 Evacuation Pause)
[2022-03-31T13:45:33.756-0400][gc,task       ] GC(14) Using 8 workers of 8 for evacuation
[2022-03-31T13:45:33.759-0400][gc,phases     ] GC(14)   Pre Evacuate Collection Set: 0.0ms
[2022-03-31T13:45:33.759-0400][gc,phases     ] GC(14)   Evacuate Collection Set: 2.4ms
[2022-03-31T13:45:33.759-0400][gc,phases     ] GC(14)   Post Evacuate Collection Set: 0.4ms
[2022-03-31T13:45:33.759-0400][gc,phases     ] GC(14)   Other: 1.0ms
[2022-03-31T13:45:33.759-0400][gc,heap       ] GC(14) Eden regions: 57->0(62)
[2022-03-31T13:45:33.759-0400][gc,heap       ] GC(14) Survivor regions: 2->2(8)
[2022-03-31T13:45:33.759-0400][gc,heap       ] GC(14) Old regions: 15->15
[2022-03-31T13:45:33.759-0400][gc,heap       ] GC(14) Humongous regions: 129->129
[2022-03-31T13:45:33.759-0400][gc,metaspace  ] GC(14) Metaspace: 52052K->52052K(1095680K)
[2022-03-31T13:45:33.759-0400][gc            ] GC(14) Pause Young (Normal) (G1 Evacuation Pause) 202M->145M(1024M) 4.047ms
[2022-03-31T13:45:33.759-0400][gc,cpu        ] GC(14) User=0.02s Sys=0.00s Real=0.00s
[2022-03-31T13:47:38.687-0400][gc,start      ] GC(15) Pause Young (Normal) (G1 Evacuation Pause)
[2022-03-31T13:47:38.687-0400][gc,task       ] GC(15) Using 8 workers of 8 for evacuation
[2022-03-31T13:47:38.693-0400][gc,phases     ] GC(15)   Pre Evacuate Collection Set: 0.0ms
[2022-03-31T13:47:38.693-0400][gc,phases     ] GC(15)   Evacuate Collection Set: 4.7ms
[2022-03-31T13:47:38.693-0400][gc,phases     ] GC(15)   Post Evacuate Collection Set: 0.4ms
[2022-03-31T13:47:38.693-0400][gc,phases     ] GC(15)   Other: 0.8ms
[2022-03-31T13:47:38.693-0400][gc,heap       ] GC(15) Eden regions: 62->0(66)
[2022-03-31T13:47:38.693-0400][gc,heap       ] GC(15) Survivor regions: 2->2(8)
[2022-03-31T13:47:38.693-0400][gc,heap       ] GC(15) Old regions: 15->15
[2022-03-31T13:47:38.693-0400][gc,heap       ] GC(15) Humongous regions: 129->129
[2022-03-31T13:47:38.693-0400][gc,metaspace  ] GC(15) Metaspace: 52060K->52060K(1095680K)
[2022-03-31T13:47:38.693-0400][gc            ] GC(15) Pause Young (Normal) (G1 Evacuation Pause) 207M->145M(1024M) 6.085ms
[2022-03-31T13:47:38.693-0400][gc,cpu        ] GC(15) User=0.02s Sys=0.01s Real=0.01s
[2022-03-31T13:49:44.837-0400][gc,start      ] GC(16) Pause Young (Normal) (G1 Evacuation Pause)
[2022-03-31T13:49:44.838-0400][gc,task       ] GC(16) Using 8 workers of 8 for evacuation
[2022-03-31T13:49:44.845-0400][gc,phases     ] GC(16)   Pre Evacuate Collection Set: 0.0ms
[2022-03-31T13:49:44.845-0400][gc,phases     ] GC(16)   Evacuate Collection Set: 5.0ms
[2022-03-31T13:49:44.845-0400][gc,phases     ] GC(16)   Post Evacuate Collection Set: 1.4ms
[2022-03-31T13:49:44.845-0400][gc,phases     ] GC(16)   Other: 1.2ms
[2022-03-31T13:49:44.845-0400][gc,heap       ] GC(16) Eden regions: 66->0(70)
[2022-03-31T13:49:44.845-0400][gc,heap       ] GC(16) Survivor regions: 2->2(9)
[2022-03-31T13:49:44.845-0400][gc,heap       ] GC(16) Old regions: 15->15
[2022-03-31T13:49:44.845-0400][gc,heap       ] GC(16) Humongous regions: 129->129
[2022-03-31T13:49:44.845-0400][gc,metaspace  ] GC(16) Metaspace: 52187K->52187K(1095680K)
[2022-03-31T13:49:44.845-0400][gc            ] GC(16) Pause Young (Normal) (G1 Evacuation Pause) 211M->145M(1024M) 7.883ms
[2022-03-31T13:49:44.845-0400][gc,cpu        ] GC(16) User=0.02s Sys=0.00s Real=0.01s
[2022-03-31T13:51:56.541-0400][gc,start      ] GC(17) Pause Young (Normal) (G1 Evacuation Pause)
[2022-03-31T13:51:56.542-0400][gc,task       ] GC(17) Using 8 workers of 8 for evacuation
[2022-03-31T13:51:56.549-0400][gc,phases     ] GC(17)   Pre Evacuate Collection Set: 0.9ms
[2022-03-31T13:51:56.549-0400][gc,phases     ] GC(17)   Evacuate Collection Set: 6.1ms
[2022-03-31T13:51:56.549-0400][gc,phases     ] GC(17)   Post Evacuate Collection Set: 0.6ms
[2022-03-31T13:51:56.550-0400][gc,phases     ] GC(17)   Other: 1.4ms
[2022-03-31T13:51:56.550-0400][gc,heap       ] GC(17) Eden regions: 70->0(74)
[2022-03-31T13:51:56.550-0400][gc,heap       ] GC(17) Survivor regions: 2->3(9)
[2022-03-31T13:51:56.550-0400][gc,heap       ] GC(17) Old regions: 15->15
[2022-03-31T13:51:56.550-0400][gc,heap       ] GC(17) Humongous regions: 129->129
[2022-03-31T13:51:56.550-0400][gc,metaspace  ] GC(17) Metaspace: 52377K->52377K(1095680K)
[2022-03-31T13:51:56.550-0400][gc            ] GC(17) Pause Young (Normal) (G1 Evacuation Pause) 215M->146M(1024M) 9.093ms
[2022-03-31T13:51:56.550-0400][gc,cpu        ] GC(17) User=0.02s Sys=0.02s Real=0.01s
[2022-03-31T13:54:16.057-0400][gc,start      ] GC(18) Pause Young (Normal) (G1 Evacuation Pause)
[2022-03-31T13:54:16.058-0400][gc,task       ] GC(18) Using 8 workers of 8 for evacuation
[2022-03-31T13:54:16.064-0400][gc,phases     ] GC(18)   Pre Evacuate Collection Set: 0.0ms
[2022-03-31T13:54:16.065-0400][gc,phases     ] GC(18)   Evacuate Collection Set: 5.9ms
[2022-03-31T13:54:16.065-0400][gc,phases     ] GC(18)   Post Evacuate Collection Set: 0.7ms
[2022-03-31T13:54:16.065-0400][gc,phases     ] GC(18)   Other: 1.2ms
[2022-03-31T13:54:16.065-0400][gc,heap       ] GC(18) Eden regions: 74->0(79)
[2022-03-31T13:54:16.065-0400][gc,heap       ] GC(18) Survivor regions: 3->4(10)
[2022-03-31T13:54:16.065-0400][gc,heap       ] GC(18) Old regions: 15->15
[2022-03-31T13:54:16.065-0400][gc,heap       ] GC(18) Humongous regions: 129->129
[2022-03-31T13:54:16.065-0400][gc,metaspace  ] GC(18) Metaspace: 52467K->52467K(1095680K)
[2022-03-31T13:54:16.065-0400][gc            ] GC(18) Pause Young (Normal) (G1 Evacuation Pause) 220M->147M(1024M) 7.984ms
[2022-03-31T13:54:16.065-0400][gc,cpu        ] GC(18) User=0.04s Sys=0.00s Real=0.01s
[2022-03-31T13:56:46.105-0400][gc,start      ] GC(19) Pause Young (Normal) (G1 Evacuation Pause)
[2022-03-31T13:56:46.105-0400][gc,task       ] GC(19) Using 8 workers of 8 for evacuation
[2022-03-31T13:56:46.110-0400][gc,phases     ] GC(19)   Pre Evacuate Collection Set: 0.0ms
[2022-03-31T13:56:46.110-0400][gc,phases     ] GC(19)   Evacuate Collection Set: 3.9ms
[2022-03-31T13:56:46.110-0400][gc,phases     ] GC(19)   Post Evacuate Collection Set: 0.5ms
[2022-03-31T13:56:46.110-0400][gc,phases     ] GC(19)   Other: 0.6ms
[2022-03-31T13:56:46.110-0400][gc,heap       ] GC(19) Eden regions: 79->0(610)
[2022-03-31T13:56:46.110-0400][gc,heap       ] GC(19) Survivor regions: 4->4(11)
[2022-03-31T13:56:46.110-0400][gc,heap       ] GC(19) Old regions: 15->15
[2022-03-31T13:56:46.110-0400][gc,heap       ] GC(19) Humongous regions: 129->129
[2022-03-31T13:56:46.110-0400][gc,metaspace  ] GC(19) Metaspace: 52546K->52546K(1097728K)
[2022-03-31T13:56:46.110-0400][gc            ] GC(19) Pause Young (Normal) (G1 Evacuation Pause) 226M->147M(1024M) 5.197ms
[2022-03-31T13:56:46.110-0400][gc,cpu        ] GC(19) User=0.03s Sys=0.00s Real=0.01s
[2022-03-31T14:16:44.392-0400][gc,start      ] GC(20) Pause Young (Normal) (G1 Evacuation Pause)
[2022-03-31T14:16:44.393-0400][gc,task       ] GC(20) Using 8 workers of 8 for evacuation
[2022-03-31T14:16:44.428-0400][gc,mmu        ] GC(20) MMU target violated: 21.0ms (20.0ms/21.0ms)
[2022-03-31T14:16:44.428-0400][gc,phases     ] GC(20)   Pre Evacuate Collection Set: 0.6ms
[2022-03-31T14:16:44.428-0400][gc,phases     ] GC(20)   Evacuate Collection Set: 30.4ms
[2022-03-31T14:16:44.428-0400][gc,phases     ] GC(20)   Post Evacuate Collection Set: 2.9ms
[2022-03-31T14:16:44.428-0400][gc,phases     ] GC(20)   Other: 2.2ms
[2022-03-31T14:16:44.428-0400][gc,heap       ] GC(20) Eden regions: 610->0(322)
[2022-03-31T14:16:44.428-0400][gc,heap       ] GC(20) Survivor regions: 4->5(77)
[2022-03-31T14:16:44.428-0400][gc,heap       ] GC(20) Old regions: 15->15
[2022-03-31T14:16:44.428-0400][gc,heap       ] GC(20) Humongous regions: 129->129
[2022-03-31T14:16:44.428-0400][gc,metaspace  ] GC(20) Metaspace: 52693K->52693K(1097728K)
[2022-03-31T14:16:44.428-0400][gc            ] GC(20) Pause Young (Normal) (G1 Evacuation Pause) 757M->148M(1024M) 36.144ms
[2022-03-31T14:16:44.428-0400][gc,cpu        ] GC(20) User=0.09s Sys=0.10s Real=0.03s
[2022-03-31T14:24:53.881-0400][gc,start      ] GC(21) Pause Young (Normal) (G1 Evacuation Pause)
[2022-03-31T14:24:53.882-0400][gc,task       ] GC(21) Using 8 workers of 8 for evacuation
[2022-03-31T14:24:53.899-0400][gc,phases     ] GC(21)   Pre Evacuate Collection Set: 0.4ms
[2022-03-31T14:24:53.899-0400][gc,phases     ] GC(21)   Evacuate Collection Set: 14.5ms
[2022-03-31T14:24:53.899-0400][gc,phases     ] GC(21)   Post Evacuate Collection Set: 1.7ms
[2022-03-31T14:24:53.899-0400][gc,phases     ] GC(21)   Other: 1.2ms
[2022-03-31T14:24:53.899-0400][gc,heap       ] GC(21) Eden regions: 216->0(241)
[2022-03-31T14:24:53.899-0400][gc,heap       ] GC(21) Survivor regions: 5->6(28)
[2022-03-31T14:24:53.899-0400][gc,heap       ] GC(21) Old regions: 15->15
[2022-03-31T14:24:53.899-0400][gc,heap       ] GC(21) Humongous regions: 129->129
[2022-03-31T14:24:53.899-0400][gc,metaspace  ] GC(21) Metaspace: 53201K->53201K(1097728K)
[2022-03-31T14:24:53.899-0400][gc            ] GC(21) Pause Young (Normal) (G1 Evacuation Pause) 364M->149M(1024M) 18.049ms
[2022-03-31T14:24:53.899-0400][gc,cpu        ] GC(21) User=0.05s Sys=0.04s Real=0.01s
[2022-03-31T14:24:58.078-0400][gc,heap,exit  ] Heap
[2022-03-31T14:24:58.078-0400][gc,heap,exit  ]  garbage-first heap   total 1048576K, used 158776K [0x00000007c0000000, 0x0000000800000000)
[2022-03-31T14:24:58.078-0400][gc,heap,exit  ]   region size 1024K, 13 young (13312K), 6 survivors (6144K)
[2022-03-31T14:24:58.078-0400][gc,heap,exit  ]  Metaspace       used 53601K, capacity 56538K, committed 56704K, reserved 1097728K
[2022-03-31T14:24:58.078-0400][gc,heap,exit  ]   class space    used 7031K, capacity 8469K, committed 8576K, reserved 1048576K
