[2022-03-31T13:19:53.914-0400][gc,heap] Heap region size: 1M
[2022-03-31T13:19:53.920-0400][gc     ] Using G1
[2022-03-31T13:19:53.920-0400][gc,heap,coops] Heap address: 0x00000007e0000000, size: 512 MB, Compressed Oops mode: Zero based, Oop shift amount: 3
[2022-03-31T13:19:54.976-0400][gc,start     ] GC(0) Pause Young (Normal) (G1 Evacuation Pause)
[2022-03-31T13:19:54.977-0400][gc,task      ] GC(0) Using 8 workers of 8 for evacuation
[2022-03-31T13:19:54.986-0400][gc,phases    ] GC(0)   Pre Evacuate Collection Set: 0.0ms
[2022-03-31T13:19:54.986-0400][gc,phases    ] GC(0)   Evacuate Collection Set: 8.4ms
[2022-03-31T13:19:54.986-0400][gc,phases    ] GC(0)   Post Evacuate Collection Set: 0.5ms
[2022-03-31T13:19:54.986-0400][gc,phases    ] GC(0)   Other: 0.9ms
[2022-03-31T13:19:54.986-0400][gc,heap      ] GC(0) Eden regions: 25->0(21)
[2022-03-31T13:19:54.986-0400][gc,heap      ] GC(0) Survivor regions: 0->4(4)
[2022-03-31T13:19:54.986-0400][gc,heap      ] GC(0) Old regions: 0->4
[2022-03-31T13:19:54.986-0400][gc,heap      ] GC(0) Humongous regions: 0->0
[2022-03-31T13:19:54.986-0400][gc,metaspace ] GC(0) Metaspace: 15072K->15072K(1062912K)
[2022-03-31T13:19:54.986-0400][gc           ] GC(0) Pause Young (Normal) (G1 Evacuation Pause) 25M->7M(512M) 9.868ms
[2022-03-31T13:19:54.986-0400][gc,cpu       ] GC(0) User=0.04s Sys=0.01s Real=0.01s
[2022-03-31T14:24:58.047-0400][gc,heap,exit ] Heap
[2022-03-31T14:24:58.048-0400][gc,heap,exit ]  garbage-first heap   total 524288K, used 23678K [0x00000007e0000000, 0x0000000800000000)
[2022-03-31T14:24:58.049-0400][gc,heap,exit ]   region size 1024K, 21 young (21504K), 4 survivors (4096K)
[2022-03-31T14:24:58.049-0400][gc,heap,exit ]  Metaspace       used 16996K, capacity 17348K, committed 17664K, reserved 1064960K
[2022-03-31T14:24:58.049-0400][gc,heap,exit ]   class space    used 1642K, capacity 1784K, committed 1792K, reserved 1048576K
