[2022-03-31T14:25:25.364-0400][gc,heap] Heap region size: 1M
[2022-03-31T14:25:25.371-0400][gc     ] Using G1
[2022-03-31T14:25:25.371-0400][gc,heap,coops] Heap address: 0x00000007e0000000, size: 512 MB, Compressed Oops mode: Zero based, Oop shift amount: 3
[2022-03-31T14:25:26.267-0400][gc,start     ] GC(0) Pause Young (Normal) (G1 Evacuation Pause)
[2022-03-31T14:25:26.268-0400][gc,task      ] GC(0) Using 8 workers of 8 for evacuation
[2022-03-31T14:25:26.277-0400][gc,phases    ] GC(0)   Pre Evacuate Collection Set: 0.0ms
[2022-03-31T14:25:26.277-0400][gc,phases    ] GC(0)   Evacuate Collection Set: 8.8ms
[2022-03-31T14:25:26.277-0400][gc,phases    ] GC(0)   Post Evacuate Collection Set: 0.4ms
[2022-03-31T14:25:26.277-0400][gc,phases    ] GC(0)   Other: 1.3ms
[2022-03-31T14:25:26.277-0400][gc,heap      ] GC(0) Eden regions: 25->0(21)
[2022-03-31T14:25:26.277-0400][gc,heap      ] GC(0) Survivor regions: 0->4(4)
[2022-03-31T14:25:26.277-0400][gc,heap      ] GC(0) Old regions: 0->4
[2022-03-31T14:25:26.277-0400][gc,heap      ] GC(0) Humongous regions: 0->0
[2022-03-31T14:25:26.277-0400][gc,metaspace ] GC(0) Metaspace: 15123K->15123K(1062912K)
[2022-03-31T14:25:26.277-0400][gc           ] GC(0) Pause Young (Normal) (G1 Evacuation Pause) 25M->7M(512M) 10.726ms
[2022-03-31T14:25:26.277-0400][gc,cpu       ] GC(0) User=0.03s Sys=0.00s Real=0.01s
[2022-04-01T00:00:14.206-0400][gc,start     ] GC(1) Pause Young (Normal) (G1 Evacuation Pause)
[2022-04-01T00:00:14.952-0400][gc,task      ] GC(1) Using 8 workers of 8 for evacuation
[2022-04-01T00:00:15.176-0400][gc,mmu       ] GC(1) MMU target violated: 21.0ms (20.0ms/21.0ms)
[2022-04-01T00:00:15.176-0400][gc,phases    ] GC(1)   Pre Evacuate Collection Set: 9.0ms
[2022-04-01T00:00:15.176-0400][gc,phases    ] GC(1)   Evacuate Collection Set: 165.2ms
[2022-04-01T00:00:15.176-0400][gc,phases    ] GC(1)   Post Evacuate Collection Set: 0.8ms
[2022-04-01T00:00:15.176-0400][gc,phases    ] GC(1)   Other: 795.1ms
[2022-04-01T00:00:15.176-0400][gc,heap      ] GC(1) Eden regions: 21->0(24)
[2022-04-01T00:00:15.176-0400][gc,heap      ] GC(1) Survivor regions: 4->1(4)
[2022-04-01T00:00:15.176-0400][gc,heap      ] GC(1) Old regions: 4->8
[2022-04-01T00:00:15.176-0400][gc,heap      ] GC(1) Humongous regions: 0->0
[2022-04-01T00:00:15.176-0400][gc,metaspace ] GC(1) Metaspace: 16972K->16972K(1064960K)
[2022-04-01T00:00:15.176-0400][gc           ] GC(1) Pause Young (Normal) (G1 Evacuation Pause) 28M->7M(512M) 970.370ms
[2022-04-01T00:00:15.176-0400][gc,cpu       ] GC(1) User=0.04s Sys=0.06s Real=0.97s
[2022-04-01T11:29:50.656-0400][gc,heap,exit ] Heap
[2022-04-01T11:29:50.657-0400][gc,heap,exit ]  garbage-first heap   total 524288K, used 18416K [0x00000007e0000000, 0x0000000800000000)
[2022-04-01T11:29:50.657-0400][gc,heap,exit ]   region size 1024K, 12 young (12288K), 1 survivors (1024K)
[2022-04-01T11:29:50.657-0400][gc,heap,exit ]  Metaspace       used 16984K, capacity 17347K, committed 17664K, reserved 1064960K
[2022-04-01T11:29:50.657-0400][gc,heap,exit ]   class space    used 1641K, capacity 1784K, committed 1792K, reserved 1048576K
