[2022-04-01T12:22:11.488-0400][gc,heap] Heap region size: 1M
[2022-04-01T12:22:11.494-0400][gc     ] Using G1
[2022-04-01T12:22:11.495-0400][gc,heap,coops] Heap address: 0x00000007e0000000, size: 512 MB, Compressed Oops mode: Zero based, Oop shift amount: 3
[2022-04-01T12:22:12.340-0400][gc,start     ] GC(0) Pause Young (Normal) (G1 Evacuation Pause)
[2022-04-01T12:22:12.341-0400][gc,task      ] GC(0) Using 8 workers of 8 for evacuation
[2022-04-01T12:22:12.351-0400][gc,phases    ] GC(0)   Pre Evacuate Collection Set: 0.0ms
[2022-04-01T12:22:12.351-0400][gc,phases    ] GC(0)   Evacuate Collection Set: 9.0ms
[2022-04-01T12:22:12.351-0400][gc,phases    ] GC(0)   Post Evacuate Collection Set: 0.4ms
[2022-04-01T12:22:12.351-0400][gc,phases    ] GC(0)   Other: 1.4ms
[2022-04-01T12:22:12.351-0400][gc,heap      ] GC(0) Eden regions: 25->0(21)
[2022-04-01T12:22:12.351-0400][gc,heap      ] GC(0) Survivor regions: 0->4(4)
[2022-04-01T12:22:12.351-0400][gc,heap      ] GC(0) Old regions: 0->4
[2022-04-01T12:22:12.351-0400][gc,heap      ] GC(0) Humongous regions: 0->0
[2022-04-01T12:22:12.351-0400][gc,metaspace ] GC(0) Metaspace: 15141K->15141K(1062912K)
[2022-04-01T12:22:12.351-0400][gc           ] GC(0) Pause Young (Normal) (G1 Evacuation Pause) 25M->7M(512M) 11.092ms
[2022-04-01T12:22:12.351-0400][gc,cpu       ] GC(0) User=0.04s Sys=0.02s Real=0.01s
[2022-04-01T16:59:14.211-0400][gc,heap,exit ] Heap
[2022-04-01T16:59:14.211-0400][gc,heap,exit ]  garbage-first heap   total 524288K, used 26035K [0x00000007e0000000, 0x0000000800000000)
[2022-04-01T16:59:14.211-0400][gc,heap,exit ]   region size 1024K, 24 young (24576K), 4 survivors (4096K)
[2022-04-01T16:59:14.211-0400][gc,heap,exit ]  Metaspace       used 17053K, capacity 17415K, committed 17664K, reserved 1064960K
[2022-04-01T16:59:14.211-0400][gc,heap,exit ]   class space    used 1650K, capacity 1784K, committed 1792K, reserved 1048576K
